Archive member included because of file (symbol)

c:/program files (x86)/atollic/truestudio for arm 5.4.0/armtools/bin/../lib/gcc/arm-atollic-eabi/4.8.3/../../../../arm-atollic-eabi/lib/armv7e-m/fpu\libc.a(lib_a-init.o)
                              Application\TrueSTUDIO\startup_stm32f303xe.o (__libc_init_array)
c:/program files (x86)/atollic/truestudio for arm 5.4.0/armtools/bin/../lib/gcc/arm-atollic-eabi/4.8.3/../../../../arm-atollic-eabi/lib/armv7e-m/fpu\libc.a(lib_a-memset.o)
                              Drivers\STM32F3xx_HAL_Driver\stm32f3xx_hal_rcc.o (memset)
c:/program files (x86)/atollic/truestudio for arm 5.4.0/armtools/bin/../lib/gcc/arm-atollic-eabi/4.8.3/../../../../arm-atollic-eabi/lib/armv7e-m/fpu\libc.a(lib_a-sprintf.o)
                              Application\User\main.o (sprintf)
c:/program files (x86)/atollic/truestudio for arm 5.4.0/armtools/bin/../lib/gcc/arm-atollic-eabi/4.8.3/../../../../arm-atollic-eabi/lib/armv7e-m/fpu\libc.a(lib_a-strcpy.o)
                              Application\User\main.o (strcpy)
c:/program files (x86)/atollic/truestudio for arm 5.4.0/armtools/bin/../lib/gcc/arm-atollic-eabi/4.8.3/../../../../arm-atollic-eabi/lib/armv7e-m/fpu\libc.a(lib_a-strlen.o)
                              Application\User\main.o (strlen)
c:/program files (x86)/atollic/truestudio for arm 5.4.0/armtools/bin/../lib/gcc/arm-atollic-eabi/4.8.3/../../../../arm-atollic-eabi/lib/armv7e-m/fpu\libc.a(lib_a-svfprintf.o)
                              c:/program files (x86)/atollic/truestudio for arm 5.4.0/armtools/bin/../lib/gcc/arm-atollic-eabi/4.8.3/../../../../arm-atollic-eabi/lib/armv7e-m/fpu\libc.a(lib_a-sprintf.o) (_svfprintf_r)
c:/program files (x86)/atollic/truestudio for arm 5.4.0/armtools/bin/../lib/gcc/arm-atollic-eabi/4.8.3/../../../../arm-atollic-eabi/lib/armv7e-m/fpu\libc.a(lib_a-dtoa.o)
                              c:/program files (x86)/atollic/truestudio for arm 5.4.0/armtools/bin/../lib/gcc/arm-atollic-eabi/4.8.3/../../../../arm-atollic-eabi/lib/armv7e-m/fpu\libc.a(lib_a-svfprintf.o) (_dtoa_r)
c:/program files (x86)/atollic/truestudio for arm 5.4.0/armtools/bin/../lib/gcc/arm-atollic-eabi/4.8.3/../../../../arm-atollic-eabi/lib/armv7e-m/fpu\libc.a(lib_a-impure.o)
                              c:/program files (x86)/atollic/truestudio for arm 5.4.0/armtools/bin/../lib/gcc/arm-atollic-eabi/4.8.3/../../../../arm-atollic-eabi/lib/armv7e-m/fpu\libc.a(lib_a-sprintf.o) (_impure_ptr)
c:/program files (x86)/atollic/truestudio for arm 5.4.0/armtools/bin/../lib/gcc/arm-atollic-eabi/4.8.3/../../../../arm-atollic-eabi/lib/armv7e-m/fpu\libc.a(lib_a-locale.o)
                              c:/program files (x86)/atollic/truestudio for arm 5.4.0/armtools/bin/../lib/gcc/arm-atollic-eabi/4.8.3/../../../../arm-atollic-eabi/lib/armv7e-m/fpu\libc.a(lib_a-svfprintf.o) (_localeconv_r)
c:/program files (x86)/atollic/truestudio for arm 5.4.0/armtools/bin/../lib/gcc/arm-atollic-eabi/4.8.3/../../../../arm-atollic-eabi/lib/armv7e-m/fpu\libc.a(lib_a-malloc.o)
                              c:/program files (x86)/atollic/truestudio for arm 5.4.0/armtools/bin/../lib/gcc/arm-atollic-eabi/4.8.3/../../../../arm-atollic-eabi/lib/armv7e-m/fpu\libc.a(lib_a-dtoa.o) (malloc)
c:/program files (x86)/atollic/truestudio for arm 5.4.0/armtools/bin/../lib/gcc/arm-atollic-eabi/4.8.3/../../../../arm-atollic-eabi/lib/armv7e-m/fpu\libc.a(lib_a-mallocr.o)
                              c:/program files (x86)/atollic/truestudio for arm 5.4.0/armtools/bin/../lib/gcc/arm-atollic-eabi/4.8.3/../../../../arm-atollic-eabi/lib/armv7e-m/fpu\libc.a(lib_a-svfprintf.o) (_malloc_r)
c:/program files (x86)/atollic/truestudio for arm 5.4.0/armtools/bin/../lib/gcc/arm-atollic-eabi/4.8.3/../../../../arm-atollic-eabi/lib/armv7e-m/fpu\libc.a(lib_a-memchr-stub.o)
                              c:/program files (x86)/atollic/truestudio for arm 5.4.0/armtools/bin/../lib/gcc/arm-atollic-eabi/4.8.3/../../../../arm-atollic-eabi/lib/armv7e-m/fpu\libc.a(lib_a-svfprintf.o) (memchr)
c:/program files (x86)/atollic/truestudio for arm 5.4.0/armtools/bin/../lib/gcc/arm-atollic-eabi/4.8.3/../../../../arm-atollic-eabi/lib/armv7e-m/fpu\libc.a(lib_a-memcpy-stub.o)
                              c:/program files (x86)/atollic/truestudio for arm 5.4.0/armtools/bin/../lib/gcc/arm-atollic-eabi/4.8.3/../../../../arm-atollic-eabi/lib/armv7e-m/fpu\libc.a(lib_a-dtoa.o) (memcpy)
c:/program files (x86)/atollic/truestudio for arm 5.4.0/armtools/bin/../lib/gcc/arm-atollic-eabi/4.8.3/../../../../arm-atollic-eabi/lib/armv7e-m/fpu\libc.a(lib_a-mlock.o)
                              c:/program files (x86)/atollic/truestudio for arm 5.4.0/armtools/bin/../lib/gcc/arm-atollic-eabi/4.8.3/../../../../arm-atollic-eabi/lib/armv7e-m/fpu\libc.a(lib_a-mallocr.o) (__malloc_lock)
c:/program files (x86)/atollic/truestudio for arm 5.4.0/armtools/bin/../lib/gcc/arm-atollic-eabi/4.8.3/../../../../arm-atollic-eabi/lib/armv7e-m/fpu\libc.a(lib_a-mprec.o)
[...]
Memory Configuration

Name             Origin             Length             Attributes
FLASH            0x08000000         0x00080000         xr
RAM              0x20000000         0x00010000         xrw
CCMRAM           0x10000000         0x00004000         rw
*default*        0x00000000         0xffffffff

Linker script and memory map

LOAD c:/program files (x86)/atollic/truestudio for arm 5.4.0/armtools/bin/../lib/gcc/arm-atollic-eabi/4.8.3/armv7e-m/fpu/crti.o
LOAD c:/program files (x86)/atollic/truestudio for arm 5.4.0/armtools/bin/../lib/gcc/arm-atollic-eabi/4.8.3/armv7e-m/fpu/crtbegin.o
LOAD Drivers\STM32F3xx_HAL_Driver\stm32f3xx_hal_uart_ex.o
LOAD Drivers\STM32F3xx_HAL_Driver\stm32f3xx_hal_uart.o
LOAD Drivers\STM32F3xx_HAL_Driver\stm32f3xx_hal_rcc_ex.o
LOAD Drivers\STM32F3xx_HAL_Driver\stm32f3xx_hal_rcc.o
LOAD Drivers\STM32F3xx_HAL_Driver\stm32f3xx_hal_pwr_ex.o
LOAD Drivers\STM32F3xx_HAL_Driver\stm32f3xx_hal_pwr.o
LOAD Drivers\STM32F3xx_HAL_Driver\stm32f3xx_hal_gpio.o
LOAD Drivers\STM32F3xx_HAL_Driver\stm32f3xx_hal_flash_ex.o
LOAD Drivers\STM32F3xx_HAL_Driver\stm32f3xx_hal_flash.o
LOAD Drivers\STM32F3xx_HAL_Driver\stm32f3xx_hal_dma.o
LOAD Drivers\STM32F3xx_HAL_Driver\stm32f3xx_hal_cortex.o
LOAD Drivers\STM32F3xx_HAL_Driver\stm32f3xx_hal.o
LOAD Drivers\CMSIS\system_stm32f3xx.o
LOAD Application\User\stm32f3xx_it.o
LOAD Application\User\stm32f3xx_hal_msp.o
LOAD Application\User\main.o
LOAD Application\User\fingerprint.o
LOAD Application\TrueSTUDIO\startup_stm32f303xe.o
START GROUP
LOAD c:/program files (x86)/atollic/truestudio for arm 5.4.0/armtools/bin/../lib/gcc/arm-atollic-eabi/4.8.3/../../../../arm-atollic-eabi/lib/armv7e-m/fpu\libc.a
LOAD c:/program files (x86)/atollic/truestudio for arm 5.4.0/armtools/bin/../lib/gcc/arm-atollic-eabi/4.8.3/../../../../arm-atollic-eabi/lib/armv7e-m/fpu\libm.a
END GROUP
                0x00001000                malloc_getpagesize_P = 0x1000
START GROUP
LOAD c:/program files (x86)/atollic/truestudio for arm 5.4.0/armtools/bin/../lib/gcc/arm-atollic-eabi/4.8.3/armv7e-m/fpu\libgcc.a
LOAD c:/program files (x86)/atollic/truestudio for arm 5.4.0/armtools/bin/../lib/gcc/arm-atollic-eabi/4.8.3/../../../../arm-atollic-eabi/lib/armv7e-m/fpu\libc.a
END GROUP
LOAD c:/program files (x86)/atollic/truestudio for arm 5.4.0/armtools/bin/../lib/gcc/arm-atollic-eabi/4.8.3/armv7e-m/fpu/crtend.o
LOAD c:/program files (x86)/atollic/truestudio for arm 5.4.0/armtools/bin/../lib/gcc/arm-atollic-eabi/4.8.3/armv7e-m/fpu/crtn.o
                0x20010000                _estack = 0x20010000
                0x00000000                _Min_Heap_Size = 0x0
                0x00000400                _Min_Stack_Size = 0x400

.isr_vector     0x08000000      0x194
                0x08000000                . = ALIGN (0x4)
 *(.isr_vector)
 .isr_vector    0x08000000      0x194 Application\TrueSTUDIO\startup_stm32f303xe.o
                0x08000000                g_pfnVectors
                0x08000194                . = ALIGN (0x4)

.text           0x08000198     0x66dc
                0x08000198                . = ALIGN (0x4)
 *(.text)
 .text          0x08000198       0x40 c:/program files (x86)/atollic/truestudio for arm 5.4.0/armtools/bin/../lib/gcc/arm-atollic-eabi/4.8.3/armv7e-m/fpu/crtbegin.o
 .text          0x080001d8      0x370 c:/program files (x86)/atollic/truestudio for arm 5.4.0/armtools/bin/../lib/gcc/arm-atollic-eabi/4.8.3/armv7e-m/fpu\libgcc.a(_arm_addsubdf3.o)
                0x080001d8                __aeabi_drsub
                0x080001e0                __aeabi_dsub
                0x080001e0                __subdf3
                0x080001e4                __aeabi_dadd
                0x080001e4                __adddf3
                0x0800045c                __floatunsidf
                0x0800045c                __aeabi_ui2d
                0x0800047c                __floatsidf
                0x0800047c                __aeabi_i2d
                0x080004a0                __aeabi_f2d
                0x080004a0                __extendsfdf2
                0x080004dc                __floatundidf
                0x080004dc                __aeabi_ul2d
                0x080004ec                __floatdidf
                0x080004ec                __aeabi_l2d
 .text          0x08000548      0x424 c:/program files (x86)/atollic/truestudio for arm 5.4.0/armtools/bin/../lib/gcc/arm-atollic-eabi/4.8.3/armv7e-m/fpu\libgcc.a(_arm_muldivdf3.o)
                0x08000548                __aeabi_dmul
                0x08000548                __muldf3
                0x0800079c                __divdf3
                0x0800079c                __aeabi_ddiv
 .text          0x0800096c      0x110 c:/program files (x86)/atollic/truestudio for arm 5.4.0/armtools/bin/../lib/gcc/arm-atollic-eabi/4.8.3/armv7e-m/fpu\libgcc.a(_arm_cmpdf2.o)
                0x0800096c                __gtdf2
                0x0800096c                __gedf2
                0x08000974                __ltdf2
                0x08000974                __ledf2
                0x0800097c                __nedf2
                0x0800097c                __eqdf2
                0x0800097c                __cmpdf2
                0x080009f8                __aeabi_cdrcmple
                0x08000a08                __aeabi_cdcmpeq
                0x08000a08                __aeabi_cdcmple
                0x08000a18                __aeabi_dcmpeq
                0x08000a2c                __aeabi_dcmplt
                0x08000a40                __aeabi_dcmple
                0x08000a54                __aeabi_dcmpge
                0x08000a68                __aeabi_dcmpgt
 .text          0x08000a7c       0x50 c:/program files (x86)/atollic/truestudio for arm 5.4.0/armtools/bin/../lib/gcc/arm-atollic-eabi/4.8.3/armv7e-m/fpu\libgcc.a(_arm_fixdfsi.o)
                0x08000a7c                __aeabi_d2iz
                0x08000a7c                __fixdfsi
 .text          0x08000acc       0x2c c:/program files (x86)/atollic/truestudio for arm 5.4.0/armtools/bin/../lib/gcc/arm-atollic-eabi/4.8.3/armv7e-m/fpu\libgcc.a(_aeabi_uldivmod.o)
                0x08000acc                __aeabi_uldivmod
 .text          0x08000af8       0x60 c:/program files (x86)/atollic/truestudio for arm 5.4.0/armtools/bin/../lib/gcc/arm-atollic-eabi/4.8.3/armv7e-m/fpu\libgcc.a(bpabi.o)
                0x08000af8                __gnu_ldivmod_helper
                0x08000b28                __gnu_uldivmod_helper
 .text          0x08000b58        0x4 c:/program files (x86)/atollic/truestudio for arm 5.4.0/armtools/bin/../lib/gcc/arm-atollic-eabi/4.8.3/armv7e-m/fpu\libgcc.a(_dvmd_tls.o)
                0x08000b58                __aeabi_idiv0
                0x08000b58                __aeabi_ldiv0
 .text          0x08000b5c      0x298 c:/program files (x86)/atollic/truestudio for arm 5.4.0/armtools/bin/../lib/gcc/arm-atollic-eabi/4.8.3/armv7e-m/fpu\libgcc.a(_divdi3.o)
                0x08000b5c                __divdi3
 .text          0x08000df4      0x284 c:/program files (x86)/atollic/truestudio for arm 5.4.0/armtools/bin/../lib/gcc/arm-atollic-eabi/4.8.3/armv7e-m/fpu\libgcc.a(_udivdi3.o)
                0x08000df4                __udivdi3
 *(.text*)
 .text.HAL_UARTEx_WakeupCallback
                0x08001078        0x2 Drivers\STM32F3xx_HAL_Driver\stm32f3xx_hal_uart_ex.o
                0x08001078                HAL_UARTEx_WakeupCallback
 .text.HAL_UART_Transmit_IT
                0x0800107a       0x5a Drivers\STM32F3xx_HAL_Driver\stm32f3xx_hal_uart.o
                0x0800107a                HAL_UART_Transmit_IT
 .text.HAL_UART_Receive_DMA
                0x080010d4       0x84 Drivers\STM32F3xx_HAL_Driver\stm32f3xx_hal_uart.o
                0x080010d4                HAL_UART_Receive_DMA
 .text.HAL_UART_TxCpltCallback
                0x08001158        0x2 Drivers\STM32F3xx_HAL_Driver\stm32f3xx_hal_uart.o
                0x08001158                HAL_UART_TxCpltCallback
 .text.UART_DMAReceiveCplt
                0x0800115a       0x34 Drivers\STM32F3xx_HAL_Driver\stm32f3xx_hal_uart.o
 .text.HAL_UART_RxHalfCpltCallback
                0x0800118e        0x2 Drivers\STM32F3xx_HAL_Driver\stm32f3xx_hal_uart.o
                0x0800118e                HAL_UART_RxHalfCpltCallback
 .text.UART_DMARxHalfCplt
                0x08001190        0xa Drivers\STM32F3xx_HAL_Driver\stm32f3xx_hal_uart.o
 .text.HAL_UART_ErrorCallback
                0x0800119a        0x2 Drivers\STM32F3xx_HAL_Driver\stm32f3xx_hal_uart.o
                0x0800119a                HAL_UART_ErrorCallback
 .text.UART_DMAError
                0x0800119c       0x22 Drivers\STM32F3xx_HAL_Driver\stm32f3xx_hal_uart.o
 *fill*         0x080011be        0x2 
 .text.UART_SetConfig
                0x080011c0      0x1e0 Drivers\STM32F3xx_HAL_Driver\stm32f3xx_hal_uart.o
                0x080011c0                UART_SetConfig
 .text.UART_AdvFeatureConfig
                0x080013a0       0xa8 Drivers\STM32F3xx_HAL_Driver\stm32f3xx_hal_uart.o
                0x080013a0                UART_AdvFeatureConfig
 .text.UART_WaitOnFlagUntilTimeout
                0x08001448       0x8a Drivers\STM32F3xx_HAL_Driver\stm32f3xx_hal_uart.o
                0x08001448                UART_WaitOnFlagUntilTimeout
 .text.HAL_UART_Transmit
                0x080014d2       0xb8 Drivers\STM32F3xx_HAL_Driver\stm32f3xx_hal_uart.o
                0x080014d2                HAL_UART_Transmit
 .text.HAL_UART_Receive
                0x0800158a       0xe0 Drivers\STM32F3xx_HAL_Driver\stm32f3xx_hal_uart.o
                0x0800158a                HAL_UART_Receive
 .text.UART_CheckIdleState
                0x0800166a       0x50 Drivers\STM32F3xx_HAL_Driver\stm32f3xx_hal_uart.o
                0x0800166a                UART_CheckIdleState
 .text.HAL_UART_Init
                0x080016ba       0x64 Drivers\STM32F3xx_HAL_Driver\stm32f3xx_hal_uart.o
                0x080016ba                HAL_UART_Init
 .text.UART_Transmit_IT
                0x0800171e       0x5e Drivers\STM32F3xx_HAL_Driver\stm32f3xx_hal_uart.o
                0x0800171e                UART_Transmit_IT
 .text.UART_EndTransmit_IT
                0x0800177c       0x24 Drivers\STM32F3xx_HAL_Driver\stm32f3xx_hal_uart.o
                0x0800177c                UART_EndTransmit_IT
 .text.UART_Receive_IT
                0x080017a0       0x84 Drivers\STM32F3xx_HAL_Driver\stm32f3xx_hal_uart.o
                0x080017a0                UART_Receive_IT
 .text.HAL_UART_IRQHandler
                0x08001824       0xee Drivers\STM32F3xx_HAL_Driver\stm32f3xx_hal_uart.o
                0x08001824                HAL_UART_IRQHandler
 *fill*         0x08001912        0x2 
 .text.HAL_RCCEx_PeriphCLKConfig
                0x08001914      0x260 Drivers\STM32F3xx_HAL_Driver\stm32f3xx_hal_rcc_ex.o
                0x08001914                HAL_RCCEx_PeriphCLKConfig
 .text.HAL_RCC_OscConfig
                0x08001b74      0x5a4 Drivers\STM32F3xx_HAL_Driver\stm32f3xx_hal_rcc.o
                0x08001b74                HAL_RCC_OscConfig
 .text.HAL_RCC_ClockConfig
                0x08002118      0x21c Drivers\STM32F3xx_HAL_Driver\stm32f3xx_hal_rcc.o
                0x08002118                HAL_RCC_ClockConfig
 .text.HAL_RCC_GetSysClockFreq
                0x08002334       0x58 Drivers\STM32F3xx_HAL_Driver\stm32f3xx_hal_rcc.o
                0x08002334                HAL_RCC_GetSysClockFreq
 .text.HAL_RCC_GetHCLKFreq
                0x0800238c       0x34 Drivers\STM32F3xx_HAL_Driver\stm32f3xx_hal_rcc.o
                0x0800238c                HAL_RCC_GetHCLKFreq
 .text.HAL_RCC_GetPCLK1Freq
                0x080023c0       0x2c Drivers\STM32F3xx_HAL_Driver\stm32f3xx_hal_rcc.o
                0x080023c0                HAL_RCC_GetPCLK1Freq
 .text.HAL_RCC_GetPCLK2Freq
                0x080023ec       0x2c Drivers\STM32F3xx_HAL_Driver\stm32f3xx_hal_rcc.o
                0x080023ec                HAL_RCC_GetPCLK2Freq
 .text.HAL_GPIO_Init
                0x08002418      0x1bc Drivers\STM32F3xx_HAL_Driver\stm32f3xx_hal_gpio.o
                0x08002418                HAL_GPIO_Init
 .text.HAL_GPIO_TogglePin
                0x080025d4        0x8 Drivers\STM32F3xx_HAL_Driver\stm32f3xx_hal_gpio.o
                0x080025d4                HAL_GPIO_TogglePin
 .text.HAL_DMA_Init
                0x080025dc       0x4a Drivers\STM32F3xx_HAL_Driver\stm32f3xx_hal_dma.o
                0x080025dc                HAL_DMA_Init
 .text.HAL_DMA_Start_IT
                0x08002626       0x5a Drivers\STM32F3xx_HAL_Driver\stm32f3xx_hal_dma.o
                0x08002626                HAL_DMA_Start_IT
 .text.HAL_DMA_IRQHandler
                0x08002680      0x3f0 Drivers\STM32F3xx_HAL_Driver\stm32f3xx_hal_dma.o
                0x08002680                HAL_DMA_IRQHandler
 .text.HAL_NVIC_SetPriorityGrouping
                0x08002a70       0x24 Drivers\STM32F3xx_HAL_Driver\stm32f3xx_hal_cortex.o
                0x08002a70                HAL_NVIC_SetPriorityGrouping
 .text.HAL_NVIC_SetPriority
                0x08002a94       0x64 Drivers\STM32F3xx_HAL_Driver\stm32f3xx_hal_cortex.o
                0x08002a94                HAL_NVIC_SetPriority
 .text.HAL_NVIC_EnableIRQ
                0x08002af8       0x18 Drivers\STM32F3xx_HAL_Driver\stm32f3xx_hal_cortex.o
                0x08002af8                HAL_NVIC_EnableIRQ
 .text.HAL_SYSTICK_Config
                0x08002b10       0x2c Drivers\STM32F3xx_HAL_Driver\stm32f3xx_hal_cortex.o
                0x08002b10                HAL_SYSTICK_Config
 .text.HAL_SYSTICK_CLKSourceConfig
                0x08002b3c       0x18 Drivers\STM32F3xx_HAL_Driver\stm32f3xx_hal_cortex.o
                0x08002b3c                HAL_SYSTICK_CLKSourceConfig
 .text.HAL_SYSTICK_Callback
                0x08002b54        0x2 Drivers\STM32F3xx_HAL_Driver\stm32f3xx_hal_cortex.o
                0x08002b54                HAL_SYSTICK_Callback
 .text.HAL_SYSTICK_IRQHandler
                0x08002b56        0x8 Drivers\STM32F3xx_HAL_Driver\stm32f3xx_hal_cortex.o
                0x08002b56                HAL_SYSTICK_IRQHandler
 .text.HAL_InitTick
                0x08002b5e       0x24 Drivers\STM32F3xx_HAL_Driver\stm32f3xx_hal.o
                0x08002b5e                HAL_InitTick
 *fill*         0x08002b82        0x2 
 .text.HAL_Init
                0x08002b84       0x24 Drivers\STM32F3xx_HAL_Driver\stm32f3xx_hal.o
                0x08002b84                HAL_Init
 .text.HAL_IncTick
                0x08002ba8       0x10 Drivers\STM32F3xx_HAL_Driver\stm32f3xx_hal.o
                0x08002ba8                HAL_IncTick
 .text.HAL_GetTick
                0x08002bb8        0xc Drivers\STM32F3xx_HAL_Driver\stm32f3xx_hal.o
                0x08002bb8                HAL_GetTick
 .text.HAL_Delay
                0x08002bc4       0x1a Drivers\STM32F3xx_HAL_Driver\stm32f3xx_hal.o
                0x08002bc4                HAL_Delay
 *fill*         0x08002bde        0x2 
 .text.SystemInit
                0x08002be0       0x68 Drivers\CMSIS\system_stm32f3xx.o
                0x08002be0                SystemInit
 .text.SysTick_Handler
                0x08002c48        0xe Application\User\stm32f3xx_it.o
                0x08002c48                SysTick_Handler
 *fill*         0x08002c56        0x2 
 .text.DMA1_Channel6_IRQHandler
                0x08002c58        0xc Application\User\stm32f3xx_it.o
                0x08002c58                DMA1_Channel6_IRQHandler
 .text.USART2_IRQHandler
                0x08002c64        0xc Application\User\stm32f3xx_it.o
                0x08002c64                USART2_IRQHandler
 .text.HAL_MspInit
                0x08002c70       0x34 Application\User\stm32f3xx_hal_msp.o
                0x08002c70                HAL_MspInit
 .text.HAL_UART_MspInit
                0x08002ca4       0xc4 Application\User\stm32f3xx_hal_msp.o
                0x08002ca4                HAL_UART_MspInit
 .text.SystemClock_Config
                0x08002d68       0x74 Application\User\main.o
                0x08002d68                SystemClock_Config
 .text.UART_RING_BUFFER_Init
                0x08002ddc       0x44 Application\User\main.o
                0x08002ddc                UART_RING_BUFFER_Init
 .text.UART_Aviable
                0x08002e20       0x16 Application\User\main.o
                0x08002e20                UART_Aviable
 .text.UART_Read
                0x08002e36       0x24 Application\User\main.o
                0x08002e36                UART_Read
 .text.HAL_UART_RxCpltCallback
                0x08002e5a        0xa Application\User\main.o
                0x08002e5a                HAL_UART_RxCpltCallback
 .text.getFingerprintIDez
                0x08002e64      0x17c Application\User\main.o
                0x08002e64                getFingerprintIDez
 .text.getFingerprintEnroll
                0x08002fe0      0x2d0 Application\User\main.o
                0x08002fe0                getFingerprintEnroll
 .text.deleteFingerprint
                0x080032b0       0x84 Application\User\main.o
                0x080032b0                deleteFingerprint
 .text.getFingerprintTmpCount
                0x08003334       0x7c Application\User\main.o
                0x08003334                getFingerprintTmpCount
 .text.setFingerprintEmpty
                0x080033b0       0x7c Application\User\main.o
                0x080033b0                setFingerprintEmpty
 .text.startup.main
                0x0800342c      0x1e0 Application\User\main.o
                0x0800342c                main
 .text.FINGERPRINT_WritePacket
                0x0800360c       0x7c Application\User\fingerprint.o
                0x0800360c                FINGERPRINT_WritePacket
 .text.FINGERPRINT_VerifyPassword
                0x08003688       0x80 Application\User\fingerprint.o
                0x08003688                FINGERPRINT_VerifyPassword
 .text.FINGERPRINT_GetImage
                0x08003708       0x44 Application\User\fingerprint.o
                0x08003708                FINGERPRINT_GetImage
 .text.FINGERPRINT_GetChar
                0x0800374c       0x4c Application\User\fingerprint.o
                0x0800374c                FINGERPRINT_GetChar
 .text.FINGERPRINT_Search
                0x08003798       0x78 Application\User\fingerprint.o
                0x08003798                FINGERPRINT_Search
 .text.FINGERPRINT_CreateModel
                0x08003810       0x48 Application\User\fingerprint.o
                0x08003810                FINGERPRINT_CreateModel
 .text.FINGERPRINT_StoreModel
                0x08003858       0x54 Application\User\fingerprint.o
                0x08003858                FINGERPRINT_StoreModel
 .text.FINGERPRINT_DeleteModel
                0x080038ac       0x5c Application\User\fingerprint.o
                0x080038ac                FINGERPRINT_DeleteModel
 .text.FINGERPRINT_EmptyDatabase
                0x08003908       0x48 Application\User\fingerprint.o
                0x08003908                FINGERPRINT_EmptyDatabase
 .text.FINGERPRINT_GetTemplateCount
                0x08003950       0x5c Application\User\fingerprint.o
                0x08003950                FINGERPRINT_GetTemplateCount
 .text.Reset_Handler
                0x080039ac       0x5c Application\TrueSTUDIO\startup_stm32f303xe.o
                0x080039ac                Reset_Handler
 .text.Default_Handler
                0x08003a08        0x4 Application\TrueSTUDIO\startup_stm32f303xe.o
                0x08003a08                RTC_Alarm_IRQHandler
                0x08003a08                TIM8_TRG_COM_IRQHandler
                0x08003a08                TIM8_CC_IRQHandler
                0x08003a08                DebugMon_Handler
                0x08003a08                SPI4_IRQHandler
                0x08003a08                TIM1_CC_IRQHandler
                0x08003a08                HardFault_Handler
                0x08003a08                USB_HP_IRQHandler
                0x08003a08                PVD_IRQHandler
                0x08003a08                TAMP_STAMP_IRQHandler
                0x08003a08                PendSV_Handler
                0x08003a08                NMI_Handler
                0x08003a08                EXTI3_IRQHandler
                0x08003a08                I2C3_ER_IRQHandler
                0x08003a08                USB_HP_CAN_TX_IRQHandler
                0x08003a08                EXTI0_IRQHandler
                0x08003a08                I2C2_EV_IRQHandler
                0x08003a08                FPU_IRQHandler
                0x08003a08                TIM1_UP_TIM16_IRQHandler
                0x08003a08                UsageFault_Handler
                0x08003a08                ADC1_2_IRQHandler
                0x08003a08                SPI1_IRQHandler
                0x08003a08                CAN_SCE_IRQHandler
                0x08003a08                TIM6_DAC_IRQHandler
                0x08003a08                TIM8_UP_IRQHandler
                0x08003a08                DMA2_Channel2_IRQHandler
                0x08003a08                DMA1_Channel4_IRQHandler
                0x08003a08                TIM20_TRG_COM_IRQHandler
                0x08003a08                USART3_IRQHandler
                0x08003a08                DMA1_Channel7_IRQHandler
                0x08003a08                UART5_IRQHandler
                0x08003a08                ADC3_IRQHandler
                0x08003a08                TIM4_IRQHandler
                0x08003a08                CAN_RX1_IRQHandler
                0x08003a08                DMA2_Channel1_IRQHandler
                0x08003a08                I2C1_EV_IRQHandler
                0x08003a08                UART4_IRQHandler
                0x08003a08                DMA2_Channel4_IRQHandler
                0x08003a08                TIM3_IRQHandler
                0x08003a08                RCC_IRQHandler
                0x08003a08                TIM20_UP_IRQHandler
                0x08003a08                DMA1_Channel1_IRQHandler
                0x08003a08                Default_Handler
                0x08003a08                USBWakeUp_RMP_IRQHandler
                0x08003a08                EXTI15_10_IRQHandler
                0x08003a08                TIM7_IRQHandler
                0x08003a08                I2C3_EV_IRQHandler
                0x08003a08                EXTI9_5_IRQHandler
                0x08003a08                RTC_WKUP_IRQHandler
                0x08003a08                SPI2_IRQHandler
                0x08003a08                USB_LP_CAN_RX0_IRQHandler
                0x08003a08                MemManage_Handler
                0x08003a08                SVC_Handler
                0x08003a08                DMA2_Channel5_IRQHandler
                0x08003a08                DMA1_Channel5_IRQHandler
                0x08003a08                USB_LP_IRQHandler
                0x08003a08                EXTI4_IRQHandler
                0x08003a08                TIM1_TRG_COM_TIM17_IRQHandler
                0x08003a08                DMA1_Channel3_IRQHandler
                0x08003a08                ADC4_IRQHandler
                0x08003a08                WWDG_IRQHandler
                0x08003a08                TIM2_IRQHandler
                0x08003a08                COMP7_IRQHandler
                0x08003a08                COMP1_2_3_IRQHandler
                0x08003a08                EXTI1_IRQHandler
                0x08003a08                COMP4_5_6_IRQHandler
                0x08003a08                TIM20_BRK_IRQHandler
                0x08003a08                I2C2_ER_IRQHandler
                0x08003a08                DMA1_Channel2_IRQHandler
                0x08003a08                TIM8_BRK_IRQHandler
                0x08003a08                FLASH_IRQHandler
                0x08003a08                TIM20_CC_IRQHandler
                0x08003a08                BusFault_Handler
                0x08003a08                USART1_IRQHandler
                0x08003a08                SPI3_IRQHandler
                0x08003a08                I2C1_ER_IRQHandler
                0x08003a08                FMC_IRQHandler
                0x08003a08                USBWakeUp_IRQHandler
                0x08003a08                DMA2_Channel3_IRQHandler
                0x08003a08                EXTI2_TSC_IRQHandler
                0x08003a08                TIM1_BRK_TIM15_IRQHandler
 .text.__libc_init_array
                0x08003a0c       0x4c c:/program files (x86)/atollic/truestudio for arm 5.4.0/armtools/bin/../lib/gcc/arm-atollic-eabi/4.8.3/../../../../arm-atollic-eabi/lib/armv7e-m/fpu\libc.a(lib_a-init.o)
                0x08003a0c                __libc_init_array
 .text.memset   0x08003a58       0x10 c:/program files (x86)/atollic/truestudio for arm 5.4.0/armtools/bin/../lib/gcc/arm-atollic-eabi/4.8.3/../../../../arm-atollic-eabi/lib/armv7e-m/fpu\libc.a(lib_a-memset.o)
                0x08003a58                memset
 .text.sprintf  0x08003a68       0x48 c:/program files (x86)/atollic/truestudio for arm 5.4.0/armtools/bin/../lib/gcc/arm-atollic-eabi/4.8.3/../../../../arm-atollic-eabi/lib/armv7e-m/fpu\libc.a(lib_a-sprintf.o)
                0x08003a68                sprintf
 .text.strcpy   0x08003ab0       0x10 c:/program files (x86)/atollic/truestudio for arm 5.4.0/armtools/bin/../lib/gcc/arm-atollic-eabi/4.8.3/../../../../arm-atollic-eabi/lib/armv7e-m/fpu\libc.a(lib_a-strcpy.o)
                0x08003ab0                strcpy
 .text.strlen   0x08003ac0       0x10 c:/program files (x86)/atollic/truestudio for arm 5.4.0/armtools/bin/../lib/gcc/arm-atollic-eabi/4.8.3/../../../../arm-atollic-eabi/lib/armv7e-m/fpu\libc.a(lib_a-strlen.o)
                0x08003ac0                strlen
 .text._svfprintf_r
                0x08003ad0      0xf40 c:/program files (x86)/atollic/truestudio for arm 5.4.0/armtools/bin/../lib/gcc/arm-atollic-eabi/4.8.3/../../../../arm-atollic-eabi/lib/armv7e-m/fpu\libc.a(lib_a-svfprintf.o)
                0x08003ad0                _svfprintf_r
 .text.quorem   0x08004a10      0x11a c:/program files (x86)/atollic/truestudio for arm 5.4.0/armtools/bin/../lib/gcc/arm-atollic-eabi/4.8.3/../../../../arm-atollic-eabi/lib/armv7e-m/fpu\libc.a(lib_a-dtoa.o)
 *fill*         0x08004b2a        0x6 
 .text._dtoa_r  0x08004b30      0xb70 c:/program files (x86)/atollic/truestudio for arm 5.4.0/armtools/bin/../lib/gcc/arm-atollic-eabi/4.8.3/../../../../arm-atollic-eabi/lib/armv7e-m/fpu\libc.a(lib_a-dtoa.o)
                0x08004b30                _dtoa_r
 .text._localeconv_r
                0x080056a0        0x8 c:/program files (x86)/atollic/truestudio for arm 5.4.0/armtools/bin/../lib/gcc/arm-atollic-eabi/4.8.3/../../../../arm-atollic-eabi/lib/armv7e-m/fpu\libc.a(lib_a-locale.o)
                0x080056a0                _localeconv_r
 .text.malloc   0x080056a8       0x10 c:/program files (x86)/atollic/truestudio for arm 5.4.0/armtools/bin/../lib/gcc/arm-atollic-eabi/4.8.3/../../../../arm-atollic-eabi/lib/armv7e-m/fpu\libc.a(lib_a-malloc.o)
                0x080056a8                malloc
 .text._malloc_r
                0x080056b8      0x424 c:/program files (x86)/atollic/truestudio for arm 5.4.0/armtools/bin/../lib/gcc/arm-atollic-eabi/4.8.3/../../../../arm-atollic-eabi/lib/armv7e-m/fpu\libc.a(lib_a-mallocr.o)
                0x080056b8                _malloc_r
 .text.memchr   0x08005adc       0x1e c:/program files (x86)/atollic/truestudio for arm 5.4.0/armtools/bin/../lib/gcc/arm-atollic-eabi/4.8.3/../../../../arm-atollic-eabi/lib/armv7e-m/fpu\libc.a(lib_a-memchr-stub.o)
                0x08005adc                memchr
 .text.memcpy   0x08005afa       0x12 c:/program files (x86)/atollic/truestudio for arm 5.4.0/armtools/bin/../lib/gcc/arm-atollic-eabi/4.8.3/../../../../arm-atollic-eabi/lib/armv7e-m/fpu\libc.a(lib_a-memcpy-stub.o)
                0x08005afa                memcpy
 .text.__malloc_lock
                0x08005b0c        0x2 c:/program files (x86)/atollic/truestudio for arm 5.4.0/armtools/bin/../lib/gcc/arm-atollic-eabi/4.8.3/../../../../arm-atollic-eabi/lib/armv7e-m/fpu\libc.a(lib_a-mlock.o)
                0x08005b0c                __malloc_lock
 .text.__malloc_unlock
                0x08005b0e        0x2 c:/program files (x86)/atollic/truestudio for arm 5.4.0/armtools/bin/../lib/gcc/arm-atollic-eabi/4.8.3/../../../../arm-atollic-eabi/lib/armv7e-m/fpu\libc.a(lib_a-mlock.o)
                0x08005b0e                __malloc_unlock
 .text._Balloc  0x08005b10       0x6a c:/program files (x86)/atollic/truestudio for arm 5.4.0/armtools/bin/../lib/gcc/arm-atollic-eabi/4.8.3/../../../../arm-atollic-eabi/lib/armv7e-m/fpu\libc.a(lib_a-mprec.o)
                0x08005b10                _Balloc
 .text._Bfree   0x08005b7a       0x2e c:/program files (x86)/atollic/truestudio for arm 5.4.0/armtools/bin/../lib/gcc/arm-atollic-eabi/4.8.3/../../../../arm-atollic-eabi/lib/armv7e-m/fpu\libc.a(lib_a-mprec.o)
                0x08005b7a                _Bfree
 .text.__multadd
                0x08005ba8       0x74 c:/program files (x86)/atollic/truestudio for arm 5.4.0/armtools/bin/../lib/gcc/arm-atollic-eabi/4.8.3/../../../../arm-atollic-eabi/lib/armv7e-m/fpu\libc.a(lib_a-mprec.o)
                0x08005ba8                __multadd
 .text.__hi0bits
                0x08005c1c       0x40 c:/program files (x86)/atollic/truestudio for arm 5.4.0/armtools/bin/../lib/gcc/arm-atollic-eabi/4.8.3/../../../../arm-atollic-eabi/lib/armv7e-m/fpu\libc.a(lib_a-mprec.o)
                0x08005c1c                __hi0bits
 .text.__lo0bits
                0x08005c5c       0x5a c:/program files (x86)/atollic/truestudio for arm 5.4.0/armtools/bin/../lib/gcc/arm-atollic-eabi/4.8.3/../../../../arm-atollic-eabi/lib/armv7e-m/fpu\libc.a(lib_a-mprec.o)
                0x08005c5c                __lo0bits
 .text.__i2b    0x08005cb6       0x12 c:/program files (x86)/atollic/truestudio for arm 5.4.0/armtools/bin/../lib/gcc/arm-atollic-eabi/4.8.3/../../../../arm-atollic-eabi/lib/armv7e-m/fpu\libc.a(lib_a-mprec.o)
                0x08005cb6                __i2b
 .text.__multiply
                0x08005cc8      0x130 c:/program files (x86)/atollic/truestudio for arm 5.4.0/armtools/bin/../lib/gcc/arm-atollic-eabi/4.8.3/../../../../arm-atollic-eabi/lib/armv7e-m/fpu\libc.a(lib_a-mprec.o)
                0x08005cc8                __multiply
 .text.__pow5mult
                0x08005df8       0x9c c:/program files (x86)/atollic/truestudio for arm 5.4.0/armtools/bin/../lib/gcc/arm-atollic-eabi/4.8.3/../../../../arm-atollic-eabi/lib/armv7e-m/fpu\libc.a(lib_a-mprec.o)
                0x08005df8                __pow5mult
 .text.__lshift
                0x08005e94       0xa6 c:/program files (x86)/atollic/truestudio for arm 5.4.0/armtools/bin/../lib/gcc/arm-atollic-eabi/4.8.3/../../../../arm-atollic-eabi/lib/armv7e-m/fpu\libc.a(lib_a-mprec.o)
                0x08005e94                __lshift
 .text.__mcmp   0x08005f3a       0x3a c:/program files (x86)/atollic/truestudio for arm 5.4.0/armtools/bin/../lib/gcc/arm-atollic-eabi/4.8.3/../../../../arm-atollic-eabi/lib/armv7e-m/fpu\libc.a(lib_a-mprec.o)
                0x08005f3a                __mcmp
 .text.__mdiff  0x08005f74       0xbc c:/program files (x86)/atollic/truestudio for arm 5.4.0/armtools/bin/../lib/gcc/arm-atollic-eabi/4.8.3/../../../../arm-atollic-eabi/lib/armv7e-m/fpu\libc.a(lib_a-mprec.o)
                0x08005f74                __mdiff
 .text.__d2b    0x08006030       0xa0 c:/program files (x86)/atollic/truestudio for arm 5.4.0/armtools/bin/../lib/gcc/arm-atollic-eabi/4.8.3/../../../../arm-atollic-eabi/lib/armv7e-m/fpu\libc.a(lib_a-mprec.o)
                0x08006030                __d2b
 .text.__fpclassifyd
                0x080060d0       0x48 c:/program files (x86)/atollic/truestudio for arm 5.4.0/armtools/bin/../lib/gcc/arm-atollic-eabi/4.8.3/../../../../arm-atollic-eabi/lib/armv7e-m/fpu\libc.a(lib_a-s_fpclassify.o)
                0x080060d0                __fpclassifyd
 .text._sbrk_r  0x08006118       0x20 c:/program files (x86)/atollic/truestudio for arm 5.4.0/armtools/bin/../lib/gcc/arm-atollic-eabi/4.8.3/../../../../arm-atollic-eabi/lib/armv7e-m/fpu\libc.a(lib_a-sbrkr.o)
                0x08006118                _sbrk_r
 .text.__ssprint_r
                0x08006138       0xf2 c:/program files (x86)/atollic/truestudio for arm 5.4.0/armtools/bin/../lib/gcc/arm-atollic-eabi/4.8.3/../../../../arm-atollic-eabi/lib/armv7e-m/fpu\libc.a(lib_a-svfiprintf.o)
                0x08006138                __ssprint_r
 *fill*         0x0800622a        0x2 
 .text._sbrk    0x0800622c       0x34 c:/program files (x86)/atollic/truestudio for arm 5.4.0/armtools/bin/../lib/gcc/arm-atollic-eabi/4.8.3/../../../../arm-atollic-eabi/lib/armv7e-m/fpu\libc.a(lib_a-syscalls.o)
                0x0800622c                _sbrk
 .text._calloc_r
                0x08006260       0x5a c:/program files (x86)/atollic/truestudio for arm 5.4.0/armtools/bin/../lib/gcc/arm-atollic-eabi/4.8.3/../../../../arm-atollic-eabi/lib/armv7e-m/fpu\libc.a(lib_a-callocr.o)
                0x08006260                _calloc_r
 *fill*         0x080062ba        0x2 
 .text._malloc_trim_r
                0x080062bc       0xa8 c:/program files (x86)/atollic/truestudio for arm 5.4.0/armtools/bin/../lib/gcc/arm-atollic-eabi/4.8.3/../../../../arm-atollic-eabi/lib/armv7e-m/fpu\libc.a(lib_a-freer.o)
                0x080062bc                _malloc_trim_r
 .text._free_r  0x08006364      0x170 c:/program files (x86)/atollic/truestudio for arm 5.4.0/armtools/bin/../lib/gcc/arm-atollic-eabi/4.8.3/../../../../arm-atollic-eabi/lib/armv7e-m/fpu\libc.a(lib_a-freer.o)
                0x08006364                _free_r
 .text.memmove  0x080064d4       0x36 c:/program files (x86)/atollic/truestudio for arm 5.4.0/armtools/bin/../lib/gcc/arm-atollic-eabi/4.8.3/../../../../arm-atollic-eabi/lib/armv7e-m/fpu\libc.a(lib_a-memmove.o)
                0x080064d4                memmove
 *fill*         0x0800650a        0x2 
 .text._realloc_r
                0x0800650c      0x350 c:/program files (x86)/atollic/truestudio for arm 5.4.0/armtools/bin/../lib/gcc/arm-atollic-eabi/4.8.3/../../../../arm-atollic-eabi/lib/armv7e-m/fpu\libc.a(lib_a-reallocr.o)
                0x0800650c                _realloc_r
 *(.glue_7)
 .glue_7        0x00000000        0x0 linker stubs
 *(.glue_7t)
 .glue_7t       0x00000000        0x0 linker stubs
 *(.eh_frame)
 .eh_frame      0x0800685c        0x0 c:/program files (x86)/atollic/truestudio for arm 5.4.0/armtools/bin/../lib/gcc/arm-atollic-eabi/4.8.3/armv7e-m/fpu/crtbegin.o
 *(.init)
 .init          0x0800685c        0x4 c:/program files (x86)/atollic/truestudio for arm 5.4.0/armtools/bin/../lib/gcc/arm-atollic-eabi/4.8.3/armv7e-m/fpu/crti.o
                0x0800685c                _init
 .init          0x08006860        0x8 c:/program files (x86)/atollic/truestudio for arm 5.4.0/armtools/bin/../lib/gcc/arm-atollic-eabi/4.8.3/armv7e-m/fpu/crtn.o
 *(.fini)
 .fini          0x08006868        0x4 c:/program files (x86)/atollic/truestudio for arm 5.4.0/armtools/bin/../lib/gcc/arm-atollic-eabi/4.8.3/armv7e-m/fpu/crti.o
                0x08006868                _fini
 .fini          0x0800686c        0x8 c:/program files (x86)/atollic/truestudio for arm 5.4.0/armtools/bin/../lib/gcc/arm-atollic-eabi/4.8.3/armv7e-m/fpu/crtn.o
                0x08006874                . = ALIGN (0x4)
                0x08006874                _etext = .

.vfp11_veneer   0x08006874        0x0
 .vfp11_veneer  0x00000000        0x0 linker stubs

.v4_bx          0x08006874        0x0
 .v4_bx         0x00000000        0x0 linker stubs

.iplt           0x08006874        0x0
 .iplt          0x00000000        0x0 c:/program files (x86)/atollic/truestudio for arm 5.4.0/armtools/bin/../lib/gcc/arm-atollic-eabi/4.8.3/armv7e-m/fpu/crtbegin.o

.rodata         0x08006878      0x46c
                0x08006878                . = ALIGN (0x4)
 *(.rodata)
 .rodata        0x08006878        0x6 Application\User\fingerprint.o
 *(.rodata*)
 .rodata.CSWTCH.31
                0x0800687e        0x4 Drivers\STM32F3xx_HAL_Driver\stm32f3xx_hal_uart.o
 .rodata.aPredivFactorTable
                0x08006882       0x10 Drivers\STM32F3xx_HAL_Driver\stm32f3xx_hal_rcc.o
                0x08006882                aPredivFactorTable
 .rodata.aPLLMULFactorTable
                0x08006892       0x10 Drivers\STM32F3xx_HAL_Driver\stm32f3xx_hal_rcc.o
                0x08006892                aPLLMULFactorTable
 .rodata.aAPBAHBPrescTable
                0x080068a2       0x10 Drivers\STM32F3xx_HAL_Driver\stm32f3xx_hal_rcc.o
                0x080068a2                aAPBAHBPrescTable
 .rodata.str1.1
                0x080068b2      0x2b2 Application\User\main.o
 .rodata.str1.1
                0x08006b64       0x16 Application\User\fingerprint.o
 .rodata.zeroes.6768
                0x08006b7a       0x10 c:/program files (x86)/atollic/truestudio for arm 5.4.0/armtools/bin/../lib/gcc/arm-atollic-eabi/4.8.3/../../../../arm-atollic-eabi/lib/armv7e-m/fpu\libc.a(lib_a-svfprintf.o)
 .rodata.str1.1
                0x08006b8a       0x34 c:/program files (x86)/atollic/truestudio for arm 5.4.0/armtools/bin/../lib/gcc/arm-atollic-eabi/4.8.3/../../../../arm-atollic-eabi/lib/armv7e-m/fpu\libc.a(lib_a-svfprintf.o)
 .rodata.blanks.6767
                0x08006bbe       0x10 c:/program files (x86)/atollic/truestudio for arm 5.4.0/armtools/bin/../lib/gcc/arm-atollic-eabi/4.8.3/../../../../arm-atollic-eabi/lib/armv7e-m/fpu\libc.a(lib_a-svfprintf.o)
 .rodata.str1.1
                0x08006bce        0xd c:/program files (x86)/atollic/truestudio for arm 5.4.0/armtools/bin/../lib/gcc/arm-atollic-eabi/4.8.3/../../../../arm-atollic-eabi/lib/armv7e-m/fpu\libc.a(lib_a-dtoa.o)
                                  0xf (size before relaxing)
 .rodata.str1.1
                0x08006bdb        0x2 c:/program files (x86)/atollic/truestudio for arm 5.4.0/armtools/bin/../lib/gcc/arm-atollic-eabi/4.8.3/../../../../arm-atollic-eabi/lib/armv7e-m/fpu\libc.a(lib_a-impure.o)
 .rodata.str1.1
                0x08006bdd        0x6 c:/program files (x86)/atollic/truestudio for arm 5.4.0/armtools/bin/../lib/gcc/arm-atollic-eabi/4.8.3/../../../../arm-atollic-eabi/lib/armv7e-m/fpu\libc.a(lib_a-locale.o)
                                  0xb (size before relaxing)
 *fill*         0x08006be3        0x5 
 .rodata.__mprec_tens
                0x08006be8       0xc8 c:/program files (x86)/atollic/truestudio for arm 5.4.0/armtools/bin/../lib/gcc/arm-atollic-eabi/4.8.3/../../../../arm-atollic-eabi/lib/armv7e-m/fpu\libc.a(lib_a-mprec.o)
                0x08006be8                __mprec_tens
 .rodata.__mprec_bigtens
                0x08006cb0       0x28 c:/program files (x86)/atollic/truestudio for arm 5.4.0/armtools/bin/../lib/gcc/arm-atollic-eabi/4.8.3/../../../../arm-atollic-eabi/lib/armv7e-m/fpu\libc.a(lib_a-mprec.o)
                0x08006cb0                __mprec_bigtens
 .rodata.p05.5279
                0x08006cd8        0xc c:/program files (x86)/atollic/truestudio for arm 5.4.0/armtools/bin/../lib/gcc/arm-atollic-eabi/4.8.3/../../../../arm-atollic-eabi/lib/armv7e-m/fpu\libc.a(lib_a-mprec.o)
                0x08006ce4                . = ALIGN (0x4)

.ARM.extab
 *(.ARM.extab* .gnu.linkonce.armextab.*)

.ARM            0x08006ce4        0x8
                0x08006ce4                __exidx_start = .
 *(.ARM.exidx*)
 .ARM.exidx     0x08006ce4        0x8 c:/program files (x86)/atollic/truestudio for arm 5.4.0/armtools/bin/../lib/gcc/arm-atollic-eabi/4.8.3/armv7e-m/fpu\libgcc.a(_divdi3.o)
 .ARM.exidx     0x08006cec        0x0 c:/program files (x86)/atollic/truestudio for arm 5.4.0/armtools/bin/../lib/gcc/arm-atollic-eabi/4.8.3/armv7e-m/fpu\libgcc.a(_udivdi3.o)
                                  0x8 (size before relaxing)
                0x08006cec                __exidx_end = .

.rel.dyn        0x08006cec        0x0
 .rel.iplt      0x00000000        0x0 c:/program files (x86)/atollic/truestudio for arm 5.4.0/armtools/bin/../lib/gcc/arm-atollic-eabi/4.8.3/armv7e-m/fpu/crtbegin.o

.preinit_array  0x08006cec        0x0
                0x08006cec                PROVIDE (__preinit_array_start, .)
 *(.preinit_array*)
                0x08006cec                PROVIDE (__preinit_array_end, .)

.init_array     0x08006cec        0x4
                0x08006cec                PROVIDE (__init_array_start, .)
 *(SORT(.init_array.*))
 *(.init_array*)
 .init_array    0x08006cec        0x4 c:/program files (x86)/atollic/truestudio for arm 5.4.0/armtools/bin/../lib/gcc/arm-atollic-eabi/4.8.3/armv7e-m/fpu/crtbegin.o
                0x08006cf0                PROVIDE (__init_array_end, .)

.fini_array     0x08006cf0        0x4
                0x08006cf0                PROVIDE (__fini_array_start, .)
 *(SORT(.fini_array.*))
 *(.fini_array*)
 .fini_array    0x08006cf0        0x4 c:/program files (x86)/atollic/truestudio for arm 5.4.0/armtools/bin/../lib/gcc/arm-atollic-eabi/4.8.3/armv7e-m/fpu/crtbegin.o
                0x08006cf4                PROVIDE (__fini_array_end, .)
                0x08006cf4                _sidata = LOADADDR (.data)

.data           0x20000000      0x554 load address 0x08006cf4
                0x20000000                . = ALIGN (0x4)
                0x20000000                _sdata = .
 *(.data)
 *(.data*)
 .data.SystemCoreClock
                0x20000000        0x4 Drivers\CMSIS\system_stm32f3xx.o
                0x20000000                SystemCoreClock
 .data.msg      0x20000004        0x8 Application\User\main.o
                0x20000004                msg
 .data.switchType
                0x2000000c        0x1 Application\User\main.o
                0x2000000c                switchType
 *fill*         0x2000000d        0x1 
 .data.fingerEnrollId
                0x2000000e        0x2 Application\User\main.o
                0x2000000e                fingerEnrollId
 .data.msgFinger
                0x20000010        0x4 Application\User\fingerprint.o
                0x20000010                msgFinger
 .data.fingerAddress
                0x20000014        0x4 Application\User\fingerprint.o
                0x20000014                fingerAddress
 .data.impure_data
                0x20000018       0xf0 c:/program files (x86)/atollic/truestudio for arm 5.4.0/armtools/bin/../lib/gcc/arm-atollic-eabi/4.8.3/../../../../arm-atollic-eabi/lib/armv7e-m/fpu\libc.a(lib_a-impure.o)
 .data._impure_ptr
                0x20000108        0x4 c:/program files (x86)/atollic/truestudio for arm 5.4.0/armtools/bin/../lib/gcc/arm-atollic-eabi/4.8.3/../../../../arm-atollic-eabi/lib/armv7e-m/fpu\libc.a(lib_a-impure.o)
                0x20000108                _impure_ptr
 .data.lconv    0x2000010c       0x38 c:/program files (x86)/atollic/truestudio for arm 5.4.0/armtools/bin/../lib/gcc/arm-atollic-eabi/4.8.3/../../../../arm-atollic-eabi/lib/armv7e-m/fpu\libc.a(lib_a-locale.o)
 .data.__malloc_av_
                0x20000144      0x408 c:/program files (x86)/atollic/truestudio for arm 5.4.0/armtools/bin/../lib/gcc/arm-atollic-eabi/4.8.3/../../../../arm-atollic-eabi/lib/armv7e-m/fpu\libc.a(lib_a-mallocr.o)
                0x20000144                __malloc_av_
 .data.__malloc_trim_threshold
                0x2000054c        0x4 c:/program files (x86)/atollic/truestudio for arm 5.4.0/armtools/bin/../lib/gcc/arm-atollic-eabi/4.8.3/../../../../arm-atollic-eabi/lib/armv7e-m/fpu\libc.a(lib_a-mallocr.o)
                0x2000054c                __malloc_trim_threshold
 .data.__malloc_sbrk_base
                0x20000550        0x4 c:/program files (x86)/atollic/truestudio for arm 5.4.0/armtools/bin/../lib/gcc/arm-atollic-eabi/4.8.3/../../../../arm-atollic-eabi/lib/armv7e-m/fpu\libc.a(lib_a-mallocr.o)
                0x20000550                __malloc_sbrk_base
                0x20000554                . = ALIGN (0x4)
                0x20000554                _edata = .
                0x08007248                _siccmram = LOADADDR (.ccmram)

.igot.plt       0x20000554        0x0 load address 0x08007248
 .igot.plt      0x00000000        0x0 c:/program files (x86)/atollic/truestudio for arm 5.4.0/armtools/bin/../lib/gcc/arm-atollic-eabi/4.8.3/armv7e-m/fpu/crtbegin.o

.ccmram         0x10000000        0x0 load address 0x08007248
                0x10000000                . = ALIGN (0x4)
                0x10000000                _sccmram = .
 *(.ccmram)
 *(.ccmram*)
                0x10000000                . = ALIGN (0x4)
                0x10000000                _eccmram = .
                0x10000000                . = ALIGN (0x4)

.bss            0x20000554      0x1b8
                0x20000554                _sbss = .
                0x20000554                __bss_start__ = _sbss
 *(.bss)
 .bss           0x20000554       0x1c c:/program files (x86)/atollic/truestudio for arm 5.4.0/armtools/bin/../lib/gcc/arm-atollic-eabi/4.8.3/armv7e-m/fpu/crtbegin.o
 *(.bss*)
 .bss.uwTick    0x20000570        0x4 Drivers\STM32F3xx_HAL_Driver\stm32f3xx_hal.o
 .bss.fingerPassword
                0x20000574        0x4 Application\User\fingerprint.o
                0x20000574                fingerPassword
 .bss.__malloc_max_total_mem
                0x20000578        0x4 c:/program files (x86)/atollic/truestudio for arm 5.4.0/armtools/bin/../lib/gcc/arm-atollic-eabi/4.8.3/../../../../arm-atollic-eabi/lib/armv7e-m/fpu\libc.a(lib_a-mallocr.o)
                0x20000578                __malloc_max_total_mem
 .bss.__malloc_max_sbrked_mem
                0x2000057c        0x4 c:/program files (x86)/atollic/truestudio for arm 5.4.0/armtools/bin/../lib/gcc/arm-atollic-eabi/4.8.3/../../../../arm-atollic-eabi/lib/armv7e-m/fpu\libc.a(lib_a-mallocr.o)
                0x2000057c                __malloc_max_sbrked_mem
 .bss.__malloc_top_pad
                0x20000580        0x4 c:/program files (x86)/atollic/truestudio for arm 5.4.0/armtools/bin/../lib/gcc/arm-atollic-eabi/4.8.3/../../../../arm-atollic-eabi/lib/armv7e-m/fpu\libc.a(lib_a-mallocr.o)
                0x20000580                __malloc_top_pad
 .bss.__malloc_current_mallinfo
                0x20000584       0x28 c:/program files (x86)/atollic/truestudio for arm 5.4.0/armtools/bin/../lib/gcc/arm-atollic-eabi/4.8.3/../../../../arm-atollic-eabi/lib/armv7e-m/fpu\libc.a(lib_a-mallocr.o)
                0x20000584                __malloc_current_mallinfo
 .bss.heap_end.5122
                0x200005ac        0x4 c:/program files (x86)/atollic/truestudio for arm 5.4.0/armtools/bin/../lib/gcc/arm-atollic-eabi/4.8.3/../../../../arm-atollic-eabi/lib/armv7e-m/fpu\libc.a(lib_a-syscalls.o)
 *(COMMON)
 COMMON         0x200005b0      0x158 Application\User\main.o
                0x200005b0                hdma_usart2_rx
                0x200005e8                fingerID
                0x200005ea                debug_RxBuf
                0x200005f4                debugUart
                0x20000600                fingerUart
                0x2000060c                finger_RxBuf
                0x20000620                matchScore
                0x20000624                huart1
                0x20000694                templateCount
                0x20000698                huart2
 COMMON         0x20000708        0x4 c:/program files (x86)/atollic/truestudio for arm 5.4.0/armtools/bin/../lib/gcc/arm-atollic-eabi/4.8.3/../../../../arm-atollic-eabi/lib/armv7e-m/fpu\libc.a(lib_a-reent.o)
                0x20000708                errno
                0x2000070c                . = ALIGN (0x4)
                0x2000070c                _ebss = .
                0x2000070c                __bss_end__ = _ebss

._user_heap_stack
                0x2000070c      0x400
                0x2000070c                . = ALIGN (0x4)
                0x2000070c                PROVIDE (end, .)
                0x2000070c                PROVIDE (_end, .)
                0x2000070c                . = (. + _Min_Heap_Size)
                0x20000b0c                . = (. + _Min_Stack_Size)
 *fill*         0x2000070c      0x400 
                0x20000b0c                . = ALIGN (0x4)

/DISCARD/
 libc.a(*)
 libm.a(*)
 libgcc.a(*)

.ARM.attributes
                0x00000000       0x30
 *(.ARM.attributes)
 .ARM.attributes
                0x00000000       0x22 c:/program files (x86)/atollic/truestudio for arm 5.4.0/armtools/bin/../lib/gcc/arm-atollic-eabi/4.8.3/armv7e-m/fpu/crti.o
 .ARM.attributes
                0x00000022       0x34 c:/program files (x86)/atollic/truestudio for arm 5.4.0/armtools/bin/../lib/gcc/arm-atollic-eabi/4.8.3/armv7e-m/fpu/crtbegin.o
 .ARM.attributes
                0x00000056       0x39 Drivers\STM32F3xx_HAL_Driver\stm32f3xx_hal_uart_ex.o
 .ARM.attributes
                0x0000008f       0x39 Drivers\STM32F3xx_HAL_Driver\stm32f3xx_hal_uart.o
 .ARM.attributes
                0x000000c8       0x39 Drivers\STM32F3xx_HAL_Driver\stm32f3xx_hal_rcc_ex.o
 .ARM.attributes
                0x00000101       0x39 Drivers\STM32F3xx_HAL_Driver\stm32f3xx_hal_rcc.o
 .ARM.attributes
                0x0000013a       0x39 Drivers\STM32F3xx_HAL_Driver\stm32f3xx_hal_gpio.o
 .ARM.attributes
                0x00000173       0x39 Drivers\STM32F3xx_HAL_Driver\stm32f3xx_hal_dma.o
 .ARM.attributes
                0x000001ac       0x39 Drivers\STM32F3xx_HAL_Driver\stm32f3xx_hal_cortex.o
 .ARM.attributes
                0x000001e5       0x39 Drivers\STM32F3xx_HAL_Driver\stm32f3xx_hal.o
 .ARM.attributes
                0x0000021e       0x39 Drivers\CMSIS\system_stm32f3xx.o
 .ARM.attributes
                0x00000257       0x39 Application\User\stm32f3xx_it.o
 .ARM.attributes
                0x00000290       0x39 Application\User\stm32f3xx_hal_msp.o
 .ARM.attributes
                0x000002c9       0x39 Application\User\main.o
 .ARM.attributes
                0x00000302       0x39 Application\User\fingerprint.o
 .ARM.attributes
                0x0000033b       0x21 Application\TrueSTUDIO\startup_stm32f303xe.o
 .ARM.attributes
                0x0000035c       0x34 c:/program files (x86)/atollic/truestudio for arm 5.4.0/armtools/bin/../lib/gcc/arm-atollic-eabi/4.8.3/../../../../arm-atollic-eabi/lib/armv7e-m/fpu\libc.a(lib_a-init.o)
 .ARM.attributes
                0x00000390       0x34 c:/program files (x86)/atollic/truestudio for arm 5.4.0/armtools/bin/../lib/gcc/arm-atollic-eabi/4.8.3/../../../../arm-atollic-eabi/lib/armv7e-m/fpu\libc.a(lib_a-memset.o)
 .ARM.attributes
                0x000003c4       0x34 c:/program files (x86)/atollic/truestudio for arm 5.4.0/armtools/bin/../lib/gcc/arm-atollic-eabi/4.8.3/../../../../arm-atollic-eabi/lib/armv7e-m/fpu\libc.a(lib_a-sprintf.o)
 .ARM.attributes
                0x000003f8       0x34 c:/program files (x86)/atollic/truestudio for arm 5.4.0/armtools/bin/../lib/gcc/arm-atollic-eabi/4.8.3/../../../../arm-atollic-eabi/lib/armv7e-m/fpu\libc.a(lib_a-strcpy.o)
 .ARM.attributes
                0x0000042c       0x34 c:/program files (x86)/atollic/truestudio for arm 5.4.0/armtools/bin/../lib/gcc/arm-atollic-eabi/4.8.3/../../../../arm-atollic-eabi/lib/armv7e-m/fpu\libc.a(lib_a-strlen.o)
 .ARM.attributes
                0x00000460       0x34 c:/program files (x86)/atollic/truestudio for arm 5.4.0/armtools/bin/../lib/gcc/arm-atollic-eabi/4.8.3/../../../../arm-atollic-eabi/lib/armv7e-m/fpu\libc.a(lib_a-svfprintf.o)
 .ARM.attributes
                0x00000494       0x34 c:/program files (x86)/atollic/truestudio for arm 5.4.0/armtools/bin/../lib/gcc/arm-atollic-eabi/4.8.3/../../../../arm-atollic-eabi/lib/armv7e-m/fpu\libc.a(lib_a-dtoa.o)
 .ARM.attributes
                0x000004c8       0x34 c:/program files (x86)/atollic/truestudio for arm 5.4.0/armtools/bin/../lib/gcc/arm-atollic-eabi/4.8.3/../../../../arm-atollic-eabi/lib/armv7e-m/fpu\libc.a(lib_a-impure.o)
 .ARM.attributes
                0x000004fc       0x34 c:/program files (x86)/atollic/truestudio for arm 5.4.0/armtools/bin/../lib/gcc/arm-atollic-eabi/4.8.3/../../../../arm-atollic-eabi/lib/armv7e-m/fpu\libc.a(lib_a-locale.o)
 .ARM.attributes
                0x00000530       0x34 c:/program files (x86)/atollic/truestudio for arm 5.4.0/armtools/bin/../lib/gcc/arm-atollic-eabi/4.8.3/../../../../arm-atollic-eabi/lib/armv7e-m/fpu\libc.a(lib_a-malloc.o)
 .ARM.attributes
                0x00000564       0x34 c:/program files (x86)/atollic/truestudio for arm 5.4.0/armtools/bin/../lib/gcc/arm-atollic-eabi/4.8.3/../../../../arm-atollic-eabi/lib/armv7e-m/fpu\libc.a(lib_a-mallocr.o)
 .ARM.attributes
                0x00000598       0x34 c:/program files (x86)/atollic/truestudio for arm 5.4.0/armtools/bin/../lib/gcc/arm-atollic-eabi/4.8.3/../../../../arm-atollic-eabi/lib/armv7e-m/fpu\libc.a(lib_a-memchr-stub.o)
 .ARM.attributes
                0x000005cc       0x34 c:/program files (x86)/atollic/truestudio for arm 5.4.0/armtools/bin/../lib/gcc/arm-atollic-eabi/4.8.3/../../../../arm-atollic-eabi/lib/armv7e-m/fpu\libc.a(lib_a-memcpy-stub.o)
 .ARM.attributes
                0x00000600       0x34 c:/program files (x86)/atollic/truestudio for arm 5.4.0/armtools/bin/../lib/gcc/arm-atollic-eabi/4.8.3/../../../../arm-atollic-eabi/lib/armv7e-m/fpu\libc.a(lib_a-mlock.o)
 .ARM.attributes
                0x00000634       0x34 c:/program files (x86)/atollic/truestudio for arm 5.4.0/armtools/bin/../lib/gcc/arm-atollic-eabi/4.8.3/../../../../arm-atollic-eabi/lib/armv7e-m/fpu\libc.a(lib_a-mprec.o)
 .ARM.attributes
                0x00000668       0x34 c:/program files (x86)/atollic/truestudio for arm 5.4.0/armtools/bin/../lib/gcc/arm-atollic-eabi/4.8.3/../../../../arm-atollic-eabi/lib/armv7e-m/fpu\libc.a(lib_a-s_fpclassify.o)
 .ARM.attributes
                0x0000069c       0x34 c:/program files (x86)/atollic/truestudio for arm 5.4.0/armtools/bin/../lib/gcc/arm-atollic-eabi/4.8.3/../../../../arm-atollic-eabi/lib/armv7e-m/fpu\libc.a(lib_a-sbrkr.o)
 .ARM.attributes
                0x000006d0       0x34 c:/program files (x86)/atollic/truestudio for arm 5.4.0/armtools/bin/../lib/gcc/arm-atollic-eabi/4.8.3/../../../../arm-atollic-eabi/lib/armv7e-m/fpu\libc.a(lib_a-svfiprintf.o)
 .ARM.attributes
                0x00000704       0x34 c:/program files (x86)/atollic/truestudio for arm 5.4.0/armtools/bin/../lib/gcc/arm-atollic-eabi/4.8.3/../../../../arm-atollic-eabi/lib/armv7e-m/fpu\libc.a(lib_a-syscalls.o)
 .ARM.attributes
                0x00000738       0x34 c:/program files (x86)/atollic/truestudio for arm 5.4.0/armtools/bin/../lib/gcc/arm-atollic-eabi/4.8.3/../../../../arm-atollic-eabi/lib/armv7e-m/fpu\libc.a(lib_a-callocr.o)
 .ARM.attributes
                0x0000076c       0x34 c:/program files (x86)/atollic/truestudio for arm 5.4.0/armtools/bin/../lib/gcc/arm-atollic-eabi/4.8.3/../../../../arm-atollic-eabi/lib/armv7e-m/fpu\libc.a(lib_a-freer.o)
 .ARM.attributes
                0x000007a0       0x34 c:/program files (x86)/atollic/truestudio for arm 5.4.0/armtools/bin/../lib/gcc/arm-atollic-eabi/4.8.3/../../../../arm-atollic-eabi/lib/armv7e-m/fpu\libc.a(lib_a-memmove.o)
 .ARM.attributes
                0x000007d4       0x34 c:/program files (x86)/atollic/truestudio for arm 5.4.0/armtools/bin/../lib/gcc/arm-atollic-eabi/4.8.3/../../../../arm-atollic-eabi/lib/armv7e-m/fpu\libc.a(lib_a-reallocr.o)
 .ARM.attributes
                0x00000808       0x34 c:/program files (x86)/atollic/truestudio for arm 5.4.0/armtools/bin/../lib/gcc/arm-atollic-eabi/4.8.3/../../../../arm-atollic-eabi/lib/armv7e-m/fpu\libc.a(lib_a-reent.o)
 .ARM.attributes
                0x0000083c       0x22 c:/program files (x86)/atollic/truestudio for arm 5.4.0/armtools/bin/../lib/gcc/arm-atollic-eabi/4.8.3/armv7e-m/fpu\libgcc.a(_arm_addsubdf3.o)
 .ARM.attributes
                0x0000085e       0x22 c:/program files (x86)/atollic/truestudio for arm 5.4.0/armtools/bin/../lib/gcc/arm-atollic-eabi/4.8.3/armv7e-m/fpu\libgcc.a(_arm_muldivdf3.o)
 .ARM.attributes
                0x00000880       0x22 c:/program files (x86)/atollic/truestudio for arm 5.4.0/armtools/bin/../lib/gcc/arm-atollic-eabi/4.8.3/armv7e-m/fpu\libgcc.a(_arm_cmpdf2.o)
 .ARM.attributes
                0x000008a2       0x22 c:/program files (x86)/atollic/truestudio for arm 5.4.0/armtools/bin/../lib/gcc/arm-atollic-eabi/4.8.3/armv7e-m/fpu\libgcc.a(_arm_fixdfsi.o)
 .ARM.attributes
                0x000008c4       0x22 c:/program files (x86)/atollic/truestudio for arm 5.4.0/armtools/bin/../lib/gcc/arm-atollic-eabi/4.8.3/armv7e-m/fpu\libgcc.a(_aeabi_uldivmod.o)
 .ARM.attributes
                0x000008e6       0x34 c:/program files (x86)/atollic/truestudio for arm 5.4.0/armtools/bin/../lib/gcc/arm-atollic-eabi/4.8.3/armv7e-m/fpu\libgcc.a(bpabi.o)
 .ARM.attributes
                0x0000091a       0x22 c:/program files (x86)/atollic/truestudio for arm 5.4.0/armtools/bin/../lib/gcc/arm-atollic-eabi/4.8.3/armv7e-m/fpu\libgcc.a(_dvmd_tls.o)
 .ARM.attributes
                0x0000093c       0x34 c:/program files (x86)/atollic/truestudio for arm 5.4.0/armtools/bin/../lib/gcc/arm-atollic-eabi/4.8.3/armv7e-m/fpu\libgcc.a(_divdi3.o)
 .ARM.attributes
                0x00000970       0x34 c:/program files (x86)/atollic/truestudio for arm 5.4.0/armtools/bin/../lib/gcc/arm-atollic-eabi/4.8.3/armv7e-m/fpu\libgcc.a(_udivdi3.o)
 .ARM.attributes
                0x000009a4       0x22 c:/program files (x86)/atollic/truestudio for arm 5.4.0/armtools/bin/../lib/gcc/arm-atollic-eabi/4.8.3/armv7e-m/fpu/crtn.o
OUTPUT(TimesheetSystem Configuration.elf elf32-littlearm)

.debug_info     0x00000000     0x9e60
 .debug_info    0x00000000      0x88b Drivers\STM32F3xx_HAL_Driver\stm32f3xx_hal_uart_ex.o
 .debug_info    0x0000088b     0x141d Drivers\STM32F3xx_HAL_Driver\stm32f3xx_hal_uart.o
 .debug_info    0x00001ca8      0x6ec Drivers\STM32F3xx_HAL_Driver\stm32f3xx_hal_rcc_ex.o
 .debug_info    0x00002394     0x1623 Drivers\STM32F3xx_HAL_Driver\stm32f3xx_hal_rcc.o
 .debug_info    0x000039b7      0x714 Drivers\STM32F3xx_HAL_Driver\stm32f3xx_hal_gpio.o
 .debug_info    0x000040cb      0x629 Drivers\STM32F3xx_HAL_Driver\stm32f3xx_hal_dma.o
 .debug_info    0x000046f4      0xe49 Drivers\STM32F3xx_HAL_Driver\stm32f3xx_hal_cortex.o
 .debug_info    0x0000553d      0x756 Drivers\STM32F3xx_HAL_Driver\stm32f3xx_hal.o
 .debug_info    0x00005c93      0x3b9 Drivers\CMSIS\system_stm32f3xx.o
 .debug_info    0x0000604c      0x632 Application\User\stm32f3xx_it.o
 .debug_info    0x0000667e      0xbe6 Application\User\stm32f3xx_hal_msp.o
 .debug_info    0x00007264     0x1f43 Application\User\main.o
 .debug_info    0x000091a7      0xbd0 Application\User\fingerprint.o
 .debug_info    0x00009d77       0xe9 Application\TrueSTUDIO\startup_stm32f303xe.o

.debug_abbrev   0x00000000     0x1b69
 .debug_abbrev  0x00000000      0x1fb Drivers\STM32F3xx_HAL_Driver\stm32f3xx_hal_uart_ex.o
 .debug_abbrev  0x000001fb      0x1f1 Drivers\STM32F3xx_HAL_Driver\stm32f3xx_hal_uart.o
 .debug_abbrev  0x000003ec      0x267 Drivers\STM32F3xx_HAL_Driver\stm32f3xx_hal_rcc_ex.o
 .debug_abbrev  0x00000653      0x307 Drivers\STM32F3xx_HAL_Driver\stm32f3xx_hal_rcc.o
 .debug_abbrev  0x0000095a      0x1c6 Drivers\STM32F3xx_HAL_Driver\stm32f3xx_hal_gpio.o
 .debug_abbrev  0x00000b20      0x211 Drivers\STM32F3xx_HAL_Driver\stm32f3xx_hal_dma.o
 .debug_abbrev  0x00000d31      0x2c4 Drivers\STM32F3xx_HAL_Driver\stm32f3xx_hal_cortex.o
 .debug_abbrev  0x00000ff5      0x1e2 Drivers\STM32F3xx_HAL_Driver\stm32f3xx_hal.o
 .debug_abbrev  0x000011d7      0x101 Drivers\CMSIS\system_stm32f3xx.o
 .debug_abbrev  0x000012d8      0x150 Application\User\stm32f3xx_it.o
 .debug_abbrev  0x00001428      0x1ec Application\User\stm32f3xx_hal_msp.o
 .debug_abbrev  0x00001614      0x35a Application\User\main.o
 .debug_abbrev  0x0000196e      0x1e9 Application\User\fingerprint.o
 .debug_abbrev  0x00001b57       0x12 Application\TrueSTUDIO\startup_stm32f303xe.o

.debug_loc      0x00000000     0x381b
 .debug_loc     0x00000000      0x2a3 Drivers\STM32F3xx_HAL_Driver\stm32f3xx_hal_uart_ex.o
 .debug_loc     0x000002a3      0xdcf Drivers\STM32F3xx_HAL_Driver\stm32f3xx_hal_uart.o
 .debug_loc     0x00001072      0x7eb Drivers\STM32F3xx_HAL_Driver\stm32f3xx_hal_rcc_ex.o
 .debug_loc     0x0000185d      0xcfe Drivers\STM32F3xx_HAL_Driver\stm32f3xx_hal_rcc.o
 .debug_loc     0x0000255b      0x2d3 Drivers\STM32F3xx_HAL_Driver\stm32f3xx_hal_gpio.o
 .debug_loc     0x0000282e      0x3c9 Drivers\STM32F3xx_HAL_Driver\stm32f3xx_hal_dma.o
 .debug_loc     0x00002bf7      0x422 Drivers\STM32F3xx_HAL_Driver\stm32f3xx_hal_cortex.o
 .debug_loc     0x00003019       0x49 Drivers\STM32F3xx_HAL_Driver\stm32f3xx_hal.o
 .debug_loc     0x00003062       0xb0 Drivers\CMSIS\system_stm32f3xx.o
 .debug_loc     0x00003112       0x9d Application\User\stm32f3xx_hal_msp.o
 .debug_loc     0x000031af      0x3f6 Application\User\main.o
 .debug_loc     0x000035a5      0x276 Application\User\fingerprint.o

.debug_aranges  0x00000000      0x600
 .debug_aranges
                0x00000000       0x48 Drivers\STM32F3xx_HAL_Driver\stm32f3xx_hal_uart_ex.o
 .debug_aranges
                0x00000048      0x170 Drivers\STM32F3xx_HAL_Driver\stm32f3xx_hal_uart.o
 .debug_aranges
                0x000001b8       0x38 Drivers\STM32F3xx_HAL_Driver\stm32f3xx_hal_rcc_ex.o
 .debug_aranges
                0x000001f0       0x88 Drivers\STM32F3xx_HAL_Driver\stm32f3xx_hal_rcc.o
 .debug_aranges
                0x00000278       0x58 Drivers\STM32F3xx_HAL_Driver\stm32f3xx_hal_gpio.o
 .debug_aranges
                0x000002d0       0x60 Drivers\STM32F3xx_HAL_Driver\stm32f3xx_hal_dma.o
 .debug_aranges
                0x00000330       0x98 Drivers\STM32F3xx_HAL_Driver\stm32f3xx_hal_cortex.o
 .debug_aranges
                0x000003c8       0xb0 Drivers\STM32F3xx_HAL_Driver\stm32f3xx_hal.o
 .debug_aranges
                0x00000478       0x28 Drivers\CMSIS\system_stm32f3xx.o
 .debug_aranges
                0x000004a0       0x30 Application\User\stm32f3xx_it.o
 .debug_aranges
                0x000004d0       0x30 Application\User\stm32f3xx_hal_msp.o
 .debug_aranges
                0x00000500       0x70 Application\User\main.o
 .debug_aranges
                0x00000570       0x68 Application\User\fingerprint.o
 .debug_aranges
                0x000005d8       0x28 Application\TrueSTUDIO\startup_stm32f303xe.o

.debug_ranges   0x00000000      0x808
 .debug_ranges  0x00000000       0x38 Drivers\STM32F3xx_HAL_Driver\stm32f3xx_hal_uart_ex.o
 .debug_ranges  0x00000038      0x160 Drivers\STM32F3xx_HAL_Driver\stm32f3xx_hal_uart.o
 .debug_ranges  0x00000198       0x40 Drivers\STM32F3xx_HAL_Driver\stm32f3xx_hal_rcc_ex.o
 .debug_ranges  0x000001d8      0x210 Drivers\STM32F3xx_HAL_Driver\stm32f3xx_hal_rcc.o
 .debug_ranges  0x000003e8       0x60 Drivers\STM32F3xx_HAL_Driver\stm32f3xx_hal_gpio.o
 .debug_ranges  0x00000448       0x50 Drivers\STM32F3xx_HAL_Driver\stm32f3xx_hal_dma.o
 .debug_ranges  0x00000498       0xd8 Drivers\STM32F3xx_HAL_Driver\stm32f3xx_hal_cortex.o
 .debug_ranges  0x00000570       0xa0 Drivers\STM32F3xx_HAL_Driver\stm32f3xx_hal.o
 .debug_ranges  0x00000610       0x18 Drivers\CMSIS\system_stm32f3xx.o
 .debug_ranges  0x00000628       0x20 Application\User\stm32f3xx_it.o
 .debug_ranges  0x00000648       0x58 Application\User\stm32f3xx_hal_msp.o
 .debug_ranges  0x000006a0       0xf0 Application\User\main.o
 .debug_ranges  0x00000790       0x58 Application\User\fingerprint.o
 .debug_ranges  0x000007e8       0x20 Application\TrueSTUDIO\startup_stm32f303xe.o

.debug_line     0x00000000     0x3d55
 .debug_line    0x00000000      0x322 Drivers\STM32F3xx_HAL_Driver\stm32f3xx_hal_uart_ex.o
 .debug_line    0x00000322      0xb20 Drivers\STM32F3xx_HAL_Driver\stm32f3xx_hal_uart.o
 .debug_line    0x00000e42      0x4dc Drivers\STM32F3xx_HAL_Driver\stm32f3xx_hal_rcc_ex.o
 .debug_line    0x0000131e      0x889 Drivers\STM32F3xx_HAL_Driver\stm32f3xx_hal_rcc.o
 .debug_line    0x00001ba7      0x389 Drivers\STM32F3xx_HAL_Driver\stm32f3xx_hal_gpio.o
 .debug_line    0x00001f30      0x626 Drivers\STM32F3xx_HAL_Driver\stm32f3xx_hal_dma.o
 .debug_line    0x00002556      0x3f9 Drivers\STM32F3xx_HAL_Driver\stm32f3xx_hal_cortex.o
 .debug_line    0x0000294f      0x375 Drivers\STM32F3xx_HAL_Driver\stm32f3xx_hal.o
 .debug_line    0x00002cc4      0x202 Drivers\CMSIS\system_stm32f3xx.o
 .debug_line    0x00002ec6      0x25a Application\User\stm32f3xx_it.o
 .debug_line    0x00003120      0x2ad Application\User\stm32f3xx_hal_msp.o
 .debug_line    0x000033cd      0x555 Application\User\main.o
 .debug_line    0x00003922      0x37f Application\User\fingerprint.o
 .debug_line    0x00003ca1       0xb4 Application\TrueSTUDIO\startup_stm32f303xe.o

.debug_str      0x00000000     0x24e1
 .debug_str     0x00000000      0x7dc Drivers\STM32F3xx_HAL_Driver\stm32f3xx_hal_uart_ex.o
                                0x881 (size before relaxing)
 .debug_str     0x000007dc      0x4fc Drivers\STM32F3xx_HAL_Driver\stm32f3xx_hal_uart.o
                                0xcaa (size before relaxing)
 .debug_str     0x00000cd8      0x30d Drivers\STM32F3xx_HAL_Driver\stm32f3xx_hal_rcc_ex.o
                                0x617 (size before relaxing)
 .debug_str     0x00000fe5      0x331 Drivers\STM32F3xx_HAL_Driver\stm32f3xx_hal_rcc.o
                                0x69c (size before relaxing)
 .debug_str     0x00001316      0x1ea Drivers\STM32F3xx_HAL_Driver\stm32f3xx_hal_gpio.o
                                0x51b (size before relaxing)
 .debug_str     0x00001500      0x12f Drivers\STM32F3xx_HAL_Driver\stm32f3xx_hal_dma.o
                                0x567 (size before relaxing)
 .debug_str     0x0000162f      0x89f Drivers\STM32F3xx_HAL_Driver\stm32f3xx_hal_cortex.o
                                0xbdb (size before relaxing)
 .debug_str     0x00001ece      0x1ba Drivers\STM32F3xx_HAL_Driver\stm32f3xx_hal.o
                                0x993 (size before relaxing)
 .debug_str     0x00002088       0x85 Drivers\CMSIS\system_stm32f3xx.o
                                0x35e (size before relaxing)
 .debug_str     0x0000210d       0x6d Application\User\stm32f3xx_it.o
                                0x702 (size before relaxing)
 .debug_str     0x0000217a       0x31 Application\User\stm32f3xx_hal_msp.o
                                0xcd6 (size before relaxing)
 .debug_str     0x000021ab      0x2b6 Application\User\main.o
                               0x12e0 (size before relaxing)
 .debug_str     0x00002461       0x80 Application\User\fingerprint.o
                                0x854 (size before relaxing)

.comment        0x00000000       0x82
 .comment       0x00000000       0x82 Drivers\STM32F3xx_HAL_Driver\stm32f3xx_hal_uart_ex.o
                                 0x83 (size before relaxing)
 .comment       0x00000000       0x83 Drivers\STM32F3xx_HAL_Driver\stm32f3xx_hal_uart.o
 .comment       0x00000000       0x83 Drivers\STM32F3xx_HAL_Driver\stm32f3xx_hal_rcc_ex.o
 .comment       0x00000000       0x83 Drivers\STM32F3xx_HAL_Driver\stm32f3xx_hal_rcc.o
 .comment       0x00000000       0x83 Drivers\STM32F3xx_HAL_Driver\stm32f3xx_hal_gpio.o
 .comment       0x00000000       0x83 Drivers\STM32F3xx_HAL_Driver\stm32f3xx_hal_dma.o
 .comment       0x00000000       0x83 Drivers\STM32F3xx_HAL_Driver\stm32f3xx_hal_cortex.o
 .comment       0x00000000       0x83 Drivers\STM32F3xx_HAL_Driver\stm32f3xx_hal.o
 .comment       0x00000000       0x83 Drivers\CMSIS\system_stm32f3xx.o
 .comment       0x00000000       0x83 Application\User\stm32f3xx_it.o
 .comment       0x00000000       0x83 Application\User\stm32f3xx_hal_msp.o
 .comment       0x00000000       0x83 Application\User\main.o
 .comment       0x00000000       0x83 Application\User\fingerprint.o

.debug_frame    0x00000000     0x16a8
 .debug_frame   0x00000000       0x90 Drivers\STM32F3xx_HAL_Driver\stm32f3xx_hal_uart_ex.o
 .debug_frame   0x00000090      0x3b4 Drivers\STM32F3xx_HAL_Driver\stm32f3xx_hal_uart.o
 .debug_frame   0x00000444       0x70 Drivers\STM32F3xx_HAL_Driver\stm32f3xx_hal_rcc_ex.o
 .debug_frame   0x000004b4      0x140 Drivers\STM32F3xx_HAL_Driver\stm32f3xx_hal_rcc.o
 .debug_frame   0x000005f4       0xc8 Drivers\STM32F3xx_HAL_Driver\stm32f3xx_hal_gpio.o
 .debug_frame   0x000006bc       0xfc Drivers\STM32F3xx_HAL_Driver\stm32f3xx_hal_dma.o
 .debug_frame   0x000007b8      0x130 Drivers\STM32F3xx_HAL_Driver\stm32f3xx_hal_cortex.o
 .debug_frame   0x000008e8      0x164 Drivers\STM32F3xx_HAL_Driver\stm32f3xx_hal.o
 .debug_frame   0x00000a4c       0x38 Drivers\CMSIS\system_stm32f3xx.o
 .debug_frame   0x00000a84       0x48 Application\User\stm32f3xx_it.o
 .debug_frame   0x00000acc       0x64 Application\User\stm32f3xx_hal_msp.o
 .debug_frame   0x00000b30      0x120 Application\User\main.o
 .debug_frame   0x00000c50      0x138 Application\User\fingerprint.o
 .debug_frame   0x00000d88       0x2c c:/program files (x86)/atollic/truestudio for arm 5.4.0/armtools/bin/../lib/gcc/arm-atollic-eabi/4.8.3/../../../../arm-atollic-eabi/lib/armv7e-m/fpu\libc.a(lib_a-init.o)
 .debug_frame   0x00000db4       0x20 c:/program files (x86)/atollic/truestudio for arm 5.4.0/armtools/bin/../lib/gcc/arm-atollic-eabi/4.8.3/../../../../arm-atollic-eabi/lib/armv7e-m/fpu\libc.a(lib_a-memset.o)
 .debug_frame   0x00000dd4       0x58 c:/program files (x86)/atollic/truestudio for arm 5.4.0/armtools/bin/../lib/gcc/arm-atollic-eabi/4.8.3/../../../../arm-atollic-eabi/lib/armv7e-m/fpu\libc.a(lib_a-sprintf.o)
 .debug_frame   0x00000e2c       0x20 c:/program files (x86)/atollic/truestudio for arm 5.4.0/armtools/bin/../lib/gcc/arm-atollic-eabi/4.8.3/../../../../arm-atollic-eabi/lib/armv7e-m/fpu\libc.a(lib_a-strcpy.o)
 .debug_frame   0x00000e4c       0x20 c:/program files (x86)/atollic/truestudio for arm 5.4.0/armtools/bin/../lib/gcc/arm-atollic-eabi/4.8.3/../../../../arm-atollic-eabi/lib/armv7e-m/fpu\libc.a(lib_a-strlen.o)
 .debug_frame   0x00000e6c       0x3c c:/program files (x86)/atollic/truestudio for arm 5.4.0/armtools/bin/../lib/gcc/arm-atollic-eabi/4.8.3/../../../../arm-atollic-eabi/lib/armv7e-m/fpu\libc.a(lib_a-svfprintf.o)
 .debug_frame   0x00000ea8       0x68 c:/program files (x86)/atollic/truestudio for arm 5.4.0/armtools/bin/../lib/gcc/arm-atollic-eabi/4.8.3/../../../../arm-atollic-eabi/lib/armv7e-m/fpu\libc.a(lib_a-dtoa.o)
 .debug_frame   0x00000f10       0x98 c:/program files (x86)/atollic/truestudio for arm 5.4.0/armtools/bin/../lib/gcc/arm-atollic-eabi/4.8.3/../../../../arm-atollic-eabi/lib/armv7e-m/fpu\libc.a(lib_a-locale.o)
 .debug_frame   0x00000fa8       0x30 c:/program files (x86)/atollic/truestudio for arm 5.4.0/armtools/bin/../lib/gcc/arm-atollic-eabi/4.8.3/../../../../arm-atollic-eabi/lib/armv7e-m/fpu\libc.a(lib_a-malloc.o)
 .debug_frame   0x00000fd8       0x38 c:/program files (x86)/atollic/truestudio for arm 5.4.0/armtools/bin/../lib/gcc/arm-atollic-eabi/4.8.3/../../../../arm-atollic-eabi/lib/armv7e-m/fpu\libc.a(lib_a-mallocr.o)
 .debug_frame   0x00001010       0x28 c:/program files (x86)/atollic/truestudio for arm 5.4.0/armtools/bin/../lib/gcc/arm-atollic-eabi/4.8.3/../../../../arm-atollic-eabi/lib/armv7e-m/fpu\libc.a(lib_a-memchr-stub.o)
 .debug_frame   0x00001038       0x28 c:/program files (x86)/atollic/truestudio for arm 5.4.0/armtools/bin/../lib/gcc/arm-atollic-eabi/4.8.3/../../../../arm-atollic-eabi/lib/armv7e-m/fpu\libc.a(lib_a-memcpy-stub.o)
 .debug_frame   0x00001060       0x30 c:/program files (x86)/atollic/truestudio for arm 5.4.0/armtools/bin/../lib/gcc/arm-atollic-eabi/4.8.3/../../../../arm-atollic-eabi/lib/armv7e-m/fpu\libc.a(lib_a-mlock.o)
 .debug_frame   0x00001090      0x230 c:/program files (x86)/atollic/truestudio for arm 5.4.0/armtools/bin/../lib/gcc/arm-atollic-eabi/4.8.3/../../../../arm-atollic-eabi/lib/armv7e-m/fpu\libc.a(lib_a-mprec.o)
 .debug_frame   0x000012c0       0x28 c:/program files (x86)/atollic/truestudio for arm 5.4.0/armtools/bin/../lib/gcc/arm-atollic-eabi/4.8.3/../../../../arm-atollic-eabi/lib/armv7e-m/fpu\libc.a(lib_a-s_fpclassify.o)
 .debug_frame   0x000012e8       0x2c c:/program files (x86)/atollic/truestudio for arm 5.4.0/armtools/bin/../lib/gcc/arm-atollic-eabi/4.8.3/../../../../arm-atollic-eabi/lib/armv7e-m/fpu\libc.a(lib_a-sbrkr.o)
 .debug_frame   0x00001314       0x68 c:/program files (x86)/atollic/truestudio for arm 5.4.0/armtools/bin/../lib/gcc/arm-atollic-eabi/4.8.3/../../../../arm-atollic-eabi/lib/armv7e-m/fpu\libc.a(lib_a-svfiprintf.o)
 .debug_frame   0x0000137c      0x14c c:/program files (x86)/atollic/truestudio for arm 5.4.0/armtools/bin/../lib/gcc/arm-atollic-eabi/4.8.3/../../../../arm-atollic-eabi/lib/armv7e-m/fpu\libc.a(lib_a-syscalls.o)
 .debug_frame   0x000014c8       0x28 c:/program files (x86)/atollic/truestudio for arm 5.4.0/armtools/bin/../lib/gcc/arm-atollic-eabi/4.8.3/../../../../arm-atollic-eabi/lib/armv7e-m/fpu\libc.a(lib_a-callocr.o)
 .debug_frame   0x000014f0       0x50 c:/program files (x86)/atollic/truestudio for arm 5.4.0/armtools/bin/../lib/gcc/arm-atollic-eabi/4.8.3/../../../../arm-atollic-eabi/lib/armv7e-m/fpu\libc.a(lib_a-freer.o)
 .debug_frame   0x00001540       0x2c c:/program files (x86)/atollic/truestudio for arm 5.4.0/armtools/bin/../lib/gcc/arm-atollic-eabi/4.8.3/../../../../arm-atollic-eabi/lib/armv7e-m/fpu\libc.a(lib_a-memmove.o)
 .debug_frame   0x0000156c       0x3c c:/program files (x86)/atollic/truestudio for arm 5.4.0/armtools/bin/../lib/gcc/arm-atollic-eabi/4.8.3/../../../../arm-atollic-eabi/lib/armv7e-m/fpu\libc.a(lib_a-reallocr.o)
 .debug_frame   0x000015a8       0x48 c:/program files (x86)/atollic/truestudio for arm 5.4.0/armtools/bin/../lib/gcc/arm-atollic-eabi/4.8.3/../../../../arm-atollic-eabi/lib/armv7e-m/fpu\libc.a(lib_a-reent.o)
 .debug_frame   0x000015f0       0x50 c:/program files (x86)/atollic/truestudio for arm 5.4.0/armtools/bin/../lib/gcc/arm-atollic-eabi/4.8.3/armv7e-m/fpu\libgcc.a(bpabi.o)
 .debug_frame   0x00001640       0x34 c:/program files (x86)/atollic/truestudio for arm 5.4.0/armtools/bin/../lib/gcc/arm-atollic-eabi/4.8.3/armv7e-m/fpu\libgcc.a(_divdi3.o)
 .debug_frame   0x00001674       0x34 c:/program files (x86)/atollic/truestudio for arm 5.4.0/armtools/bin/../lib/gcc/arm-atollic-eabi/4.8.3/armv7e-m/fpu\libgcc.a(_udivdi3.o)

Cross Reference Table

Symbol                                            File
ADC1_2_IRQHandler                                 Application\TrueSTUDIO\startup_stm32f303xe.o
ADC3_IRQHandler                                   Application\TrueSTUDIO\startup_stm32f303xe.o
ADC4_IRQHandler                                   Application\TrueSTUDIO\startup_stm32f303xe.o
AHBPrescTable                                     Drivers\CMSIS\system_stm32f3xx.o
BusFault_Handler                                  Application\TrueSTUDIO\startup_stm32f303xe.o
CAN_RX1_IRQHandler                                Application\TrueSTUDIO\startup_stm32f303xe.o
CAN_SCE_IRQHandler                                Application\TrueSTUDIO\startup_stm32f303xe.o
COMP1_2_3_IRQHandler                              Application\TrueSTUDIO\startup_stm32f303xe.o
COMP4_5_6_IRQHandler                              Application\TrueSTUDIO\startup_stm32f303xe.o
COMP7_IRQHandler                                  Application\TrueSTUDIO\startup_stm32f303xe.o
DMA1_Channel1_IRQHandler                          Application\TrueSTUDIO\startup_stm32f303xe.o
DMA1_Channel2_IRQHandler                          Application\TrueSTUDIO\startup_stm32f303xe.o
DMA1_Channel3_IRQHandler                          Application\TrueSTUDIO\startup_stm32f303xe.o
DMA1_Channel4_IRQHandler                          Application\TrueSTUDIO\startup_stm32f303xe.o
DMA1_Channel5_IRQHandler                          Application\TrueSTUDIO\startup_stm32f303xe.o
DMA1_Channel6_IRQHandler                          Application\User\stm32f3xx_it.o
DMA1_Channel7_IRQHandler                          Application\TrueSTUDIO\startup_stm32f303xe.o
DMA2_Channel1_IRQHandler                          Application\TrueSTUDIO\startup_stm32f303xe.o
DMA2_Channel2_IRQHandler                          Application\TrueSTUDIO\startup_stm32f303xe.o
DMA2_Channel3_IRQHandler                          Application\TrueSTUDIO\startup_stm32f303xe.o
DMA2_Channel4_IRQHandler                          Application\TrueSTUDIO\startup_stm32f303xe.o
DMA2_Channel5_IRQHandler                          Application\TrueSTUDIO\startup_stm32f303xe.o
DebugMon_Handler                                  Application\TrueSTUDIO\startup_stm32f303xe.o
Default_Handler                                   Application\TrueSTUDIO\startup_stm32f303xe.o
EXTI0_IRQHandler                                  Application\TrueSTUDIO\startup_stm32f303xe.o
EXTI15_10_IRQHandler                              Application\TrueSTUDIO\startup_stm32f303xe.o
EXTI1_IRQHandler                                  Application\TrueSTUDIO\startup_stm32f303xe.o
EXTI2_TSC_IRQHandler                              Application\TrueSTUDIO\startup_stm32f303xe.o
EXTI3_IRQHandler                                  Application\TrueSTUDIO\startup_stm32f303xe.o
EXTI4_IRQHandler                                  Application\TrueSTUDIO\startup_stm32f303xe.o
EXTI9_5_IRQHandler                                Application\TrueSTUDIO\startup_stm32f303xe.o
FINGERPRINT_CreateModel                           Application\User\fingerprint.o
                                                  Application\User\main.o
FINGERPRINT_DeleteModel                           Application\User\fingerprint.o
                                                  Application\User\main.o
FINGERPRINT_EmptyDatabase                         Application\User\fingerprint.o
                                                  Application\User\main.o
FINGERPRINT_GetChar                               Application\User\fingerprint.o
                                                  Application\User\main.o
FINGERPRINT_GetImage                              Application\User\fingerprint.o
                                                  Application\User\main.o
FINGERPRINT_GetTemplateCount                      Application\User\fingerprint.o
                                                  Application\User\main.o
FINGERPRINT_Search                                Application\User\fingerprint.o
                                                  Application\User\main.o
FINGERPRINT_StoreModel                            Application\User\fingerprint.o
                                                  Application\User\main.o
FINGERPRINT_VerifyPassword                        Application\User\fingerprint.o
                                                  Application\User\main.o
FINGERPRINT_WritePacket                           Application\User\fingerprint.o
FLASH_IRQHandler                                  Application\TrueSTUDIO\startup_stm32f303xe.o
FLASH_PageErase                                   Drivers\STM32F3xx_HAL_Driver\stm32f3xx_hal_flash_ex.o
                                                  Drivers\STM32F3xx_HAL_Driver\stm32f3xx_hal_flash.o
FLASH_WaitForLastOperation                        Drivers\STM32F3xx_HAL_Driver\stm32f3xx_hal_flash.o
                                                  Drivers\STM32F3xx_HAL_Driver\stm32f3xx_hal_flash_ex.o
FMC_IRQHandler                                    Application\TrueSTUDIO\startup_stm32f303xe.o
FPU_IRQHandler                                    Application\TrueSTUDIO\startup_stm32f303xe.o
HAL_DBGMCU_DisableDBGSleepMode                    Drivers\STM32F3xx_HAL_Driver\stm32f3xx_hal.o
HAL_DBGMCU_DisableDBGStandbyMode                  Drivers\STM32F3xx_HAL_Driver\stm32f3xx_hal.o
HAL_DBGMCU_DisableDBGStopMode                     Drivers\STM32F3xx_HAL_Driver\stm32f3xx_hal.o
HAL_DBGMCU_EnableDBGSleepMode                     Drivers\STM32F3xx_HAL_Driver\stm32f3xx_hal.o
HAL_DBGMCU_EnableDBGStandbyMode                   Drivers\STM32F3xx_HAL_Driver\stm32f3xx_hal.o
HAL_DBGMCU_EnableDBGStopMode                      Drivers\STM32F3xx_HAL_Driver\stm32f3xx_hal.o
HAL_DMA_Abort                                     Drivers\STM32F3xx_HAL_Driver\stm32f3xx_hal_dma.o
                                                  Drivers\STM32F3xx_HAL_Driver\stm32f3xx_hal_uart.o
HAL_DMA_DeInit                                    Drivers\STM32F3xx_HAL_Driver\stm32f3xx_hal_dma.o
                                                  Application\User\stm32f3xx_hal_msp.o
HAL_DMA_GetError                                  Drivers\STM32F3xx_HAL_Driver\stm32f3xx_hal_dma.o
HAL_DMA_GetState                                  Drivers\STM32F3xx_HAL_Driver\stm32f3xx_hal_dma.o
HAL_DMA_IRQHandler                                Drivers\STM32F3xx_HAL_Driver\stm32f3xx_hal_dma.o
                                                  Application\User\stm32f3xx_it.o
HAL_DMA_Init                                      Drivers\STM32F3xx_HAL_Driver\stm32f3xx_hal_dma.o
                                                  Application\User\stm32f3xx_hal_msp.o
HAL_DMA_PollForTransfer                           Drivers\STM32F3xx_HAL_Driver\stm32f3xx_hal_dma.o
HAL_DMA_Start                                     Drivers\STM32F3xx_HAL_Driver\stm32f3xx_hal_dma.o
HAL_DMA_Start_IT                                  Drivers\STM32F3xx_HAL_Driver\stm32f3xx_hal_dma.o
                                                  Drivers\STM32F3xx_HAL_Driver\stm32f3xx_hal_uart.o
HAL_DeInit                                        Drivers\STM32F3xx_HAL_Driver\stm32f3xx_hal.o
HAL_Delay                                         Drivers\STM32F3xx_HAL_Driver\stm32f3xx_hal.o
                                                  Application\User\main.o
HAL_FLASHEx_Erase                                 Drivers\STM32F3xx_HAL_Driver\stm32f3xx_hal_flash_ex.o
HAL_FLASHEx_Erase_IT                              Drivers\STM32F3xx_HAL_Driver\stm32f3xx_hal_flash_ex.o
HAL_FLASHEx_OBErase                               Drivers\STM32F3xx_HAL_Driver\stm32f3xx_hal_flash_ex.o
HAL_FLASHEx_OBGetConfig                           Drivers\STM32F3xx_HAL_Driver\stm32f3xx_hal_flash_ex.o
HAL_FLASHEx_OBGetUserData                         Drivers\STM32F3xx_HAL_Driver\stm32f3xx_hal_flash_ex.o
HAL_FLASHEx_OBProgram                             Drivers\STM32F3xx_HAL_Driver\stm32f3xx_hal_flash_ex.o
HAL_FLASH_EndOfOperationCallback                  Drivers\STM32F3xx_HAL_Driver\stm32f3xx_hal_flash.o
HAL_FLASH_GetError                                Drivers\STM32F3xx_HAL_Driver\stm32f3xx_hal_flash.o
HAL_FLASH_IRQHandler                              Drivers\STM32F3xx_HAL_Driver\stm32f3xx_hal_flash.o
HAL_FLASH_Lock                                    Drivers\STM32F3xx_HAL_Driver\stm32f3xx_hal_flash.o
HAL_FLASH_OB_Launch                               Drivers\STM32F3xx_HAL_Driver\stm32f3xx_hal_flash.o
HAL_FLASH_OB_Lock                                 Drivers\STM32F3xx_HAL_Driver\stm32f3xx_hal_flash.o
HAL_FLASH_OB_Unlock                               Drivers\STM32F3xx_HAL_Driver\stm32f3xx_hal_flash.o
HAL_FLASH_OperationErrorCallback                  Drivers\STM32F3xx_HAL_Driver\stm32f3xx_hal_flash.o
HAL_FLASH_Program                                 Drivers\STM32F3xx_HAL_Driver\stm32f3xx_hal_flash.o
HAL_FLASH_Program_IT                              Drivers\STM32F3xx_HAL_Driver\stm32f3xx_hal_flash.o
HAL_FLASH_Unlock                                  Drivers\STM32F3xx_HAL_Driver\stm32f3xx_hal_flash.o
HAL_GPIO_DeInit                                   Drivers\STM32F3xx_HAL_Driver\stm32f3xx_hal_gpio.o
                                                  Application\User\stm32f3xx_hal_msp.o
HAL_GPIO_EXTI_Callback                            Drivers\STM32F3xx_HAL_Driver\stm32f3xx_hal_gpio.o
HAL_GPIO_EXTI_IRQHandler                          Drivers\STM32F3xx_HAL_Driver\stm32f3xx_hal_gpio.o
HAL_GPIO_Init                                     Drivers\STM32F3xx_HAL_Driver\stm32f3xx_hal_gpio.o
                                                  Application\User\main.o
                                                  Application\User\stm32f3xx_hal_msp.o
                                                  Drivers\STM32F3xx_HAL_Driver\stm32f3xx_hal_rcc.o
HAL_GPIO_LockPin                                  Drivers\STM32F3xx_HAL_Driver\stm32f3xx_hal_gpio.o
HAL_GPIO_ReadPin                                  Drivers\STM32F3xx_HAL_Driver\stm32f3xx_hal_gpio.o
HAL_GPIO_TogglePin                                Drivers\STM32F3xx_HAL_Driver\stm32f3xx_hal_gpio.o
                                                  Application\User\main.o
HAL_GPIO_WritePin                                 Drivers\STM32F3xx_HAL_Driver\stm32f3xx_hal_gpio.o
HAL_GetDEVID                                      Drivers\STM32F3xx_HAL_Driver\stm32f3xx_hal.o
HAL_GetHalVersion                                 Drivers\STM32F3xx_HAL_Driver\stm32f3xx_hal.o
HAL_GetREVID                                      Drivers\STM32F3xx_HAL_Driver\stm32f3xx_hal.o
HAL_GetTick                                       Drivers\STM32F3xx_HAL_Driver\stm32f3xx_hal.o
                                                  Drivers\STM32F3xx_HAL_Driver\stm32f3xx_hal_dma.o
                                                  Drivers\STM32F3xx_HAL_Driver\stm32f3xx_hal_flash.o
                                                  Drivers\STM32F3xx_HAL_Driver\stm32f3xx_hal_rcc.o
                                                  Drivers\STM32F3xx_HAL_Driver\stm32f3xx_hal_rcc_ex.o
                                                  Drivers\STM32F3xx_HAL_Driver\stm32f3xx_hal_uart.o
HAL_HalfDuplex_EnableReceiver                     Drivers\STM32F3xx_HAL_Driver\stm32f3xx_hal_uart.o
HAL_HalfDuplex_EnableTransmitter                  Drivers\STM32F3xx_HAL_Driver\stm32f3xx_hal_uart.o
HAL_HalfDuplex_Init                               Drivers\STM32F3xx_HAL_Driver\stm32f3xx_hal_uart.o
HAL_IncTick                                       Drivers\STM32F3xx_HAL_Driver\stm32f3xx_hal.o
                                                  Application\User\stm32f3xx_it.o
HAL_Init                                          Drivers\STM32F3xx_HAL_Driver\stm32f3xx_hal.o
                                                  Application\User\main.o
HAL_InitTick                                      Drivers\STM32F3xx_HAL_Driver\stm32f3xx_hal.o
                                                  Drivers\STM32F3xx_HAL_Driver\stm32f3xx_hal_rcc.o
HAL_LIN_Init                                      Drivers\STM32F3xx_HAL_Driver\stm32f3xx_hal_uart.o
HAL_LIN_SendBreak                                 Drivers\STM32F3xx_HAL_Driver\stm32f3xx_hal_uart.o
HAL_MPU_ConfigRegion                              Drivers\STM32F3xx_HAL_Driver\stm32f3xx_hal_cortex.o
HAL_MspDeInit                                     Drivers\STM32F3xx_HAL_Driver\stm32f3xx_hal.o
HAL_MspInit                                       Application\User\stm32f3xx_hal_msp.o
                                                  Drivers\STM32F3xx_HAL_Driver\stm32f3xx_hal.o
HAL_MultiProcessorEx_AddressLength_Set            Drivers\STM32F3xx_HAL_Driver\stm32f3xx_hal_uart_ex.o
HAL_MultiProcessor_DisableMuteMode                Drivers\STM32F3xx_HAL_Driver\stm32f3xx_hal_uart.o
HAL_MultiProcessor_EnableMuteMode                 Drivers\STM32F3xx_HAL_Driver\stm32f3xx_hal_uart.o
HAL_MultiProcessor_EnterMuteMode                  Drivers\STM32F3xx_HAL_Driver\stm32f3xx_hal_uart.o
HAL_MultiProcessor_Init                           Drivers\STM32F3xx_HAL_Driver\stm32f3xx_hal_uart.o
HAL_NVIC_ClearPendingIRQ                          Drivers\STM32F3xx_HAL_Driver\stm32f3xx_hal_cortex.o
HAL_NVIC_DisableIRQ                               Drivers\STM32F3xx_HAL_Driver\stm32f3xx_hal_cortex.o
                                                  Application\User\stm32f3xx_hal_msp.o
HAL_NVIC_EnableIRQ                                Drivers\STM32F3xx_HAL_Driver\stm32f3xx_hal_cortex.o
                                                  Application\User\main.o
                                                  Application\User\stm32f3xx_hal_msp.o
HAL_NVIC_GetActive                                Drivers\STM32F3xx_HAL_Driver\stm32f3xx_hal_cortex.o
HAL_NVIC_GetPendingIRQ                            Drivers\STM32F3xx_HAL_Driver\stm32f3xx_hal_cortex.o
HAL_NVIC_GetPriority                              Drivers\STM32F3xx_HAL_Driver\stm32f3xx_hal_cortex.o
HAL_NVIC_GetPriorityGrouping                      Drivers\STM32F3xx_HAL_Driver\stm32f3xx_hal_cortex.o
HAL_NVIC_SetPendingIRQ                            Drivers\STM32F3xx_HAL_Driver\stm32f3xx_hal_cortex.o
HAL_NVIC_SetPriority                              Drivers\STM32F3xx_HAL_Driver\stm32f3xx_hal_cortex.o
                                                  Application\User\main.o
                                                  Application\User\stm32f3xx_hal_msp.o
                                                  Drivers\STM32F3xx_HAL_Driver\stm32f3xx_hal.o
HAL_NVIC_SetPriorityGrouping                      Drivers\STM32F3xx_HAL_Driver\stm32f3xx_hal_cortex.o
                                                  Application\User\stm32f3xx_hal_msp.o
                                                  Drivers\STM32F3xx_HAL_Driver\stm32f3xx_hal.o
HAL_NVIC_SystemReset                              Drivers\STM32F3xx_HAL_Driver\stm32f3xx_hal_cortex.o
HAL_PWR_ConfigPVD                                 Drivers\STM32F3xx_HAL_Driver\stm32f3xx_hal_pwr_ex.o
HAL_PWR_DeInit                                    Drivers\STM32F3xx_HAL_Driver\stm32f3xx_hal_pwr.o
HAL_PWR_DisableBkUpAccess                         Drivers\STM32F3xx_HAL_Driver\stm32f3xx_hal_pwr.o
HAL_PWR_DisablePVD                                Drivers\STM32F3xx_HAL_Driver\stm32f3xx_hal_pwr_ex.o
HAL_PWR_DisableSEVOnPend                          Drivers\STM32F3xx_HAL_Driver\stm32f3xx_hal_pwr.o
HAL_PWR_DisableSleepOnExit                        Drivers\STM32F3xx_HAL_Driver\stm32f3xx_hal_pwr.o
HAL_PWR_DisableWakeUpPin                          Drivers\STM32F3xx_HAL_Driver\stm32f3xx_hal_pwr.o
HAL_PWR_EnableBkUpAccess                          Drivers\STM32F3xx_HAL_Driver\stm32f3xx_hal_pwr.o
HAL_PWR_EnablePVD                                 Drivers\STM32F3xx_HAL_Driver\stm32f3xx_hal_pwr_ex.o
HAL_PWR_EnableSEVOnPend                           Drivers\STM32F3xx_HAL_Driver\stm32f3xx_hal_pwr.o
HAL_PWR_EnableSleepOnExit                         Drivers\STM32F3xx_HAL_Driver\stm32f3xx_hal_pwr.o
HAL_PWR_EnableWakeUpPin                           Drivers\STM32F3xx_HAL_Driver\stm32f3xx_hal_pwr.o
HAL_PWR_EnterSLEEPMode                            Drivers\STM32F3xx_HAL_Driver\stm32f3xx_hal_pwr.o
HAL_PWR_EnterSTANDBYMode                          Drivers\STM32F3xx_HAL_Driver\stm32f3xx_hal_pwr.o
HAL_PWR_EnterSTOPMode                             Drivers\STM32F3xx_HAL_Driver\stm32f3xx_hal_pwr.o
HAL_PWR_PVDCallback                               Drivers\STM32F3xx_HAL_Driver\stm32f3xx_hal_pwr_ex.o
HAL_PWR_PVD_IRQHandler                            Drivers\STM32F3xx_HAL_Driver\stm32f3xx_hal_pwr_ex.o
HAL_RCCEx_GetPeriphCLKConfig                      Drivers\STM32F3xx_HAL_Driver\stm32f3xx_hal_rcc_ex.o
HAL_RCCEx_GetPeriphCLKFreq                        Drivers\STM32F3xx_HAL_Driver\stm32f3xx_hal_rcc_ex.o
HAL_RCCEx_PeriphCLKConfig                         Drivers\STM32F3xx_HAL_Driver\stm32f3xx_hal_rcc_ex.o
                                                  Application\User\main.o
HAL_RCC_CSSCallback                               Drivers\STM32F3xx_HAL_Driver\stm32f3xx_hal_rcc.o
HAL_RCC_ClockConfig                               Drivers\STM32F3xx_HAL_Driver\stm32f3xx_hal_rcc.o
                                                  Application\User\main.o
HAL_RCC_DeInit                                    Drivers\STM32F3xx_HAL_Driver\stm32f3xx_hal_rcc.o
HAL_RCC_DisableCSS                                Drivers\STM32F3xx_HAL_Driver\stm32f3xx_hal_rcc.o
HAL_RCC_EnableCSS                                 Drivers\STM32F3xx_HAL_Driver\stm32f3xx_hal_rcc.o
HAL_RCC_GetClockConfig                            Drivers\STM32F3xx_HAL_Driver\stm32f3xx_hal_rcc.o
HAL_RCC_GetHCLKFreq                               Drivers\STM32F3xx_HAL_Driver\stm32f3xx_hal_rcc.o
                                                  Application\User\main.o
                                                  Drivers\STM32F3xx_HAL_Driver\stm32f3xx_hal.o
HAL_RCC_GetOscConfig                              Drivers\STM32F3xx_HAL_Driver\stm32f3xx_hal_rcc.o
HAL_RCC_GetPCLK1Freq                              Drivers\STM32F3xx_HAL_Driver\stm32f3xx_hal_rcc.o
                                                  Drivers\STM32F3xx_HAL_Driver\stm32f3xx_hal_rcc_ex.o
                                                  Drivers\STM32F3xx_HAL_Driver\stm32f3xx_hal_uart.o
HAL_RCC_GetPCLK2Freq                              Drivers\STM32F3xx_HAL_Driver\stm32f3xx_hal_rcc.o
                                                  Drivers\STM32F3xx_HAL_Driver\stm32f3xx_hal_rcc_ex.o
                                                  Drivers\STM32F3xx_HAL_Driver\stm32f3xx_hal_uart.o
HAL_RCC_GetSysClockFreq                           Drivers\STM32F3xx_HAL_Driver\stm32f3xx_hal_rcc.o
                                                  Drivers\STM32F3xx_HAL_Driver\stm32f3xx_hal_rcc_ex.o
                                                  Drivers\STM32F3xx_HAL_Driver\stm32f3xx_hal_uart.o
HAL_RCC_MCOConfig                                 Drivers\STM32F3xx_HAL_Driver\stm32f3xx_hal_rcc.o
HAL_RCC_NMI_IRQHandler                            Drivers\STM32F3xx_HAL_Driver\stm32f3xx_hal_rcc.o
HAL_RCC_OscConfig                                 Drivers\STM32F3xx_HAL_Driver\stm32f3xx_hal_rcc.o
                                                  Application\User\main.o
HAL_RS485Ex_Init                                  Drivers\STM32F3xx_HAL_Driver\stm32f3xx_hal_uart_ex.o
HAL_ResumeTick                                    Drivers\STM32F3xx_HAL_Driver\stm32f3xx_hal.o
HAL_SYSTICK_CLKSourceConfig                       Drivers\STM32F3xx_HAL_Driver\stm32f3xx_hal_cortex.o
                                                  Application\User\main.o
HAL_SYSTICK_Callback                              Drivers\STM32F3xx_HAL_Driver\stm32f3xx_hal_cortex.o
HAL_SYSTICK_Config                                Drivers\STM32F3xx_HAL_Driver\stm32f3xx_hal_cortex.o
                                                  Application\User\main.o
                                                  Drivers\STM32F3xx_HAL_Driver\stm32f3xx_hal.o
HAL_SYSTICK_IRQHandler                            Drivers\STM32F3xx_HAL_Driver\stm32f3xx_hal_cortex.o
                                                  Application\User\stm32f3xx_it.o
HAL_SuspendTick                                   Drivers\STM32F3xx_HAL_Driver\stm32f3xx_hal.o
HAL_UARTEx_DisableStopMode                        Drivers\STM32F3xx_HAL_Driver\stm32f3xx_hal_uart_ex.o
HAL_UARTEx_EnableStopMode                         Drivers\STM32F3xx_HAL_Driver\stm32f3xx_hal_uart_ex.o
HAL_UARTEx_StopModeWakeUpSourceConfig             Drivers\STM32F3xx_HAL_Driver\stm32f3xx_hal_uart_ex.o
HAL_UARTEx_WakeupCallback                         Drivers\STM32F3xx_HAL_Driver\stm32f3xx_hal_uart_ex.o
                                                  Drivers\STM32F3xx_HAL_Driver\stm32f3xx_hal_uart.o
HAL_UART_DMAPause                                 Drivers\STM32F3xx_HAL_Driver\stm32f3xx_hal_uart.o