Archive member included because of file (symbol)

c:/program files (x86)/atollic/truestudio for arm 5.4.0/armtools/bin/../lib/gcc/arm-atollic-eabi/4.8.3/../../../../arm-atollic-eabi/lib/armv7e-m/fpu\libc.a(lib_a-init.o)
                              Application\TrueSTUDIO\startup_stm32f303xe.o (__libc_init_array)
c:/program files (x86)/atollic/truestudio for arm 5.4.0/armtools/bin/../lib/gcc/arm-atollic-eabi/4.8.3/../../../../arm-atollic-eabi/lib/armv7e-m/fpu\libc.a(lib_a-memset.o)
                              Drivers\STM32F3xx_HAL_Driver\stm32f3xx_hal_rcc.o (memset)
c:/program files (x86)/atollic/truestudio for arm 5.4.0/armtools/bin/../lib/gcc/arm-atollic-eabi/4.8.3/armv7e-m/fpu\libgcc.a(_lshrdi3.o)
                              Drivers\STM32F3xx_HAL_Driver\stm32f3xx_hal_flash.o (__aeabi_llsr)

Allocating common symbols
Common symbol       size              file

hdma_usart2_rx      0x38              Application\User\main.o
debug_RxBuf         0x8               Application\User\main.o
debugUart           0xc               Application\User\main.o
fingerUart          0xc               Application\User\main.o
finger_RxBuf        0x8               Application\User\main.o
pFlash              0x20              Drivers\STM32F3xx_HAL_Driver\stm32f3xx_hal_flash.o
hdma_usart1_rx      0x38              Application\User\main.o
huart1              0x70              Application\User\main.o
huart2              0x70              Application\User\main.o

Discarded input sections

 .text          0x00000000        0x0 c:/program files (x86)/atollic/truestudio for arm 5.4.0/armtools/bin/../lib/gcc/arm-atollic-eabi/4.8.3/armv7e-m/fpu/crti.o
 .data          0x00000000        0x0 c:/program files (x86)/atollic/truestudio for arm 5.4.0/armtools/bin/../lib/gcc/arm-atollic-eabi/4.8.3/armv7e-m/fpu/crti.o
 .bss           0x00000000        0x0 c:/program files (x86)/atollic/truestudio for arm 5.4.0/armtools/bin/../lib/gcc/arm-atollic-eabi/4.8.3/armv7e-m/fpu/crti.o
 .data          0x00000000        0x4 c:/program files (x86)/atollic/truestudio for arm 5.4.0/armtools/bin/../lib/gcc/arm-atollic-eabi/4.8.3/armv7e-m/fpu/crtbegin.o
 .text          0x00000000        0x0 Drivers\STM32F3xx_HAL_Driver\stm32f3xx_hal_uart_ex.o
 .data          0x00000000        0x0 Drivers\STM32F3xx_HAL_Driver\stm32f3xx_hal_uart_ex.o
 .bss           0x00000000        0x0 Drivers\STM32F3xx_HAL_Driver\stm32f3xx_hal_uart_ex.o
 .text.HAL_RS485Ex_Init
                0x00000000       0x88 Drivers\STM32F3xx_HAL_Driver\stm32f3xx_hal_uart_ex.o
 .text.HAL_UARTEx_StopModeWakeUpSourceConfig
                0x00000000       0x72 Drivers\STM32F3xx_HAL_Driver\stm32f3xx_hal_uart_ex.o
 .text.HAL_UARTEx_EnableStopMode
                0x00000000       0x2a Drivers\STM32F3xx_HAL_Driver\stm32f3xx_hal_uart_ex.o
 .text.HAL_UARTEx_DisableStopMode
                0x00000000       0x2a Drivers\STM32F3xx_HAL_Driver\stm32f3xx_hal_uart_ex.o
 .text.HAL_MultiProcessorEx_AddressLength_Set
                0x00000000       0x2c Drivers\STM32F3xx_HAL_Driver\stm32f3xx_hal_uart_ex.o
 .text          0x00000000        0x0 Drivers\STM32F3xx_HAL_Driver\stm32f3xx_hal_uart.o
 .data          0x00000000        0x0 Drivers\STM32F3xx_HAL_Driver\stm32f3xx_hal_uart.o
 .bss           0x00000000        0x0 Drivers\STM32F3xx_HAL_Driver\stm32f3xx_hal_uart.o
 .text.HAL_UART_MspInit
                0x00000000        0x2 Drivers\STM32F3xx_HAL_Driver\stm32f3xx_hal_uart.o
 .text.HAL_UART_MspDeInit
                0x00000000        0x2 Drivers\STM32F3xx_HAL_Driver\stm32f3xx_hal_uart.o
 .text.HAL_UART_DeInit
                0x00000000       0x34 Drivers\STM32F3xx_HAL_Driver\stm32f3xx_hal_uart.o
 .text.HAL_UART_Receive_IT
                0x00000000       0xa2 Drivers\STM32F3xx_HAL_Driver\stm32f3xx_hal_uart.o
 .text.HAL_UART_Transmit_DMA
                0x00000000       0x88 Drivers\STM32F3xx_HAL_Driver\stm32f3xx_hal_uart.o
 .text.HAL_UART_DMAPause
                0x00000000       0x54 Drivers\STM32F3xx_HAL_Driver\stm32f3xx_hal_uart.o
 .text.HAL_UART_DMAResume
                0x00000000       0x5c Drivers\STM32F3xx_HAL_Driver\stm32f3xx_hal_uart.o
 .text.HAL_UART_DMAStop
                0x00000000       0x30 Drivers\STM32F3xx_HAL_Driver\stm32f3xx_hal_uart.o
 .text.UART_DMATransmitCplt
                0x00000000       0x2e Drivers\STM32F3xx_HAL_Driver\stm32f3xx_hal_uart.o
 .text.HAL_UART_TxHalfCpltCallback
                0x00000000        0x2 Drivers\STM32F3xx_HAL_Driver\stm32f3xx_hal_uart.o
 .text.UART_DMATxHalfCplt
                0x00000000        0xa Drivers\STM32F3xx_HAL_Driver\stm32f3xx_hal_uart.o
 .text.HAL_UART_RxCpltCallback
                0x00000000        0x2 Drivers\STM32F3xx_HAL_Driver\stm32f3xx_hal_uart.o
 .text.HAL_MultiProcessor_EnterMuteMode
                0x00000000        0xc Drivers\STM32F3xx_HAL_Driver\stm32f3xx_hal_uart.o
 .text.HAL_HalfDuplex_EnableTransmitter
                0x00000000       0x32 Drivers\STM32F3xx_HAL_Driver\stm32f3xx_hal_uart.o
 .text.HAL_HalfDuplex_EnableReceiver
[...]
Memory Configuration

Name             Origin             Length             Attributes
FLASH            0x08000000         0x00080000         xr
RAM              0x20000000         0x00010000         xrw
CCMRAM           0x10000000         0x00004000         rw
*default*        0x00000000         0xffffffff

Linker script and memory map

LOAD c:/program files (x86)/atollic/truestudio for arm 5.4.0/armtools/bin/../lib/gcc/arm-atollic-eabi/4.8.3/armv7e-m/fpu/crti.o
LOAD c:/program files (x86)/atollic/truestudio for arm 5.4.0/armtools/bin/../lib/gcc/arm-atollic-eabi/4.8.3/armv7e-m/fpu/crtbegin.o
LOAD Drivers\STM32F3xx_HAL_Driver\stm32f3xx_hal_uart_ex.o
LOAD Drivers\STM32F3xx_HAL_Driver\stm32f3xx_hal_uart.o
LOAD Drivers\STM32F3xx_HAL_Driver\stm32f3xx_hal_rcc_ex.o
LOAD Drivers\STM32F3xx_HAL_Driver\stm32f3xx_hal_rcc.o
LOAD Drivers\STM32F3xx_HAL_Driver\stm32f3xx_hal_pwr_ex.o
LOAD Drivers\STM32F3xx_HAL_Driver\stm32f3xx_hal_pwr.o
LOAD Drivers\STM32F3xx_HAL_Driver\stm32f3xx_hal_gpio.o
LOAD Drivers\STM32F3xx_HAL_Driver\stm32f3xx_hal_flash_ex.o
LOAD Drivers\STM32F3xx_HAL_Driver\stm32f3xx_hal_flash.o
LOAD Drivers\STM32F3xx_HAL_Driver\stm32f3xx_hal_dma.o
LOAD Drivers\STM32F3xx_HAL_Driver\stm32f3xx_hal_cortex.o
LOAD Drivers\STM32F3xx_HAL_Driver\stm32f3xx_hal.o
LOAD Drivers\CMSIS\system_stm32f3xx.o
LOAD Application\User\stm32f3xx_it.o
LOAD Application\User\stm32f3xx_hal_msp.o
LOAD Application\User\main.o
LOAD Application\TrueSTUDIO\startup_stm32f303xe.o
START GROUP
LOAD c:/program files (x86)/atollic/truestudio for arm 5.4.0/armtools/bin/../lib/gcc/arm-atollic-eabi/4.8.3/../../../../arm-atollic-eabi/lib/armv7e-m/fpu\libc.a
LOAD c:/program files (x86)/atollic/truestudio for arm 5.4.0/armtools/bin/../lib/gcc/arm-atollic-eabi/4.8.3/../../../../arm-atollic-eabi/lib/armv7e-m/fpu\libm.a
END GROUP
                0x00001000                malloc_getpagesize_P = 0x1000
START GROUP
LOAD c:/program files (x86)/atollic/truestudio for arm 5.4.0/armtools/bin/../lib/gcc/arm-atollic-eabi/4.8.3/armv7e-m/fpu\libgcc.a
LOAD c:/program files (x86)/atollic/truestudio for arm 5.4.0/armtools/bin/../lib/gcc/arm-atollic-eabi/4.8.3/../../../../arm-atollic-eabi/lib/armv7e-m/fpu\libc.a
END GROUP
LOAD c:/program files (x86)/atollic/truestudio for arm 5.4.0/armtools/bin/../lib/gcc/arm-atollic-eabi/4.8.3/armv7e-m/fpu/crtend.o
LOAD c:/program files (x86)/atollic/truestudio for arm 5.4.0/armtools/bin/../lib/gcc/arm-atollic-eabi/4.8.3/armv7e-m/fpu/crtn.o
                0x20010000                _estack = 0x20010000
                0x00000000                _Min_Heap_Size = 0x0
                0x00000400                _Min_Stack_Size = 0x400

.isr_vector     0x08000000      0x194
                0x08000000                . = ALIGN (0x4)
 *(.isr_vector)
 .isr_vector    0x08000000      0x194 Application\TrueSTUDIO\startup_stm32f303xe.o
                0x08000000                g_pfnVectors
                0x08000194                . = ALIGN (0x4)

.text           0x08000194     0x1ee8
                0x08000194                . = ALIGN (0x4)
 *(.text)
 .text          0x08000194       0x40 c:/program files (x86)/atollic/truestudio for arm 5.4.0/armtools/bin/../lib/gcc/arm-atollic-eabi/4.8.3/armv7e-m/fpu/crtbegin.o
 *(.text*)
 .text.HAL_UARTEx_WakeupCallback
                0x080001d4        0x2 Drivers\STM32F3xx_HAL_Driver\stm32f3xx_hal_uart_ex.o
                0x080001d4                HAL_UARTEx_WakeupCallback
 .text.HAL_UART_Transmit_IT
                0x080001d6       0x5a Drivers\STM32F3xx_HAL_Driver\stm32f3xx_hal_uart.o
                0x080001d6                HAL_UART_Transmit_IT
 .text.HAL_UART_Receive_DMA
                0x08000230       0x84 Drivers\STM32F3xx_HAL_Driver\stm32f3xx_hal_uart.o
                0x08000230                HAL_UART_Receive_DMA
 .text.HAL_UART_TxCpltCallback
                0x080002b4        0x2 Drivers\STM32F3xx_HAL_Driver\stm32f3xx_hal_uart.o
                0x080002b4                HAL_UART_TxCpltCallback
 .text.UART_DMAReceiveCplt
                0x080002b6       0x34 Drivers\STM32F3xx_HAL_Driver\stm32f3xx_hal_uart.o
 .text.HAL_UART_RxHalfCpltCallback
                0x080002ea        0x2 Drivers\STM32F3xx_HAL_Driver\stm32f3xx_hal_uart.o
                0x080002ea                HAL_UART_RxHalfCpltCallback
 .text.UART_DMARxHalfCplt
                0x080002ec        0xa Drivers\STM32F3xx_HAL_Driver\stm32f3xx_hal_uart.o
 .text.HAL_UART_ErrorCallback
                0x080002f6        0x2 Drivers\STM32F3xx_HAL_Driver\stm32f3xx_hal_uart.o
                0x080002f6                HAL_UART_ErrorCallback
 .text.UART_DMAError
                0x080002f8       0x22 Drivers\STM32F3xx_HAL_Driver\stm32f3xx_hal_uart.o
 *fill*         0x0800031a        0x2 
 .text.UART_SetConfig
                0x0800031c      0x1e0 Drivers\STM32F3xx_HAL_Driver\stm32f3xx_hal_uart.o
                0x0800031c                UART_SetConfig
 .text.UART_AdvFeatureConfig
                0x080004fc       0xa8 Drivers\STM32F3xx_HAL_Driver\stm32f3xx_hal_uart.o
                0x080004fc                UART_AdvFeatureConfig
 .text.UART_WaitOnFlagUntilTimeout
                0x080005a4       0x8a Drivers\STM32F3xx_HAL_Driver\stm32f3xx_hal_uart.o
                0x080005a4                UART_WaitOnFlagUntilTimeout
 .text.UART_CheckIdleState
                0x0800062e       0x50 Drivers\STM32F3xx_HAL_Driver\stm32f3xx_hal_uart.o
                0x0800062e                UART_CheckIdleState
 .text.HAL_UART_Init
                0x0800067e       0x64 Drivers\STM32F3xx_HAL_Driver\stm32f3xx_hal_uart.o
                0x0800067e                HAL_UART_Init
 .text.UART_Transmit_IT
                0x080006e2       0x5e Drivers\STM32F3xx_HAL_Driver\stm32f3xx_hal_uart.o
                0x080006e2                UART_Transmit_IT
 .text.UART_EndTransmit_IT
                0x08000740       0x24 Drivers\STM32F3xx_HAL_Driver\stm32f3xx_hal_uart.o
                0x08000740                UART_EndTransmit_IT
 .text.UART_Receive_IT
                0x08000764       0x84 Drivers\STM32F3xx_HAL_Driver\stm32f3xx_hal_uart.o
                0x08000764                UART_Receive_IT
 .text.HAL_UART_IRQHandler
                0x080007e8       0xee Drivers\STM32F3xx_HAL_Driver\stm32f3xx_hal_uart.o
                0x080007e8                HAL_UART_IRQHandler
 *fill*         0x080008d6        0x2 
 .text.HAL_RCCEx_PeriphCLKConfig
                0x080008d8      0x260 Drivers\STM32F3xx_HAL_Driver\stm32f3xx_hal_rcc_ex.o
                0x080008d8                HAL_RCCEx_PeriphCLKConfig
 .text.HAL_RCC_OscConfig
                0x08000b38      0x5a4 Drivers\STM32F3xx_HAL_Driver\stm32f3xx_hal_rcc.o
                0x08000b38                HAL_RCC_OscConfig
 .text.HAL_RCC_ClockConfig
                0x080010dc      0x21c Drivers\STM32F3xx_HAL_Driver\stm32f3xx_hal_rcc.o
                0x080010dc                HAL_RCC_ClockConfig
 .text.HAL_RCC_GetSysClockFreq
                0x080012f8       0x58 Drivers\STM32F3xx_HAL_Driver\stm32f3xx_hal_rcc.o
                0x080012f8                HAL_RCC_GetSysClockFreq
 .text.HAL_RCC_GetHCLKFreq
                0x08001350       0x34 Drivers\STM32F3xx_HAL_Driver\stm32f3xx_hal_rcc.o
                0x08001350                HAL_RCC_GetHCLKFreq
 .text.HAL_RCC_GetPCLK1Freq
                0x08001384       0x2c Drivers\STM32F3xx_HAL_Driver\stm32f3xx_hal_rcc.o
                0x08001384                HAL_RCC_GetPCLK1Freq
 .text.HAL_RCC_GetPCLK2Freq
                0x080013b0       0x2c Drivers\STM32F3xx_HAL_Driver\stm32f3xx_hal_rcc.o
                0x080013b0                HAL_RCC_GetPCLK2Freq
 .text.HAL_GPIO_Init
                0x080013dc      0x1bc Drivers\STM32F3xx_HAL_Driver\stm32f3xx_hal_gpio.o
                0x080013dc                HAL_GPIO_Init
 .text.HAL_GPIO_TogglePin
                0x08001598        0x8 Drivers\STM32F3xx_HAL_Driver\stm32f3xx_hal_gpio.o
                0x08001598                HAL_GPIO_TogglePin
 .text.HAL_DMA_Init
                0x080015a0       0x4a Drivers\STM32F3xx_HAL_Driver\stm32f3xx_hal_dma.o
                0x080015a0                HAL_DMA_Init
 .text.HAL_DMA_Start_IT
                0x080015ea       0x5a Drivers\STM32F3xx_HAL_Driver\stm32f3xx_hal_dma.o
                0x080015ea                HAL_DMA_Start_IT
 .text.HAL_DMA_IRQHandler
                0x08001644      0x3f0 Drivers\STM32F3xx_HAL_Driver\stm32f3xx_hal_dma.o
                0x08001644                HAL_DMA_IRQHandler
 .text.HAL_NVIC_SetPriorityGrouping
                0x08001a34       0x24 Drivers\STM32F3xx_HAL_Driver\stm32f3xx_hal_cortex.o
                0x08001a34                HAL_NVIC_SetPriorityGrouping
 .text.HAL_NVIC_SetPriority
                0x08001a58       0x64 Drivers\STM32F3xx_HAL_Driver\stm32f3xx_hal_cortex.o
                0x08001a58                HAL_NVIC_SetPriority
 .text.HAL_NVIC_EnableIRQ
                0x08001abc       0x18 Drivers\STM32F3xx_HAL_Driver\stm32f3xx_hal_cortex.o
                0x08001abc                HAL_NVIC_EnableIRQ
 .text.HAL_SYSTICK_Config
                0x08001ad4       0x2c Drivers\STM32F3xx_HAL_Driver\stm32f3xx_hal_cortex.o
                0x08001ad4                HAL_SYSTICK_Config
 .text.HAL_SYSTICK_CLKSourceConfig
                0x08001b00       0x18 Drivers\STM32F3xx_HAL_Driver\stm32f3xx_hal_cortex.o
                0x08001b00                HAL_SYSTICK_CLKSourceConfig
 .text.HAL_SYSTICK_Callback
                0x08001b18        0x2 Drivers\STM32F3xx_HAL_Driver\stm32f3xx_hal_cortex.o
                0x08001b18                HAL_SYSTICK_Callback
 .text.HAL_SYSTICK_IRQHandler
                0x08001b1a        0x8 Drivers\STM32F3xx_HAL_Driver\stm32f3xx_hal_cortex.o
                0x08001b1a                HAL_SYSTICK_IRQHandler
 .text.HAL_InitTick
                0x08001b22       0x24 Drivers\STM32F3xx_HAL_Driver\stm32f3xx_hal.o
                0x08001b22                HAL_InitTick
 *fill*         0x08001b46        0x2 
 .text.HAL_Init
                0x08001b48       0x24 Drivers\STM32F3xx_HAL_Driver\stm32f3xx_hal.o
                0x08001b48                HAL_Init
 .text.HAL_IncTick
                0x08001b6c       0x10 Drivers\STM32F3xx_HAL_Driver\stm32f3xx_hal.o
                0x08001b6c                HAL_IncTick
 .text.HAL_GetTick
                0x08001b7c        0xc Drivers\STM32F3xx_HAL_Driver\stm32f3xx_hal.o
                0x08001b7c                HAL_GetTick
 .text.SystemInit
                0x08001b88       0x68 Drivers\CMSIS\system_stm32f3xx.o
                0x08001b88                SystemInit
 .text.SysTick_Handler
                0x08001bf0        0xe Application\User\stm32f3xx_it.o
                0x08001bf0                SysTick_Handler
 *fill*         0x08001bfe        0x2 
 .text.DMA1_Channel5_IRQHandler
                0x08001c00        0xc Application\User\stm32f3xx_it.o
                0x08001c00                DMA1_Channel5_IRQHandler
 .text.DMA1_Channel6_IRQHandler
                0x08001c0c        0xc Application\User\stm32f3xx_it.o
                0x08001c0c                DMA1_Channel6_IRQHandler
 .text.USART1_IRQHandler
                0x08001c18        0xc Application\User\stm32f3xx_it.o
                0x08001c18                USART1_IRQHandler
 .text.USART2_IRQHandler
                0x08001c24        0xc Application\User\stm32f3xx_it.o
                0x08001c24                USART2_IRQHandler
 .text.HAL_MspInit
                0x08001c30       0x34 Application\User\stm32f3xx_hal_msp.o
                0x08001c30                HAL_MspInit
 .text.HAL_UART_MspInit
                0x08001c64       0xfc Application\User\stm32f3xx_hal_msp.o
                0x08001c64                HAL_UART_MspInit
 .text.SystemClock_Config
                0x08001d60       0x74 Application\User\main.o
                0x08001d60                SystemClock_Config
 .text.UART_RING_BUFFER_Init
                0x08001dd4       0x44 Application\User\main.o
                0x08001dd4                UART_RING_BUFFER_Init
 .text.UART_Aviable
                0x08001e18       0x16 Application\User\main.o
                0x08001e18                UART_Aviable
 .text.UART_Read
                0x08001e2e       0x24 Application\User\main.o
                0x08001e2e                UART_Read
 *fill*         0x08001e52        0x2 
 .text.startup.main
                0x08001e54      0x158 Application\User\main.o
                0x08001e54                main
 .text.HAL_UART_RxCpltCallback
                0x08001fac        0xa Application\User\main.o
                0x08001fac                HAL_UART_RxCpltCallback
 *fill*         0x08001fb6        0x2 
 .text.Reset_Handler
                0x08001fb8       0x5c Application\TrueSTUDIO\startup_stm32f303xe.o
                0x08001fb8                Reset_Handler
 .text.Default_Handler
                0x08002014        0x4 Application\TrueSTUDIO\startup_stm32f303xe.o
                0x08002014                RTC_Alarm_IRQHandler
                0x08002014                TIM8_TRG_COM_IRQHandler
                0x08002014                TIM8_CC_IRQHandler
                0x08002014                DebugMon_Handler
                0x08002014                SPI4_IRQHandler
                0x08002014                TIM1_CC_IRQHandler
                0x08002014                HardFault_Handler
                0x08002014                USB_HP_IRQHandler
                0x08002014                PVD_IRQHandler
                0x08002014                TAMP_STAMP_IRQHandler
                0x08002014                PendSV_Handler
                0x08002014                NMI_Handler
                0x08002014                EXTI3_IRQHandler
                0x08002014                I2C3_ER_IRQHandler
                0x08002014                USB_HP_CAN_TX_IRQHandler
                0x08002014                EXTI0_IRQHandler
                0x08002014                I2C2_EV_IRQHandler
                0x08002014                FPU_IRQHandler
                0x08002014                TIM1_UP_TIM16_IRQHandler
                0x08002014                UsageFault_Handler
                0x08002014                ADC1_2_IRQHandler
                0x08002014                SPI1_IRQHandler
                0x08002014                CAN_SCE_IRQHandler
                0x08002014                TIM6_DAC_IRQHandler
                0x08002014                TIM8_UP_IRQHandler
                0x08002014                DMA2_Channel2_IRQHandler
                0x08002014                DMA1_Channel4_IRQHandler
                0x08002014                TIM20_TRG_COM_IRQHandler
                0x08002014                USART3_IRQHandler
                0x08002014                DMA1_Channel7_IRQHandler
                0x08002014                UART5_IRQHandler
                0x08002014                ADC3_IRQHandler
                0x08002014                TIM4_IRQHandler
                0x08002014                CAN_RX1_IRQHandler
                0x08002014                DMA2_Channel1_IRQHandler
                0x08002014                I2C1_EV_IRQHandler
                0x08002014                UART4_IRQHandler
                0x08002014                DMA2_Channel4_IRQHandler
                0x08002014                TIM3_IRQHandler
                0x08002014                RCC_IRQHandler
                0x08002014                TIM20_UP_IRQHandler
                0x08002014                DMA1_Channel1_IRQHandler
                0x08002014                Default_Handler
                0x08002014                USBWakeUp_RMP_IRQHandler
                0x08002014                EXTI15_10_IRQHandler
                0x08002014                TIM7_IRQHandler
                0x08002014                I2C3_EV_IRQHandler
                0x08002014                EXTI9_5_IRQHandler
                0x08002014                RTC_WKUP_IRQHandler
                0x08002014                SPI2_IRQHandler
                0x08002014                USB_LP_CAN_RX0_IRQHandler
                0x08002014                MemManage_Handler
                0x08002014                SVC_Handler
                0x08002014                DMA2_Channel5_IRQHandler
                0x08002014                USB_LP_IRQHandler
                0x08002014                EXTI4_IRQHandler
                0x08002014                TIM1_TRG_COM_TIM17_IRQHandler
                0x08002014                DMA1_Channel3_IRQHandler
                0x08002014                ADC4_IRQHandler
                0x08002014                WWDG_IRQHandler
                0x08002014                TIM2_IRQHandler
                0x08002014                COMP7_IRQHandler
                0x08002014                COMP1_2_3_IRQHandler
                0x08002014                EXTI1_IRQHandler
                0x08002014                COMP4_5_6_IRQHandler
                0x08002014                TIM20_BRK_IRQHandler
                0x08002014                I2C2_ER_IRQHandler
                0x08002014                DMA1_Channel2_IRQHandler
                0x08002014                TIM8_BRK_IRQHandler
                0x08002014                FLASH_IRQHandler
                0x08002014                TIM20_CC_IRQHandler
                0x08002014                BusFault_Handler
                0x08002014                SPI3_IRQHandler
                0x08002014                I2C1_ER_IRQHandler
                0x08002014                FMC_IRQHandler
                0x08002014                USBWakeUp_IRQHandler
                0x08002014                DMA2_Channel3_IRQHandler
                0x08002014                EXTI2_TSC_IRQHandler
                0x08002014                TIM1_BRK_TIM15_IRQHandler
 .text.__libc_init_array
                0x08002018       0x4c c:/program files (x86)/atollic/truestudio for arm 5.4.0/armtools/bin/../lib/gcc/arm-atollic-eabi/4.8.3/../../../../arm-atollic-eabi/lib/armv7e-m/fpu\libc.a(lib_a-init.o)
                0x08002018                __libc_init_array
 *(.glue_7)
 .glue_7        0x00000000        0x0 linker stubs
 *(.glue_7t)
 .glue_7t       0x00000000        0x0 linker stubs
 *(.eh_frame)
 .eh_frame      0x08002064        0x0 c:/program files (x86)/atollic/truestudio for arm 5.4.0/armtools/bin/../lib/gcc/arm-atollic-eabi/4.8.3/armv7e-m/fpu/crtbegin.o
 *(.init)
 .init          0x08002064        0x4 c:/program files (x86)/atollic/truestudio for arm 5.4.0/armtools/bin/../lib/gcc/arm-atollic-eabi/4.8.3/armv7e-m/fpu/crti.o
                0x08002064                _init
 .init          0x08002068        0x8 c:/program files (x86)/atollic/truestudio for arm 5.4.0/armtools/bin/../lib/gcc/arm-atollic-eabi/4.8.3/armv7e-m/fpu/crtn.o
 *(.fini)
 .fini          0x08002070        0x4 c:/program files (x86)/atollic/truestudio for arm 5.4.0/armtools/bin/../lib/gcc/arm-atollic-eabi/4.8.3/armv7e-m/fpu/crti.o
                0x08002070                _fini
 .fini          0x08002074        0x8 c:/program files (x86)/atollic/truestudio for arm 5.4.0/armtools/bin/../lib/gcc/arm-atollic-eabi/4.8.3/armv7e-m/fpu/crtn.o
                0x0800207c                . = ALIGN (0x4)
                0x0800207c                _etext = .

.vfp11_veneer   0x0800207c        0x0
 .vfp11_veneer  0x00000000        0x0 linker stubs

.v4_bx          0x0800207c        0x0
 .v4_bx         0x00000000        0x0 linker stubs

.iplt           0x0800207c        0x0
 .iplt          0x00000000        0x0 c:/program files (x86)/atollic/truestudio for arm 5.4.0/armtools/bin/../lib/gcc/arm-atollic-eabi/4.8.3/armv7e-m/fpu/crtbegin.o

.rodata         0x0800207c       0x34
                0x0800207c                . = ALIGN (0x4)
 *(.rodata)
 *(.rodata*)
 .rodata.CSWTCH.31
                0x0800207c        0x4 Drivers\STM32F3xx_HAL_Driver\stm32f3xx_hal_uart.o
 .rodata.aPredivFactorTable
                0x08002080       0x10 Drivers\STM32F3xx_HAL_Driver\stm32f3xx_hal_rcc.o
                0x08002080                aPredivFactorTable
 .rodata.aPLLMULFactorTable
                0x08002090       0x10 Drivers\STM32F3xx_HAL_Driver\stm32f3xx_hal_rcc.o
                0x08002090                aPLLMULFactorTable
 .rodata.aAPBAHBPrescTable
                0x080020a0       0x10 Drivers\STM32F3xx_HAL_Driver\stm32f3xx_hal_rcc.o
                0x080020a0                aAPBAHBPrescTable
                0x080020b0                . = ALIGN (0x4)

.rel.dyn        0x080020b0        0x0
 .rel.iplt      0x00000000        0x0 c:/program files (x86)/atollic/truestudio for arm 5.4.0/armtools/bin/../lib/gcc/arm-atollic-eabi/4.8.3/armv7e-m/fpu/crtbegin.o

.ARM.extab
 *(.ARM.extab* .gnu.linkonce.armextab.*)

.ARM            0x080020b0        0x0
                0x080020b0                __exidx_start = .
 *(.ARM.exidx*)
                0x080020b0                __exidx_end = .

.preinit_array  0x080020b0        0x0
                0x080020b0                PROVIDE (__preinit_array_start, .)
 *(.preinit_array*)
                0x080020b0                PROVIDE (__preinit_array_end, .)

.init_array     0x080020b0        0x4
                0x080020b0                PROVIDE (__init_array_start, .)
 *(SORT(.init_array.*))
 *(.init_array*)
 .init_array    0x080020b0        0x4 c:/program files (x86)/atollic/truestudio for arm 5.4.0/armtools/bin/../lib/gcc/arm-atollic-eabi/4.8.3/armv7e-m/fpu/crtbegin.o
                0x080020b4                PROVIDE (__init_array_end, .)

.fini_array     0x080020b4        0x4
                0x080020b4                PROVIDE (__fini_array_start, .)
 *(SORT(.fini_array.*))
 *(.fini_array*)
 .fini_array    0x080020b4        0x4 c:/program files (x86)/atollic/truestudio for arm 5.4.0/armtools/bin/../lib/gcc/arm-atollic-eabi/4.8.3/armv7e-m/fpu/crtbegin.o
                0x080020b8                PROVIDE (__fini_array_end, .)
                0x080020b8                _sidata = LOADADDR (.data)

.data           0x20000000        0xc load address 0x080020b8
                0x20000000                . = ALIGN (0x4)
                0x20000000                _sdata = .
 *(.data)
 *(.data*)
 .data.SystemCoreClock
                0x20000000        0x4 Drivers\CMSIS\system_stm32f3xx.o
                0x20000000                SystemCoreClock
 .data.msg      0x20000004        0x8 Application\User\main.o
                0x20000004                msg
                0x2000000c                . = ALIGN (0x4)
                0x2000000c                _edata = .
                0x080020c4                _siccmram = LOADADDR (.ccmram)

.igot.plt       0x2000000c        0x0 load address 0x080020c4
 .igot.plt      0x00000000        0x0 c:/program files (x86)/atollic/truestudio for arm 5.4.0/armtools/bin/../lib/gcc/arm-atollic-eabi/4.8.3/armv7e-m/fpu/crtbegin.o

.ccmram         0x10000000        0x0 load address 0x080020c4
                0x10000000                . = ALIGN (0x4)
                0x10000000                _sccmram = .
 *(.ccmram)
 *(.ccmram*)
                0x10000000                . = ALIGN (0x4)
                0x10000000                _eccmram = .
                0x10000000                . = ALIGN (0x4)

.bss            0x2000000c      0x198
                0x2000000c                _sbss = .
                0x2000000c                __bss_start__ = _sbss
 *(.bss)
 .bss           0x2000000c       0x1c c:/program files (x86)/atollic/truestudio for arm 5.4.0/armtools/bin/../lib/gcc/arm-atollic-eabi/4.8.3/armv7e-m/fpu/crtbegin.o
 *(.bss*)
 .bss.uwTick    0x20000028        0x4 Drivers\STM32F3xx_HAL_Driver\stm32f3xx_hal.o
 *(COMMON)
 COMMON         0x2000002c      0x178 Application\User\main.o
                0x2000002c                hdma_usart2_rx
                0x20000064                debug_RxBuf
                0x2000006c                debugUart
                0x20000078                fingerUart
                0x20000084                finger_RxBuf
                0x2000008c                hdma_usart1_rx
                0x200000c4                huart1
                0x20000134                huart2
                0x200001a4                . = ALIGN (0x4)
                0x200001a4                _ebss = .
                0x200001a4                __bss_end__ = _ebss

._user_heap_stack
                0x200001a4      0x400
                0x200001a4                . = ALIGN (0x4)
                0x200001a4                PROVIDE (end, .)
                0x200001a4                PROVIDE (_end, .)
                0x200001a4                . = (. + _Min_Heap_Size)
                0x200005a4                . = (. + _Min_Stack_Size)
 *fill*         0x200001a4      0x400 
                0x200005a4                . = ALIGN (0x4)

/DISCARD/
 libc.a(*)
 libm.a(*)
 libgcc.a(*)

.ARM.attributes
                0x00000000       0x30
 *(.ARM.attributes)
 .ARM.attributes
                0x00000000       0x22 c:/program files (x86)/atollic/truestudio for arm 5.4.0/armtools/bin/../lib/gcc/arm-atollic-eabi/4.8.3/armv7e-m/fpu/crti.o
 .ARM.attributes
                0x00000022       0x34 c:/program files (x86)/atollic/truestudio for arm 5.4.0/armtools/bin/../lib/gcc/arm-atollic-eabi/4.8.3/armv7e-m/fpu/crtbegin.o
 .ARM.attributes
                0x00000056       0x39 Drivers\STM32F3xx_HAL_Driver\stm32f3xx_hal_uart_ex.o
 .ARM.attributes
                0x0000008f       0x39 Drivers\STM32F3xx_HAL_Driver\stm32f3xx_hal_uart.o
 .ARM.attributes
                0x000000c8       0x39 Drivers\STM32F3xx_HAL_Driver\stm32f3xx_hal_rcc_ex.o
 .ARM.attributes
                0x00000101       0x39 Drivers\STM32F3xx_HAL_Driver\stm32f3xx_hal_rcc.o
 .ARM.attributes
                0x0000013a       0x39 Drivers\STM32F3xx_HAL_Driver\stm32f3xx_hal_gpio.o
 .ARM.attributes
                0x00000173       0x39 Drivers\STM32F3xx_HAL_Driver\stm32f3xx_hal_dma.o
 .ARM.attributes
                0x000001ac       0x39 Drivers\STM32F3xx_HAL_Driver\stm32f3xx_hal_cortex.o
 .ARM.attributes
                0x000001e5       0x39 Drivers\STM32F3xx_HAL_Driver\stm32f3xx_hal.o
 .ARM.attributes
                0x0000021e       0x39 Drivers\CMSIS\system_stm32f3xx.o
 .ARM.attributes
                0x00000257       0x39 Application\User\stm32f3xx_it.o
 .ARM.attributes
                0x00000290       0x39 Application\User\stm32f3xx_hal_msp.o
 .ARM.attributes
                0x000002c9       0x39 Application\User\main.o
 .ARM.attributes
                0x00000302       0x21 Application\TrueSTUDIO\startup_stm32f303xe.o
 .ARM.attributes
                0x00000323       0x34 c:/program files (x86)/atollic/truestudio for arm 5.4.0/armtools/bin/../lib/gcc/arm-atollic-eabi/4.8.3/../../../../arm-atollic-eabi/lib/armv7e-m/fpu\libc.a(lib_a-init.o)
 .ARM.attributes
                0x00000357       0x22 c:/program files (x86)/atollic/truestudio for arm 5.4.0/armtools/bin/../lib/gcc/arm-atollic-eabi/4.8.3/armv7e-m/fpu/crtn.o
OUTPUT(TimesheetSystem Configuration.elf elf32-littlearm)

.debug_info     0x00000000     0x8626
 .debug_info    0x00000000      0x88b Drivers\STM32F3xx_HAL_Driver\stm32f3xx_hal_uart_ex.o
 .debug_info    0x0000088b     0x141d Drivers\STM32F3xx_HAL_Driver\stm32f3xx_hal_uart.o
 .debug_info    0x00001ca8      0x6ec Drivers\STM32F3xx_HAL_Driver\stm32f3xx_hal_rcc_ex.o
 .debug_info    0x00002394     0x1623 Drivers\STM32F3xx_HAL_Driver\stm32f3xx_hal_rcc.o
 .debug_info    0x000039b7      0x714 Drivers\STM32F3xx_HAL_Driver\stm32f3xx_hal_gpio.o
 .debug_info    0x000040cb      0x629 Drivers\STM32F3xx_HAL_Driver\stm32f3xx_hal_dma.o
 .debug_info    0x000046f4      0xe49 Drivers\STM32F3xx_HAL_Driver\stm32f3xx_hal_cortex.o
 .debug_info    0x0000553d      0x756 Drivers\STM32F3xx_HAL_Driver\stm32f3xx_hal.o
 .debug_info    0x00005c93      0x3b9 Drivers\CMSIS\system_stm32f3xx.o
 .debug_info    0x0000604c      0x686 Application\User\stm32f3xx_it.o
 .debug_info    0x000066d2      0xc1c Application\User\stm32f3xx_hal_msp.o
 .debug_info    0x000072ee     0x124f Application\User\main.o
 .debug_info    0x0000853d       0xe9 Application\TrueSTUDIO\startup_stm32f303xe.o

.debug_abbrev   0x00000000     0x18ef
 .debug_abbrev  0x00000000      0x1fb Drivers\STM32F3xx_HAL_Driver\stm32f3xx_hal_uart_ex.o
 .debug_abbrev  0x000001fb      0x1f1 Drivers\STM32F3xx_HAL_Driver\stm32f3xx_hal_uart.o
 .debug_abbrev  0x000003ec      0x267 Drivers\STM32F3xx_HAL_Driver\stm32f3xx_hal_rcc_ex.o
 .debug_abbrev  0x00000653      0x307 Drivers\STM32F3xx_HAL_Driver\stm32f3xx_hal_rcc.o
 .debug_abbrev  0x0000095a      0x1c6 Drivers\STM32F3xx_HAL_Driver\stm32f3xx_hal_gpio.o
 .debug_abbrev  0x00000b20      0x211 Drivers\STM32F3xx_HAL_Driver\stm32f3xx_hal_dma.o
 .debug_abbrev  0x00000d31      0x2c4 Drivers\STM32F3xx_HAL_Driver\stm32f3xx_hal_cortex.o
 .debug_abbrev  0x00000ff5      0x1e2 Drivers\STM32F3xx_HAL_Driver\stm32f3xx_hal.o
 .debug_abbrev  0x000011d7      0x101 Drivers\CMSIS\system_stm32f3xx.o
 .debug_abbrev  0x000012d8      0x150 Application\User\stm32f3xx_it.o
 .debug_abbrev  0x00001428      0x1d1 Application\User\stm32f3xx_hal_msp.o
 .debug_abbrev  0x000015f9      0x2e4 Application\User\main.o
 .debug_abbrev  0x000018dd       0x12 Application\TrueSTUDIO\startup_stm32f303xe.o

.debug_loc      0x00000000     0x323c
 .debug_loc     0x00000000      0x2a3 Drivers\STM32F3xx_HAL_Driver\stm32f3xx_hal_uart_ex.o
 .debug_loc     0x000002a3      0xdcf Drivers\STM32F3xx_HAL_Driver\stm32f3xx_hal_uart.o
 .debug_loc     0x00001072      0x7eb Drivers\STM32F3xx_HAL_Driver\stm32f3xx_hal_rcc_ex.o
 .debug_loc     0x0000185d      0xcfe Drivers\STM32F3xx_HAL_Driver\stm32f3xx_hal_rcc.o
 .debug_loc     0x0000255b      0x2d3 Drivers\STM32F3xx_HAL_Driver\stm32f3xx_hal_gpio.o
 .debug_loc     0x0000282e      0x3c9 Drivers\STM32F3xx_HAL_Driver\stm32f3xx_hal_dma.o
 .debug_loc     0x00002bf7      0x422 Drivers\STM32F3xx_HAL_Driver\stm32f3xx_hal_cortex.o
 .debug_loc     0x00003019       0x49 Drivers\STM32F3xx_HAL_Driver\stm32f3xx_hal.o
 .debug_loc     0x00003062       0xb0 Drivers\CMSIS\system_stm32f3xx.o
 .debug_loc     0x00003112       0x8f Application\User\stm32f3xx_hal_msp.o
 .debug_loc     0x000031a1       0x9b Application\User\main.o

.debug_aranges  0x00000000      0x580
 .debug_aranges
                0x00000000       0x48 Drivers\STM32F3xx_HAL_Driver\stm32f3xx_hal_uart_ex.o
 .debug_aranges
                0x00000048      0x170 Drivers\STM32F3xx_HAL_Driver\stm32f3xx_hal_uart.o
 .debug_aranges
                0x000001b8       0x38 Drivers\STM32F3xx_HAL_Driver\stm32f3xx_hal_rcc_ex.o
 .debug_aranges
                0x000001f0       0x88 Drivers\STM32F3xx_HAL_Driver\stm32f3xx_hal_rcc.o
 .debug_aranges
                0x00000278       0x58 Drivers\STM32F3xx_HAL_Driver\stm32f3xx_hal_gpio.o
 .debug_aranges
                0x000002d0       0x60 Drivers\STM32F3xx_HAL_Driver\stm32f3xx_hal_dma.o
 .debug_aranges
                0x00000330       0x98 Drivers\STM32F3xx_HAL_Driver\stm32f3xx_hal_cortex.o
 .debug_aranges
                0x000003c8       0xb0 Drivers\STM32F3xx_HAL_Driver\stm32f3xx_hal.o
 .debug_aranges
                0x00000478       0x28 Drivers\CMSIS\system_stm32f3xx.o
 .debug_aranges
                0x000004a0       0x40 Application\User\stm32f3xx_it.o
 .debug_aranges
                0x000004e0       0x30 Application\User\stm32f3xx_hal_msp.o
 .debug_aranges
                0x00000510       0x48 Application\User\main.o
 .debug_aranges
                0x00000558       0x28 Application\TrueSTUDIO\startup_stm32f303xe.o

.debug_ranges   0x00000000      0x7b0
 .debug_ranges  0x00000000       0x38 Drivers\STM32F3xx_HAL_Driver\stm32f3xx_hal_uart_ex.o
 .debug_ranges  0x00000038      0x160 Drivers\STM32F3xx_HAL_Driver\stm32f3xx_hal_uart.o
 .debug_ranges  0x00000198       0x40 Drivers\STM32F3xx_HAL_Driver\stm32f3xx_hal_rcc_ex.o
 .debug_ranges  0x000001d8      0x210 Drivers\STM32F3xx_HAL_Driver\stm32f3xx_hal_rcc.o
 .debug_ranges  0x000003e8       0x60 Drivers\STM32F3xx_HAL_Driver\stm32f3xx_hal_gpio.o
 .debug_ranges  0x00000448       0x50 Drivers\STM32F3xx_HAL_Driver\stm32f3xx_hal_dma.o
 .debug_ranges  0x00000498       0xd8 Drivers\STM32F3xx_HAL_Driver\stm32f3xx_hal_cortex.o
 .debug_ranges  0x00000570       0xa0 Drivers\STM32F3xx_HAL_Driver\stm32f3xx_hal.o
 .debug_ranges  0x00000610       0x18 Drivers\CMSIS\system_stm32f3xx.o
 .debug_ranges  0x00000628       0x30 Application\User\stm32f3xx_it.o
 .debug_ranges  0x00000658       0x70 Application\User\stm32f3xx_hal_msp.o
 .debug_ranges  0x000006c8       0xc8 Application\User\main.o
 .debug_ranges  0x00000790       0x20 Application\TrueSTUDIO\startup_stm32f303xe.o

.debug_line     0x00000000     0x3821
 .debug_line    0x00000000      0x322 Drivers\STM32F3xx_HAL_Driver\stm32f3xx_hal_uart_ex.o
 .debug_line    0x00000322      0xb20 Drivers\STM32F3xx_HAL_Driver\stm32f3xx_hal_uart.o
 .debug_line    0x00000e42      0x4dc Drivers\STM32F3xx_HAL_Driver\stm32f3xx_hal_rcc_ex.o
 .debug_line    0x0000131e      0x889 Drivers\STM32F3xx_HAL_Driver\stm32f3xx_hal_rcc.o
 .debug_line    0x00001ba7      0x389 Drivers\STM32F3xx_HAL_Driver\stm32f3xx_hal_gpio.o
 .debug_line    0x00001f30      0x626 Drivers\STM32F3xx_HAL_Driver\stm32f3xx_hal_dma.o
 .debug_line    0x00002556      0x3f9 Drivers\STM32F3xx_HAL_Driver\stm32f3xx_hal_cortex.o
 .debug_line    0x0000294f      0x375 Drivers\STM32F3xx_HAL_Driver\stm32f3xx_hal.o
 .debug_line    0x00002cc4      0x202 Drivers\CMSIS\system_stm32f3xx.o
 .debug_line    0x00002ec6      0x27c Application\User\stm32f3xx_it.o
 .debug_line    0x00003142      0x2be Application\User\stm32f3xx_hal_msp.o
 .debug_line    0x00003400      0x36d Application\User\main.o
 .debug_line    0x0000376d       0xb4 Application\TrueSTUDIO\startup_stm32f303xe.o

.debug_str      0x00000000     0x22ec
 .debug_str     0x00000000      0x7dc Drivers\STM32F3xx_HAL_Driver\stm32f3xx_hal_uart_ex.o
                                0x881 (size before relaxing)
 .debug_str     0x000007dc      0x4fc Drivers\STM32F3xx_HAL_Driver\stm32f3xx_hal_uart.o
                                0xcaa (size before relaxing)
 .debug_str     0x00000cd8      0x30d Drivers\STM32F3xx_HAL_Driver\stm32f3xx_hal_rcc_ex.o
                                0x617 (size before relaxing)
 .debug_str     0x00000fe5      0x331 Drivers\STM32F3xx_HAL_Driver\stm32f3xx_hal_rcc.o
                                0x69c (size before relaxing)
 .debug_str     0x00001316      0x1ea Drivers\STM32F3xx_HAL_Driver\stm32f3xx_hal_gpio.o
                                0x51b (size before relaxing)
 .debug_str     0x00001500      0x12f Drivers\STM32F3xx_HAL_Driver\stm32f3xx_hal_dma.o
                                0x567 (size before relaxing)
 .debug_str     0x0000162f      0x89f Drivers\STM32F3xx_HAL_Driver\stm32f3xx_hal_cortex.o
                                0xbdb (size before relaxing)
 .debug_str     0x00001ece      0x1ba Drivers\STM32F3xx_HAL_Driver\stm32f3xx_hal.o
                                0x993 (size before relaxing)
 .debug_str     0x00002088       0x85 Drivers\CMSIS\system_stm32f3xx.o
                                0x35e (size before relaxing)
 .debug_str     0x0000210d       0xae Application\User\stm32f3xx_it.o
                                0x743 (size before relaxing)
 .debug_str     0x000021bb       0x31 Application\User\stm32f3xx_hal_msp.o
                                0xce5 (size before relaxing)
 .debug_str     0x000021ec      0x100 Application\User\main.o
                               0x1118 (size before relaxing)

.comment        0x00000000       0x82
 .comment       0x00000000       0x82 Drivers\STM32F3xx_HAL_Driver\stm32f3xx_hal_uart_ex.o
                                 0x83 (size before relaxing)
 .comment       0x00000000       0x83 Drivers\STM32F3xx_HAL_Driver\stm32f3xx_hal_uart.o
 .comment       0x00000000       0x83 Drivers\STM32F3xx_HAL_Driver\stm32f3xx_hal_rcc_ex.o
 .comment       0x00000000       0x83 Drivers\STM32F3xx_HAL_Driver\stm32f3xx_hal_rcc.o
 .comment       0x00000000       0x83 Drivers\STM32F3xx_HAL_Driver\stm32f3xx_hal_gpio.o
 .comment       0x00000000       0x83 Drivers\STM32F3xx_HAL_Driver\stm32f3xx_hal_dma.o
 .comment       0x00000000       0x83 Drivers\STM32F3xx_HAL_Driver\stm32f3xx_hal_cortex.o
 .comment       0x00000000       0x83 Drivers\STM32F3xx_HAL_Driver\stm32f3xx_hal.o
 .comment       0x00000000       0x83 Drivers\CMSIS\system_stm32f3xx.o
 .comment       0x00000000       0x83 Application\User\stm32f3xx_it.o
 .comment       0x00000000       0x83 Application\User\stm32f3xx_hal_msp.o
 .comment       0x00000000       0x83 Application\User\main.o

.debug_frame    0x00000000      0xc0c
 .debug_frame   0x00000000       0x90 Drivers\STM32F3xx_HAL_Driver\stm32f3xx_hal_uart_ex.o
 .debug_frame   0x00000090      0x3b4 Drivers\STM32F3xx_HAL_Driver\stm32f3xx_hal_uart.o
 .debug_frame   0x00000444       0x70 Drivers\STM32F3xx_HAL_Driver\stm32f3xx_hal_rcc_ex.o
 .debug_frame   0x000004b4      0x140 Drivers\STM32F3xx_HAL_Driver\stm32f3xx_hal_rcc.o
 .debug_frame   0x000005f4       0xc8 Drivers\STM32F3xx_HAL_Driver\stm32f3xx_hal_gpio.o
 .debug_frame   0x000006bc       0xfc Drivers\STM32F3xx_HAL_Driver\stm32f3xx_hal_dma.o
 .debug_frame   0x000007b8      0x130 Drivers\STM32F3xx_HAL_Driver\stm32f3xx_hal_cortex.o
 .debug_frame   0x000008e8      0x164 Drivers\STM32F3xx_HAL_Driver\stm32f3xx_hal.o
 .debug_frame   0x00000a4c       0x38 Drivers\CMSIS\system_stm32f3xx.o
 .debug_frame   0x00000a84       0x68 Application\User\stm32f3xx_it.o
 .debug_frame   0x00000aec       0x64 Application\User\stm32f3xx_hal_msp.o
 .debug_frame   0x00000b50       0x90 Application\User\main.o
 .debug_frame   0x00000be0       0x2c c:/program files (x86)/atollic/truestudio for arm 5.4.0/armtools/bin/../lib/gcc/arm-atollic-eabi/4.8.3/../../../../arm-atollic-eabi/lib/armv7e-m/fpu\libc.a(lib_a-init.o)

Cross Reference Table

Symbol                                            File
ADC1_2_IRQHandler                                 Application\TrueSTUDIO\startup_stm32f303xe.o
ADC3_IRQHandler                                   Application\TrueSTUDIO\startup_stm32f303xe.o
ADC4_IRQHandler                                   Application\TrueSTUDIO\startup_stm32f303xe.o
AHBPrescTable                                     Drivers\CMSIS\system_stm32f3xx.o
BusFault_Handler                                  Application\TrueSTUDIO\startup_stm32f303xe.o
CAN_RX1_IRQHandler                                Application\TrueSTUDIO\startup_stm32f303xe.o
CAN_SCE_IRQHandler                                Application\TrueSTUDIO\startup_stm32f303xe.o
COMP1_2_3_IRQHandler                              Application\TrueSTUDIO\startup_stm32f303xe.o
COMP4_5_6_IRQHandler                              Application\TrueSTUDIO\startup_stm32f303xe.o
COMP7_IRQHandler                                  Application\TrueSTUDIO\startup_stm32f303xe.o
DMA1_Channel1_IRQHandler                          Application\TrueSTUDIO\startup_stm32f303xe.o
DMA1_Channel2_IRQHandler                          Application\TrueSTUDIO\startup_stm32f303xe.o
DMA1_Channel3_IRQHandler                          Application\TrueSTUDIO\startup_stm32f303xe.o
DMA1_Channel4_IRQHandler                          Application\TrueSTUDIO\startup_stm32f303xe.o
DMA1_Channel5_IRQHandler                          Application\User\stm32f3xx_it.o
DMA1_Channel6_IRQHandler                          Application\User\stm32f3xx_it.o
DMA1_Channel7_IRQHandler                          Application\TrueSTUDIO\startup_stm32f303xe.o
DMA2_Channel1_IRQHandler                          Application\TrueSTUDIO\startup_stm32f303xe.o
DMA2_Channel2_IRQHandler                          Application\TrueSTUDIO\startup_stm32f303xe.o
DMA2_Channel3_IRQHandler                          Application\TrueSTUDIO\startup_stm32f303xe.o
DMA2_Channel4_IRQHandler                          Application\TrueSTUDIO\startup_stm32f303xe.o
DMA2_Channel5_IRQHandler                          Application\TrueSTUDIO\startup_stm32f303xe.o
DebugMon_Handler                                  Application\TrueSTUDIO\startup_stm32f303xe.o
Default_Handler                                   Application\TrueSTUDIO\startup_stm32f303xe.o
EXTI0_IRQHandler                                  Application\TrueSTUDIO\startup_stm32f303xe.o
EXTI15_10_IRQHandler                              Application\TrueSTUDIO\startup_stm32f303xe.o
EXTI1_IRQHandler                                  Application\TrueSTUDIO\startup_stm32f303xe.o
EXTI2_TSC_IRQHandler                              Application\TrueSTUDIO\startup_stm32f303xe.o
EXTI3_IRQHandler                                  Application\TrueSTUDIO\startup_stm32f303xe.o
EXTI4_IRQHandler                                  Application\TrueSTUDIO\startup_stm32f303xe.o
EXTI9_5_IRQHandler                                Application\TrueSTUDIO\startup_stm32f303xe.o
FLASH_IRQHandler                                  Application\TrueSTUDIO\startup_stm32f303xe.o
FLASH_PageErase                                   Drivers\STM32F3xx_HAL_Driver\stm32f3xx_hal_flash_ex.o
                                                  Drivers\STM32F3xx_HAL_Driver\stm32f3xx_hal_flash.o
FLASH_WaitForLastOperation                        Drivers\STM32F3xx_HAL_Driver\stm32f3xx_hal_flash.o
                                                  Drivers\STM32F3xx_HAL_Driver\stm32f3xx_hal_flash_ex.o
FMC_IRQHandler                                    Application\TrueSTUDIO\startup_stm32f303xe.o
FPU_IRQHandler                                    Application\TrueSTUDIO\startup_stm32f303xe.o
HAL_DBGMCU_DisableDBGSleepMode                    Drivers\STM32F3xx_HAL_Driver\stm32f3xx_hal.o
HAL_DBGMCU_DisableDBGStandbyMode                  Drivers\STM32F3xx_HAL_Driver\stm32f3xx_hal.o
HAL_DBGMCU_DisableDBGStopMode                     Drivers\STM32F3xx_HAL_Driver\stm32f3xx_hal.o
HAL_DBGMCU_EnableDBGSleepMode                     Drivers\STM32F3xx_HAL_Driver\stm32f3xx_hal.o
HAL_DBGMCU_EnableDBGStandbyMode                   Drivers\STM32F3xx_HAL_Driver\stm32f3xx_hal.o
HAL_DBGMCU_EnableDBGStopMode                      Drivers\STM32F3xx_HAL_Driver\stm32f3xx_hal.o
HAL_DMA_Abort                                     Drivers\STM32F3xx_HAL_Driver\stm32f3xx_hal_dma.o
                                                  Drivers\STM32F3xx_HAL_Driver\stm32f3xx_hal_uart.o
HAL_DMA_DeInit                                    Drivers\STM32F3xx_HAL_Driver\stm32f3xx_hal_dma.o
                                                  Application\User\stm32f3xx_hal_msp.o
HAL_DMA_GetError                                  Drivers\STM32F3xx_HAL_Driver\stm32f3xx_hal_dma.o
HAL_DMA_GetState                                  Drivers\STM32F3xx_HAL_Driver\stm32f3xx_hal_dma.o
HAL_DMA_IRQHandler                                Drivers\STM32F3xx_HAL_Driver\stm32f3xx_hal_dma.o
                                                  Application\User\stm32f3xx_it.o
HAL_DMA_Init                                      Drivers\STM32F3xx_HAL_Driver\stm32f3xx_hal_dma.o
                                                  Application\User\stm32f3xx_hal_msp.o
HAL_DMA_PollForTransfer                           Drivers\STM32F3xx_HAL_Driver\stm32f3xx_hal_dma.o
HAL_DMA_Start                                     Drivers\STM32F3xx_HAL_Driver\stm32f3xx_hal_dma.o
HAL_DMA_Start_IT                                  Drivers\STM32F3xx_HAL_Driver\stm32f3xx_hal_dma.o
                                                  Drivers\STM32F3xx_HAL_Driver\stm32f3xx_hal_uart.o
HAL_DeInit                                        Drivers\STM32F3xx_HAL_Driver\stm32f3xx_hal.o
HAL_Delay                                         Drivers\STM32F3xx_HAL_Driver\stm32f3xx_hal.o
HAL_FLASHEx_Erase                                 Drivers\STM32F3xx_HAL_Driver\stm32f3xx_hal_flash_ex.o
HAL_FLASHEx_Erase_IT                              Drivers\STM32F3xx_HAL_Driver\stm32f3xx_hal_flash_ex.o
HAL_FLASHEx_OBErase                               Drivers\STM32F3xx_HAL_Driver\stm32f3xx_hal_flash_ex.o
HAL_FLASHEx_OBGetConfig                           Drivers\STM32F3xx_HAL_Driver\stm32f3xx_hal_flash_ex.o
HAL_FLASHEx_OBGetUserData                         Drivers\STM32F3xx_HAL_Driver\stm32f3xx_hal_flash_ex.o
HAL_FLASHEx_OBProgram                             Drivers\STM32F3xx_HAL_Driver\stm32f3xx_hal_flash_ex.o
HAL_FLASH_EndOfOperationCallback                  Drivers\STM32F3xx_HAL_Driver\stm32f3xx_hal_flash.o
HAL_FLASH_GetError                                Drivers\STM32F3xx_HAL_Driver\stm32f3xx_hal_flash.o
HAL_FLASH_IRQHandler                              Drivers\STM32F3xx_HAL_Driver\stm32f3xx_hal_flash.o
HAL_FLASH_Lock                                    Drivers\STM32F3xx_HAL_Driver\stm32f3xx_hal_flash.o
HAL_FLASH_OB_Launch                               Drivers\STM32F3xx_HAL_Driver\stm32f3xx_hal_flash.o
HAL_FLASH_OB_Lock                                 Drivers\STM32F3xx_HAL_Driver\stm32f3xx_hal_flash.o
HAL_FLASH_OB_Unlock                               Drivers\STM32F3xx_HAL_Driver\stm32f3xx_hal_flash.o
HAL_FLASH_OperationErrorCallback                  Drivers\STM32F3xx_HAL_Driver\stm32f3xx_hal_flash.o
HAL_FLASH_Program                                 Drivers\STM32F3xx_HAL_Driver\stm32f3xx_hal_flash.o
HAL_FLASH_Program_IT                              Drivers\STM32F3xx_HAL_Driver\stm32f3xx_hal_flash.o
HAL_FLASH_Unlock                                  Drivers\STM32F3xx_HAL_Driver\stm32f3xx_hal_flash.o
HAL_GPIO_DeInit                                   Drivers\STM32F3xx_HAL_Driver\stm32f3xx_hal_gpio.o
                                                  Application\User\stm32f3xx_hal_msp.o
HAL_GPIO_EXTI_Callback                            Drivers\STM32F3xx_HAL_Driver\stm32f3xx_hal_gpio.o
HAL_GPIO_EXTI_IRQHandler                          Drivers\STM32F3xx_HAL_Driver\stm32f3xx_hal_gpio.o
HAL_GPIO_Init                                     Drivers\STM32F3xx_HAL_Driver\stm32f3xx_hal_gpio.o
                                                  Application\User\main.o
                                                  Application\User\stm32f3xx_hal_msp.o
                                                  Drivers\STM32F3xx_HAL_Driver\stm32f3xx_hal_rcc.o
HAL_GPIO_LockPin                                  Drivers\STM32F3xx_HAL_Driver\stm32f3xx_hal_gpio.o
HAL_GPIO_ReadPin                                  Drivers\STM32F3xx_HAL_Driver\stm32f3xx_hal_gpio.o
HAL_GPIO_TogglePin                                Drivers\STM32F3xx_HAL_Driver\stm32f3xx_hal_gpio.o
                                                  Application\User\main.o
HAL_GPIO_WritePin                                 Drivers\STM32F3xx_HAL_Driver\stm32f3xx_hal_gpio.o
HAL_GetDEVID                                      Drivers\STM32F3xx_HAL_Driver\stm32f3xx_hal.o
HAL_GetHalVersion                                 Drivers\STM32F3xx_HAL_Driver\stm32f3xx_hal.o
HAL_GetREVID                                      Drivers\STM32F3xx_HAL_Driver\stm32f3xx_hal.o
HAL_GetTick                                       Drivers\STM32F3xx_HAL_Driver\stm32f3xx_hal.o
                                                  Drivers\STM32F3xx_HAL_Driver\stm32f3xx_hal_dma.o
                                                  Drivers\STM32F3xx_HAL_Driver\stm32f3xx_hal_flash.o
                                                  Drivers\STM32F3xx_HAL_Driver\stm32f3xx_hal_rcc.o
                                                  Drivers\STM32F3xx_HAL_Driver\stm32f3xx_hal_rcc_ex.o
                                                  Drivers\STM32F3xx_HAL_Driver\stm32f3xx_hal_uart.o
HAL_HalfDuplex_EnableReceiver                     Drivers\STM32F3xx_HAL_Driver\stm32f3xx_hal_uart.o
HAL_HalfDuplex_EnableTransmitter                  Drivers\STM32F3xx_HAL_Driver\stm32f3xx_hal_uart.o
HAL_HalfDuplex_Init                               Drivers\STM32F3xx_HAL_Driver\stm32f3xx_hal_uart.o
HAL_IncTick                                       Drivers\STM32F3xx_HAL_Driver\stm32f3xx_hal.o
                                                  Application\User\stm32f3xx_it.o
HAL_Init                                          Drivers\STM32F3xx_HAL_Driver\stm32f3xx_hal.o
                                                  Application\User\main.o
HAL_InitTick                                      Drivers\STM32F3xx_HAL_Driver\stm32f3xx_hal.o
                                                  Drivers\STM32F3xx_HAL_Driver\stm32f3xx_hal_rcc.o
HAL_LIN_Init                                      Drivers\STM32F3xx_HAL_Driver\stm32f3xx_hal_uart.o
HAL_LIN_SendBreak                                 Drivers\STM32F3xx_HAL_Driver\stm32f3xx_hal_uart.o
HAL_MPU_ConfigRegion                              Drivers\STM32F3xx_HAL_Driver\stm32f3xx_hal_cortex.o
HAL_MspDeInit                                     Drivers\STM32F3xx_HAL_Driver\stm32f3xx_hal.o
HAL_MspInit                                       Application\User\stm32f3xx_hal_msp.o
                                                  Drivers\STM32F3xx_HAL_Driver\stm32f3xx_hal.o
HAL_MultiProcessorEx_AddressLength_Set            Drivers\STM32F3xx_HAL_Driver\stm32f3xx_hal_uart_ex.o
HAL_MultiProcessor_DisableMuteMode                Drivers\STM32F3xx_HAL_Driver\stm32f3xx_hal_uart.o
HAL_MultiProcessor_EnableMuteMode                 Drivers\STM32F3xx_HAL_Driver\stm32f3xx_hal_uart.o
HAL_MultiProcessor_EnterMuteMode                  Drivers\STM32F3xx_HAL_Driver\stm32f3xx_hal_uart.o
HAL_MultiProcessor_Init                           Drivers\STM32F3xx_HAL_Driver\stm32f3xx_hal_uart.o
HAL_NVIC_ClearPendingIRQ                          Drivers\STM32F3xx_HAL_Driver\stm32f3xx_hal_cortex.o
HAL_NVIC_DisableIRQ                               Drivers\STM32F3xx_HAL_Driver\stm32f3xx_hal_cortex.o
                                                  Application\User\stm32f3xx_hal_msp.o
HAL_NVIC_EnableIRQ                                Drivers\STM32F3xx_HAL_Driver\stm32f3xx_hal_cortex.o
                                                  Application\User\main.o
                                                  Application\User\stm32f3xx_hal_msp.o
HAL_NVIC_GetActive                                Drivers\STM32F3xx_HAL_Driver\stm32f3xx_hal_cortex.o
HAL_NVIC_GetPendingIRQ                            Drivers\STM32F3xx_HAL_Driver\stm32f3xx_hal_cortex.o
HAL_NVIC_GetPriority                              Drivers\STM32F3xx_HAL_Driver\stm32f3xx_hal_cortex.o
HAL_NVIC_GetPriorityGrouping                      Drivers\STM32F3xx_HAL_Driver\stm32f3xx_hal_cortex.o
HAL_NVIC_SetPendingIRQ                            Drivers\STM32F3xx_HAL_Driver\stm32f3xx_hal_cortex.o
HAL_NVIC_SetPriority                              Drivers\STM32F3xx_HAL_Driver\stm32f3xx_hal_cortex.o
                                                  Application\User\main.o
                                                  Application\User\stm32f3xx_hal_msp.o
                                                  Drivers\STM32F3xx_HAL_Driver\stm32f3xx_hal.o
HAL_NVIC_SetPriorityGrouping                      Drivers\STM32F3xx_HAL_Driver\stm32f3xx_hal_cortex.o
                                                  Application\User\stm32f3xx_hal_msp.o
                                                  Drivers\STM32F3xx_HAL_Driver\stm32f3xx_hal.o
HAL_NVIC_SystemReset                              Drivers\STM32F3xx_HAL_Driver\stm32f3xx_hal_cortex.o
HAL_PWR_ConfigPVD                                 Drivers\STM32F3xx_HAL_Driver\stm32f3xx_hal_pwr_ex.o
HAL_PWR_DeInit                                    Drivers\STM32F3xx_HAL_Driver\stm32f3xx_hal_pwr.o
HAL_PWR_DisableBkUpAccess                         Drivers\STM32F3xx_HAL_Driver\stm32f3xx_hal_pwr.o
HAL_PWR_DisablePVD                                Drivers\STM32F3xx_HAL_Driver\stm32f3xx_hal_pwr_ex.o
HAL_PWR_DisableSEVOnPend                          Drivers\STM32F3xx_HAL_Driver\stm32f3xx_hal_pwr.o
HAL_PWR_DisableSleepOnExit                        Drivers\STM32F3xx_HAL_Driver\stm32f3xx_hal_pwr.o
HAL_PWR_DisableWakeUpPin                          Drivers\STM32F3xx_HAL_Driver\stm32f3xx_hal_pwr.o
HAL_PWR_EnableBkUpAccess                          Drivers\STM32F3xx_HAL_Driver\stm32f3xx_hal_pwr.o
HAL_PWR_EnablePVD                                 Drivers\STM32F3xx_HAL_Driver\stm32f3xx_hal_pwr_ex.o
HAL_PWR_EnableSEVOnPend                           Drivers\STM32F3xx_HAL_Driver\stm32f3xx_hal_pwr.o
HAL_PWR_EnableSleepOnExit                         Drivers\STM32F3xx_HAL_Driver\stm32f3xx_hal_pwr.o
HAL_PWR_EnableWakeUpPin                           Drivers\STM32F3xx_HAL_Driver\stm32f3xx_hal_pwr.o
HAL_PWR_EnterSLEEPMode                            Drivers\STM32F3xx_HAL_Driver\stm32f3xx_hal_pwr.o
HAL_PWR_EnterSTANDBYMode                          Drivers\STM32F3xx_HAL_Driver\stm32f3xx_hal_pwr.o
HAL_PWR_EnterSTOPMode                             Drivers\STM32F3xx_HAL_Driver\stm32f3xx_hal_pwr.o
HAL_PWR_PVDCallback                               Drivers\STM32F3xx_HAL_Driver\stm32f3xx_hal_pwr_ex.o
HAL_PWR_PVD_IRQHandler                            Drivers\STM32F3xx_HAL_Driver\stm32f3xx_hal_pwr_ex.o
HAL_RCCEx_GetPeriphCLKConfig                      Drivers\STM32F3xx_HAL_Driver\stm32f3xx_hal_rcc_ex.o
HAL_RCCEx_GetPeriphCLKFreq                        Drivers\STM32F3xx_HAL_Driver\stm32f3xx_hal_rcc_ex.o
HAL_RCCEx_PeriphCLKConfig                         Drivers\STM32F3xx_HAL_Driver\stm32f3xx_hal_rcc_ex.o
                                                  Application\User\main.o
HAL_RCC_CSSCallback                               Drivers\STM32F3xx_HAL_Driver\stm32f3xx_hal_rcc.o
HAL_RCC_ClockConfig                               Drivers\STM32F3xx_HAL_Driver\stm32f3xx_hal_rcc.o
                                                  Application\User\main.o
HAL_RCC_DeInit                                    Drivers\STM32F3xx_HAL_Driver\stm32f3xx_hal_rcc.o
HAL_RCC_DisableCSS                                Drivers\STM32F3xx_HAL_Driver\stm32f3xx_hal_rcc.o
HAL_RCC_EnableCSS                                 Drivers\STM32F3xx_HAL_Driver\stm32f3xx_hal_rcc.o
HAL_RCC_GetClockConfig                            Drivers\STM32F3xx_HAL_Driver\stm32f3xx_hal_rcc.o
HAL_RCC_GetHCLKFreq                               Drivers\STM32F3xx_HAL_Driver\stm32f3xx_hal_rcc.o
                                                  Application\User\main.o
                                                  Drivers\STM32F3xx_HAL_Driver\stm32f3xx_hal.o
HAL_RCC_GetOscConfig                              Drivers\STM32F3xx_HAL_Driver\stm32f3xx_hal_rcc.o
HAL_RCC_GetPCLK1Freq                              Drivers\STM32F3xx_HAL_Driver\stm32f3xx_hal_rcc.o
                                                  Drivers\STM32F3xx_HAL_Driver\stm32f3xx_hal_rcc_ex.o
                                                  Drivers\STM32F3xx_HAL_Driver\stm32f3xx_hal_uart.o
HAL_RCC_GetPCLK2Freq                              Drivers\STM32F3xx_HAL_Driver\stm32f3xx_hal_rcc.o
                                                  Drivers\STM32F3xx_HAL_Driver\stm32f3xx_hal_rcc_ex.o
                                                  Drivers\STM32F3xx_HAL_Driver\stm32f3xx_hal_uart.o
HAL_RCC_GetSysClockFreq                           Drivers\STM32F3xx_HAL_Driver\stm32f3xx_hal_rcc.o
                                                  Drivers\STM32F3xx_HAL_Driver\stm32f3xx_hal_rcc_ex.o
                                                  Drivers\STM32F3xx_HAL_Driver\stm32f3xx_hal_uart.o
HAL_RCC_MCOConfig                                 Drivers\STM32F3xx_HAL_Driver\stm32f3xx_hal_rcc.o
HAL_RCC_NMI_IRQHandler                            Drivers\STM32F3xx_HAL_Driver\stm32f3xx_hal_rcc.o
HAL_RCC_OscConfig                                 Drivers\STM32F3xx_HAL_Driver\stm32f3xx_hal_rcc.o
                                                  Application\User\main.o
HAL_RS485Ex_Init                                  Drivers\STM32F3xx_HAL_Driver\stm32f3xx_hal_uart_ex.o
HAL_ResumeTick                                    Drivers\STM32F3xx_HAL_Driver\stm32f3xx_hal.o
HAL_SYSTICK_CLKSourceConfig                       Drivers\STM32F3xx_HAL_Driver\stm32f3xx_hal_cortex.o
                                                  Application\User\main.o
HAL_SYSTICK_Callback                              Drivers\STM32F3xx_HAL_Driver\stm32f3xx_hal_cortex.o
HAL_SYSTICK_Config                                Drivers\STM32F3xx_HAL_Driver\stm32f3xx_hal_cortex.o
                                                  Application\User\main.o
                                                  Drivers\STM32F3xx_HAL_Driver\stm32f3xx_hal.o
HAL_SYSTICK_IRQHandler                            Drivers\STM32F3xx_HAL_Driver\stm32f3xx_hal_cortex.o
                                                  Application\User\stm32f3xx_it.o
HAL_SuspendTick                                   Drivers\STM32F3xx_HAL_Driver\stm32f3xx_hal.o
HAL_UARTEx_DisableStopMode                        Drivers\STM32F3xx_HAL_Driver\stm32f3xx_hal_uart_ex.o
HAL_UARTEx_EnableStopMode                         Drivers\STM32F3xx_HAL_Driver\stm32f3xx_hal_uart_ex.o
HAL_UARTEx_StopModeWakeUpSourceConfig             Drivers\STM32F3xx_HAL_Driver\stm32f3xx_hal_uart_ex.o
HAL_UARTEx_WakeupCallback                         Drivers\STM32F3xx_HAL_Driver\stm32f3xx_hal_uart_ex.o
                                                  Drivers\STM32F3xx_HAL_Driver\stm32f3xx_hal_uart.o
HAL_UART_DMAPause                                 Drivers\STM32F3xx_HAL_Driver\stm32f3xx_hal_uart.o
HAL_UART_DMAResume                                Drivers\STM32F3xx_HAL_Driver\stm32f3xx_hal_uart.o
HAL_UART_DMAStop                                  Drivers\STM32F3xx_HAL_Driver\stm32f3xx_hal_uart.o
HAL_UART_DeInit                                   Drivers\STM32F3xx_HAL_Driver\stm32f3xx_hal_uart.o
HAL_UART_ErrorCallback                            Drivers\STM32F3xx_HAL_Driver\stm32f3xx_hal_uart.o
HAL_UART_GetError                                 Drivers\STM32F3xx_HAL_Driver\stm32f3xx_hal_uart.o
HAL_UART_GetState                                 Drivers\STM32F3xx_HAL_Driver\stm32f3xx_hal_uart.o
HAL_UART_IRQHandler                               Drivers\STM32F3xx_HAL_Driver\stm32f3xx_hal_uart.o
                                                  Application\User\stm32f3xx_it.o
HAL_UART_Init                                     Drivers\STM32F3xx_HAL_Driver\stm32f3xx_hal_uart.o
                                                  Application\User\main.o
HAL_UART_MspDeInit                                Application\User\stm32f3xx_hal_msp.o
                                                  Drivers\STM32F3xx_HAL_Driver\stm32f3xx_hal_uart.o
HAL_UART_MspInit                                  Application\User\stm32f3xx_hal_msp.o
                                                  Drivers\STM32F3xx_HAL_Driver\stm32f3xx_hal_uart.o
                                                  Drivers\STM32F3xx_HAL_Driver\stm32f3xx_hal_uart_ex.o
HAL_UART_Receive                                  Drivers\STM32F3xx_HAL_Driver\stm32f3xx_hal_uart.o
HAL_UART_Receive_DMA                              Drivers\STM32F3xx_HAL_Driver\stm32f3xx_hal_uart.o
                                                  Application\User\main.o
HAL_UART_Receive_IT                               Drivers\STM32F3xx_HAL_Driver\stm32f3xx_hal_uart.o
HAL_UART_RxCpltCallback                           Application\User\main.o
                                                  Drivers\STM32F3xx_HAL_Driver\stm32f3xx_hal_uart.o
HAL_UART_RxHalfCpltCallback                       Drivers\STM32F3xx_HAL_Driver\stm32f3xx_hal_uart.o
HAL_UART_Transmit                                 Drivers\STM32F3xx_HAL_Driver\stm32f3xx_hal_uart.o
HAL_UART_Transmit_DMA                             Drivers\STM32F3xx_HAL_Driver\stm32f3xx_hal_uart.o
HAL_UART_Transmit_IT                              Drivers\STM32F3xx_HAL_Driver\stm32f3xx_hal_uart.o
                                                  Application\User\main.o
HAL_UART_TxCpltCallback                           Drivers\STM32F3xx_HAL_Driver\stm32f3xx_hal_uart.o
HAL_UART_TxHalfCpltCallback                       Drivers\STM32F3xx_HAL_Driver\stm32f3xx_hal_uart.o
HardFault_Handler                                 Application\TrueSTUDIO\startup_stm32f303xe.o
I2C1_ER_IRQHandler                                Application\TrueSTUDIO\startup_stm32f303xe.o
I2C1_EV_IRQHandler                                Application\TrueSTUDIO\startup_stm32f303xe.o
I2C2_ER_IRQHandler                                Application\TrueSTUDIO\startup_stm32f303xe.o
I2C2_EV_IRQHandler                                Application\TrueSTUDIO\startup_stm32f303xe.o
I2C3_ER_IRQHandler                                Application\TrueSTUDIO\startup_stm32f303xe.o
I2C3_EV_IRQHandler                                Application\TrueSTUDIO\startup_stm32f303xe.o
MemManage_Handler                                 Application\TrueSTUDIO\startup_stm32f303xe.o
NMI_Handler                                       Application\TrueSTUDIO\startup_stm32f303xe.o
PVD_IRQHandler                                    Application\TrueSTUDIO\startup_stm32f303xe.o
PendSV_Handler                                    Application\TrueSTUDIO\startup_stm32f303xe.o
RCC_IRQHandler                                    Application\TrueSTUDIO\startup_stm32f303xe.o
RTC_Alarm_IRQHandler                              Application\TrueSTUDIO\startup_stm32f303xe.o
RTC_WKUP_IRQHandler                               Application\TrueSTUDIO\startup_stm32f303xe.o
Reset_Handler                                     Application\TrueSTUDIO\startup_stm32f303xe.o
SPI1_IRQHandler                                   Application\TrueSTUDIO\startup_stm32f303xe.o
SPI2_IRQHandler                                   Application\TrueSTUDIO\startup_stm32f303xe.o
SPI3_IRQHandler                                   Application\TrueSTUDIO\startup_stm32f303xe.o
SPI4_IRQHandler                                   Application\TrueSTUDIO\startup_stm32f303xe.o
SVC_Handler                                       Application\TrueSTUDIO\startup_stm32f303xe.o
SysTick_Handler                                   Application\User\stm32f3xx_it.o
SystemClock_Config                                Application\User\main.o
SystemCoreClock                                   Drivers\CMSIS\system_stm32f3xx.o
                                                  Drivers\STM32F3xx_HAL_Driver\stm32f3xx_hal_rcc.o
                                                  Drivers\STM32F3xx_HAL_Driver\stm32f3xx_hal_rcc_ex.o
SystemCoreClockUpdate                             Drivers\CMSIS\system_stm32f3xx.o
SystemInit                                        Drivers\CMSIS\system_stm32f3xx.o
                                                  Application\TrueSTUDIO\startup_stm32f303xe.o
TAMP_STAMP_IRQHandler                             Application\TrueSTUDIO\startup_stm32f303xe.o
TIM1_BRK_TIM15_IRQHandler                         Application\TrueSTUDIO\startup_stm32f303xe.o
TIM1_CC_IRQHandler                                Application\TrueSTUDIO\startup_stm32f303xe.o
TIM1_TRG_COM_TIM17_IRQHandler                     Application\TrueSTUDIO\startup_stm32f303xe.o
TIM1_UP_TIM16_IRQHandler                          Application\TrueSTUDIO\startup_stm32f303xe.o
TIM20_BRK_IRQHandler                              Application\TrueSTUDIO\startup_stm32f303xe.o
TIM20_CC_IRQHandler                               Application\TrueSTUDIO\startup_stm32f303xe.o
TIM20_TRG_COM_IRQHandler                          Application\TrueSTUDIO\startup_stm32f303xe.o
TIM20_UP_IRQHandler                               Application\TrueSTUDIO\startup_stm32f303xe.o
TIM2_IRQHandler                                   Application\TrueSTUDIO\startup_stm32f303xe.o
TIM3_IRQHandler                                   Application\TrueSTUDIO\startup_stm32f303xe.o
TIM4_IRQHandler                                   Application\TrueSTUDIO\startup_stm32f303xe.o
TIM6_DAC_IRQHandler                               Application\TrueSTUDIO\startup_stm32f303xe.o
TIM7_IRQHandler                                   Application\TrueSTUDIO\startup_stm32f303xe.o
TIM8_BRK_IRQHandler                               Application\TrueSTUDIO\startup_stm32f303xe.o
TIM8_CC_IRQHandler                                Application\TrueSTUDIO\startup_stm32f303xe.o
TIM8_TRG_COM_IRQHandler                           Application\TrueSTUDIO\startup_stm32f303xe.o
TIM8_UP_IRQHandler                                Application\TrueSTUDIO\startup_stm32f303xe.o
UART4_IRQHandler                                  Application\TrueSTUDIO\startup_stm32f303xe.o
UART5_IRQHandler                                  Application\TrueSTUDIO\startup_stm32f303xe.o
UART_AdvFeatureConfig                             Drivers\STM32F3xx_HAL_Driver\stm32f3xx_hal_uart.o
                                                  Drivers\STM32F3xx_HAL_Driver\stm32f3xx_hal_uart_ex.o
UART_Aviable                                      Application\User\main.o
UART_CheckIdleState                               Drivers\STM32F3xx_HAL_Driver\stm32f3xx_hal_uart.o
                                                  Drivers\STM32F3xx_HAL_Driver\stm32f3xx_hal_uart_ex.o
UART_EndTransmit_IT                               Drivers\STM32F3xx_HAL_Driver\stm32f3xx_hal_uart.o
UART_RING_BUFFER_Init                             Application\User\main.o
UART_Read                                         Application\User\main.o
UART_Receive_IT                                   Drivers\STM32F3xx_HAL_Driver\stm32f3xx_hal_uart.o
UART_SetConfig                                    Drivers\STM32F3xx_HAL_Driver\stm32f3xx_hal_uart.o
                                                  Drivers\STM32F3xx_HAL_Driver\stm32f3xx_hal_uart_ex.o
UART_Transmit_IT                                  Drivers\STM32F3xx_HAL_Driver\stm32f3xx_hal_uart.o
UART_WaitOnFlagUntilTimeout                       Drivers\STM32F3xx_HAL_Driver\stm32f3xx_hal_uart.o
                                                  Drivers\STM32F3xx_HAL_Driver\stm32f3xx_hal_uart_ex.o
UART_Wakeup_AddressConfig                         Drivers\STM32F3xx_HAL_Driver\stm32f3xx_hal_uart.o
                                                  Drivers\STM32F3xx_HAL_Driver\stm32f3xx_hal_uart_ex.o
USART1_IRQHandler                                 Application\User\stm32f3xx_it.o
USART2_IRQHandler                                 Application\User\stm32f3xx_it.o
USART3_IRQHandler                                 Application\TrueSTUDIO\startup_stm32f303xe.o
USBWakeUp_IRQHandler                              Application\TrueSTUDIO\startup_stm32f303xe.o
USBWakeUp_RMP_IRQHandler                          Application\TrueSTUDIO\startup_stm32f303xe.o
USB_HP_CAN_TX_IRQHandler                          Application\TrueSTUDIO\startup_stm32f303xe.o
USB_HP_IRQHandler                                 Application\TrueSTUDIO\startup_stm32f303xe.o
USB_LP_CAN_RX0_IRQHandler                         Application\TrueSTUDIO\startup_stm32f303xe.o
USB_LP_IRQHandler                                 Application\TrueSTUDIO\startup_stm32f303xe.o
UsageFault_Handler                                Application\TrueSTUDIO\startup_stm32f303xe.o
WWDG_IRQHandler                                   Application\TrueSTUDIO\startup_stm32f303xe.o
__aeabi_llsr                                      c:/program files (x86)/atollic/truestudio for arm 5.4.0/armtools/bin/../lib/gcc/arm-atollic-eabi/4.8.3/armv7e-m/fpu\libgcc.a(_lshrdi3.o)
                                                  Drivers\STM32F3xx_HAL_Driver\stm32f3xx_hal_flash.o
__deregister_frame_info                           c:/program files (x86)/atollic/truestudio for arm 5.4.0/armtools/bin/../lib/gcc/arm-atollic-eabi/4.8.3/armv7e-m/fpu/crtbegin.o
__dso_handle                                      c:/program files (x86)/atollic/truestudio for arm 5.4.0/armtools/bin/../lib/gcc/arm-atollic-eabi/4.8.3/armv7e-m/fpu/crtbegin.o
__init_array_end                                  c:/program files (x86)/atollic/truestudio for arm 5.4.0/armtools/bin/../lib/gcc/arm-atollic-eabi/4.8.3/../../../../arm-atollic-eabi/lib/armv7e-m/fpu\libc.a(lib_a-init.o)
__init_array_start                                c:/program files (x86)/atollic/truestudio for arm 5.4.0/armtools/bin/../lib/gcc/arm-atollic-eabi/4.8.3/../../../../arm-atollic-eabi/lib/armv7e-m/fpu\libc.a(lib_a-init.o)
__libc_init_array                                 c:/program files (x86)/atollic/truestudio for arm 5.4.0/armtools/bin/../lib/gcc/arm-atollic-eabi/4.8.3/../../../../arm-atollic-eabi/lib/armv7e-m/fpu\libc.a(lib_a-init.o)
                                                  Application\TrueSTUDIO\startup_stm32f303xe.o
__lshrdi3                                         c:/program files (x86)/atollic/truestudio for arm 5.4.0/armtools/bin/../lib/gcc/arm-atollic-eabi/4.8.3/armv7e-m/fpu\libgcc.a(_lshrdi3.o)
__preinit_array_end                               c:/program files (x86)/atollic/truestudio for arm 5.4.0/armtools/bin/../lib/gcc/arm-atollic-eabi/4.8.3/../../../../arm-atollic-eabi/lib/armv7e-m/fpu\libc.a(lib_a-init.o)
__preinit_array_start                             c:/program files (x86)/atollic/truestudio for arm 5.4.0/armtools/bin/../lib/gcc/arm-atollic-eabi/4.8.3/../../../../arm-atollic-eabi/lib/armv7e-m/fpu\libc.a(lib_a-init.o)
__register_frame_info                             c:/program files (x86)/atollic/truestudio for arm 5.4.0/armtools/bin/../lib/gcc/arm-atollic-eabi/4.8.3/armv7e-m/fpu/crtbegin.o
_ebss                                             Application\TrueSTUDIO\startup_stm32f303xe.o
_edata                                            Application\TrueSTUDIO\startup_stm32f303xe.o
_estack                                           Application\TrueSTUDIO\startup_stm32f303xe.o
_fini                                             c:/program files (x86)/atollic/truestudio for arm 5.4.0/armtools/bin/../lib/gcc/arm-atollic-eabi/4.8.3/armv7e-m/fpu/crti.o
_init                                             c:/program files (x86)/atollic/truestudio for arm 5.4.0/armtools/bin/../lib/gcc/arm-atollic-eabi/4.8.3/armv7e-m/fpu/crti.o
                                                  c:/program files (x86)/atollic/truestudio for arm 5.4.0/armtools/bin/../lib/gcc/arm-atollic-eabi/4.8.3/../../../../arm-atollic-eabi/lib/armv7e-m/fpu\libc.a(lib_a-init.o)
_sbss                                             Application\TrueSTUDIO\startup_stm32f303xe.o
_sdata                                            Application\TrueSTUDIO\startup_stm32f303xe.o
_sidata                                           Application\TrueSTUDIO\startup_stm32f303xe.o
aAPBAHBPrescTable                                 Drivers\STM32F3xx_HAL_Driver\stm32f3xx_hal_rcc.o
aPLLMULFactorTable                                Drivers\STM32F3xx_HAL_Driver\stm32f3xx_hal_rcc.o
aPredivFactorTable                                Drivers\STM32F3xx_HAL_Driver\stm32f3xx_hal_rcc.o
debugUart                                         Application\User\main.o
debug_RxBuf                                       Application\User\main.o
fingerUart                                        Application\User\main.o
finger_RxBuf                                      Application\User\main.o
g_pfnVectors                                      Application\TrueSTUDIO\startup_stm32f303xe.o
hdma_usart1_rx                                    Application\User\main.o
                                                  Application\User\stm32f3xx_hal_msp.o
                                                  Application\User\stm32f3xx_it.o
hdma_usart2_rx                                    Application\User\main.o
                                                  Application\User\stm32f3xx_hal_msp.o
                                                  Application\User\stm32f3xx_it.o
huart1                                            Application\User\main.o
                                                  Application\User\stm32f3xx_it.o
huart2                                            Application\User\main.o
                                                  Application\User\stm32f3xx_it.o
main                                              Application\User\main.o
                                                  Application\TrueSTUDIO\startup_stm32f303xe.o
memset                                            c:/program files (x86)/atollic/truestudio for arm 5.4.0/armtools/bin/../lib/gcc/arm-atollic-eabi/4.8.3/../../../../arm-atollic-eabi/lib/armv7e-m/fpu\libc.a(lib_a-memset.o)
                                                  Drivers\STM32F3xx_HAL_Driver\stm32f3xx_hal_rcc.o
msg                                               Application\User\main.o
pFlash                                            Drivers\STM32F3xx_HAL_Driver\stm32f3xx_hal_flash.o
                                                  Drivers\STM32F3xx_HAL_Driver\stm32f3xx_hal_flash_ex.o
